Initialized native services in: /home/runner/.gradle/native
Initialized jansi services in: /home/runner/.gradle/native

Welcome to Gradle 8.2.1!

Here are the highlights of this release:
 - Kotlin DSL: new reference documentation, assignment syntax by default
 - Kotlin DSL is now the default with Gradle init
 - Improved suggestions to resolve errors in console output
 - Reduced sync memory consumption

For more details see https://docs.gradle.org/8.2.1/release-notes.html

Received JVM installation metadata from '/usr/lib/jvm/temurin-17-jdk-amd64': {JAVA_HOME=/usr/lib/jvm/temurin-17-jdk-amd64, JAVA_VERSION=17.0.19, JAVA_VENDOR=Eclipse Adoptium, RUNTIME_NAME=OpenJDK Runtime Environment, RUNTIME_VERSION=17.0.19+10, VM_NAME=OpenJDK 64-Bit Server VM, VM_VERSION=17.0.19+10, VM_VENDOR=Eclipse Adoptium, OS_ARCH=amd64}
Removing 0 daemon stop events from registry
Starting a Gradle Daemon (subsequent builds will be faster)
Starting process 'Gradle build daemon'. Working directory: /home/runner/.gradle/daemon/8.2.1 Command: /usr/lib/jvm/temurin-17-jdk-amd64/bin/java --add-opens=java.base/java.util=ALL-UNNAMED --add-opens=java.base/java.lang=ALL-UNNAMED --add-opens=java.base/java.lang.invoke=ALL-UNNAMED --add-opens=java.prefs/java.util.prefs=ALL-UNNAMED --add-opens=java.base/java.nio.charset=ALL-UNNAMED --add-opens=java.base/java.net=ALL-UNNAMED --add-opens=java.base/java.util.concurrent.atomic=ALL-UNNAMED -XX:MaxMetaspaceSize=384m -XX:+HeapDumpOnOutOfMemoryError -Xms256m -Xmx512m -Dfile.encoding=UTF-8 -Duser.country -Duser.language=en -Duser.variant -cp /home/runner/gradle-installations/installs/gradle-8.2.1/lib/gradle-launcher-8.2.1.jar -javaagent:/home/runner/gradle-installations/installs/gradle-8.2.1/lib/agents/gradle-instrumentation-agent-8.2.1.jar org.gradle.launcher.daemon.bootstrap.GradleDaemon 8.2.1
Successfully started process 'Gradle build daemon'
An attempt to start the daemon took 1.271 secs.
The client will now receive all logging from the daemon (pid: 2409). The daemon log file: /home/runner/.gradle/daemon/8.2.1/daemon-2409.out.log
Starting build in new daemon [memory: 512 MiB]
Closing daemon's stdin at end of input.
The daemon will no longer process any standard input.
Using 4 worker leases.
Received JVM installation metadata from '/usr/lib/jvm/temurin-17-jdk-amd64': {JAVA_HOME=/usr/lib/jvm/temurin-17-jdk-amd64, JAVA_VERSION=17.0.19, JAVA_VENDOR=Eclipse Adoptium, RUNTIME_NAME=OpenJDK Runtime Environment, RUNTIME_VERSION=17.0.19+10, VM_NAME=OpenJDK 64-Bit Server VM, VM_VERSION=17.0.19+10, VM_VENDOR=Eclipse Adoptium, OS_ARCH=amd64}
Watching the file system is configured to be enabled if available
Now considering [/home/runner/work/echoSystem-native2/echoSystem-native2] as hierarchies to watch
File system watching is active
Compiling initialization script '/home/runner/.gradle/init.d/gradle-actions.build-result-capture.init.gradle' using SubsetScriptTransformer.
Compiling initialization script '/home/runner/.gradle/init.d/gradle-actions.build-result-capture.init.gradle' using BuildScriptTransformer.
Compiling initialization script '/home/runner/.gradle/init.d/gradle-actions.github-dependency-graph.init.gradle' using SubsetScriptTransformer.
Compiling initialization script '/home/runner/.gradle/init.d/gradle-actions.github-dependency-graph.init.gradle' using BuildScriptTransformer.
Compiling initialization script '/home/runner/.gradle/init.d/gradle-actions.inject-develocity.init.gradle' using SubsetScriptTransformer.
Compiling initialization script '/home/runner/.gradle/init.d/gradle-actions.inject-develocity.init.gradle' using BuildScriptTransformer.
Starting Build
Compiling settings file '/home/runner/work/echoSystem-native2/echoSystem-native2/settings.gradle' using SubsetScriptTransformer.
Compiling settings file '/home/runner/work/echoSystem-native2/echoSystem-native2/settings.gradle' using BuildScriptTransformer.
Settings evaluated using settings file '/home/runner/work/echoSystem-native2/echoSystem-native2/settings.gradle'.
Compiling script '/home/runner/.gradle/init.d/gradle-actions.build-result-capture-service.plugin.groovy' using SubsetScriptTransformer.
Compiling script '/home/runner/.gradle/init.d/gradle-actions.build-result-capture-service.plugin.groovy' using BuildScriptTransformer.
Projects loaded. Root project using build file '/home/runner/work/echoSystem-native2/echoSystem-native2/build.gradle'.
Included projects: [root project 'LocalShare', project ':app']

> Configure project :
Evaluating root project 'LocalShare' using build file '/home/runner/work/echoSystem-native2/echoSystem-native2/build.gradle'.
Compiling build file '/home/runner/work/echoSystem-native2/echoSystem-native2/build.gradle' using SubsetScriptTransformer.
The configuration detachedConfiguration1 is both resolvable and consumable. This is considered a legacy configuration and it will eventually only be possible to be one of these.
The configuration detachedConfiguration1 is both consumable and declarable. This combination is incorrect, only one of these flags should be set.
The configuration detachedConfiguration1 is both resolvable and consumable. This is considered a legacy configuration and it will eventually only be possible to be one of these.
The configuration detachedConfiguration1 is both consumable and declarable. This combination is incorrect, only one of these flags should be set.
Downloading https://dl.google.com/dl/android/maven2/com/android/application/com.android.application.gradle.plugin/8.1.2/com.android.application.gradle.plugin-8.1.2.pom to /home/runner/.gradle/.tmp/gradle_download8953690876786151782bin
The configuration detachedConfiguration2 is both resolvable and consumable. This is considered a legacy configuration and it will eventually only be possible to be one of these.
The configuration detachedConfiguration2 is both consumable and declarable. This combination is incorrect, only one of these flags should be set.
The configuration detachedConfiguration2 is both resolvable and consumable. This is considered a legacy configuration and it will eventually only be possible to be one of these.
The configuration detachedConfiguration2 is both consumable and declarable. This combination is incorrect, only one of these flags should be set.
Downloading https://dl.google.com/dl/android/maven2/com/android/library/com.android.library.gradle.plugin/8.1.2/com.android.library.gradle.plugin-8.1.2.pom to /home/runner/.gradle/.tmp/gradle_download14878715914400778975bin
The configuration detachedConfiguration3 is both resolvable and consumable. This is considered a legacy configuration and it will eventually only be possible to be one of these.
The configuration detachedConfiguration3 is both consumable and declarable. This combination is incorrect, only one of these flags should be set.
The configuration detachedConfiguration3 is both resolvable and consumable. This is considered a legacy configuration and it will eventually only be possible to be one of these.
The configuration detachedConfiguration3 is both consumable and declarable. This combination is incorrect, only one of these flags should be set.
Resource missing. [HTTP GET: https://dl.google.com/dl/android/maven2/org/jetbrains/kotlin/android/org.jetbrains.kotlin.android.gradle.plugin/1.9.22/org.jetbrains.kotlin.android.gradle.plugin-1.9.22.pom]
Downloading https://repo.maven.apache.org/maven2/org/jetbrains/kotlin/android/org.jetbrains.kotlin.android.gradle.plugin/1.9.22/org.jetbrains.kotlin.android.gradle.plugin-1.9.22.pom to /home/runner/.gradle/.tmp/gradle_download9077287725952655907bin
The configuration detachedConfiguration4 is both resolvable and consumable. This is considered a legacy configuration and it will eventually only be possible to be one of these.
The configuration detachedConfiguration4 is both consumable and declarable. This combination is incorrect, only one of these flags should be set.
The configuration detachedConfiguration4 is both resolvable and consumable. This is considered a legacy configuration and it will eventually only be possible to be one of these.
The configuration detachedConfiguration4 is both consumable and declarable. This combination is incorrect, only one of these flags should be set.
Resource missing. [HTTP GET: https://dl.google.com/dl/android/maven2/org/jetbrains/kotlin/plugin/serialization/org.jetbrains.kotlin.plugin.serialization.gradle.plugin/1.9.22/org.jetbrains.kotlin.plugin.serialization.gradle.plugin-1.9.22.pom]
Downloading https://repo.maven.apache.org/maven2/org/jetbrains/kotlin/plugin/serialization/org.jetbrains.kotlin.plugin.serialization.gradle.plugin/1.9.22/org.jetbrains.kotlin.plugin.serialization.gradle.plugin-1.9.22.pom to /home/runner/.gradle/.tmp/gradle_download6422917849684612413bin
The configuration detachedConfiguration5 is both resolvable and consumable. This is considered a legacy configuration and it will eventually only be possible to be one of these.
The configuration detachedConfiguration5 is both consumable and declarable. This combination is incorrect, only one of these flags should be set.
The configuration detachedConfiguration5 is both resolvable and consumable. This is considered a legacy configuration and it will eventually only be possible to be one of these.
The configuration detachedConfiguration5 is both consumable and declarable. This combination is incorrect, only one of these flags should be set.
Resource missing. [HTTP GET: https://dl.google.com/dl/android/maven2/com/google/dagger/hilt/android/com.google.dagger.hilt.android.gradle.plugin/2.50/com.google.dagger.hilt.android.gradle.plugin-2.50.pom]
Downloading https://repo.maven.apache.org/maven2/com/google/dagger/hilt/android/com.google.dagger.hilt.android.gradle.plugin/2.50/com.google.dagger.hilt.android.gradle.plugin-2.50.pom to /home/runner/.gradle/.tmp/gradle_download12380301067704983118bin
Resource missing. [HTTP GET: https://dl.google.com/dl/android/maven2/org/sonatype/oss/oss-parent/7/oss-parent-7.pom]
Downloading https://repo.maven.apache.org/maven2/org/sonatype/oss/oss-parent/7/oss-parent-7.pom to /home/runner/.gradle/.tmp/gradle_download7080799938404564516bin
The configuration :classpath is both resolvable and consumable. This is considered a legacy configuration and it will eventually only be possible to be one of these.
The configuration :classpath is both consumable and declarable. This combination is incorrect, only one of these flags should be set.
The configuration :classpath is both resolvable and consumable. This is considered a legacy configuration and it will eventually only be possible to be one of these.
The configuration :classpath is both consumable and declarable. This combination is incorrect, only one of these flags should be set.
Downloading https://dl.google.com/dl/android/maven2/com/android/tools/build/gradle/8.1.2/gradle-8.1.2.pom to /home/runner/.gradle/.tmp/gradle_download1748502335373387116bin
Downloading https://dl.google.com/dl/android/maven2/com/android/tools/build/gradle/8.1.2/gradle-8.1.2.module to /home/runner/.gradle/.tmp/gradle_download11067374513011840593bin
Resource missing. [HTTP GET: https://dl.google.com/dl/android/maven2/org/jetbrains/kotlin/kotlin-gradle-plugin/1.9.22/kotlin-gradle-plugin-1.9.22.pom]
Downloading https://repo.maven.apache.org/maven2/org/jetbrains/kotlin/kotlin-gradle-plugin/1.9.22/kotlin-gradle-plugin-1.9.22.pom to /home/runner/.gradle/.tmp/gradle_download15938569497261358624bin
Resource missing. [HTTP GET: https://dl.google.com/dl/android/maven2/org/jetbrains/kotlin/kotlin-gradle-plugins-bom/1.9.22/kotlin-gradle-plugins-bom-1.9.22.pom]
Downloading https://repo.maven.apache.org/maven2/org/jetbrains/kotlin/kotlin-gradle-plugins-bom/1.9.22/kotlin-gradle-plugins-bom-1.9.22.pom to /home/runner/.gradle/.tmp/gradle_download296767196371285952bin
Downloading https://repo.maven.apache.org/maven2/org/jetbrains/kotlin/kotlin-gradle-plugins-bom/1.9.22/kotlin-gradle-plugins-bom-1.9.22.module to /home/runner/.gradle/.tmp/gradle_download16586748501747634986bin
Downloading https://repo.maven.apache.org/maven2/org/jetbrains/kotlin/kotlin-gradle-plugin/1.9.22/kotlin-gradle-plugin-1.9.22.module to /home/runner/.gradle/.tmp/gradle_download11171516825470884613bin
Resource missing. [HTTP GET: https://dl.google.com/dl/android/maven2/org/jetbrains/kotlin/kotlin-serialization/1.9.22/kotlin-serialization-1.9.22.pom]
Downloading https://repo.maven.apache.org/maven2/org/jetbrains/kotlin/kotlin-serialization/1.9.22/kotlin-serialization-1.9.22.pom to /home/runner/.gradle/.tmp/gradle_download4906741136649571667bin
Downloading https://repo.maven.apache.org/maven2/org/jetbrains/kotlin/kotlin-serialization/1.9.22/kotlin-serialization-1.9.22.module to /home/runner/.gradle/.tmp/gradle_download6949952402264472650bin
Resource missing. [HTTP GET: https://dl.google.com/dl/android/maven2/com/google/dagger/hilt-android-gradle-plugin/2.50/hilt-android-gradle-plugin-2.50.pom]
Downloading https://repo.maven.apache.org/maven2/com/google/dagger/hilt-android-gradle-plugin/2.50/hilt-android-gradle-plugin-2.50.pom to /home/runner/.gradle/.tmp/gradle_download12966040252220457312bin
Resource missing. [HTTP GET: https://dl.google.com/dl/android/maven2/org/jetbrains/kotlin/kotlin-bom/1.9.20/kotlin-bom-1.9.20.pom]
Downloading https://repo.maven.apache.org/maven2/org/jetbrains/kotlin/kotlin-bom/1.9.20/kotlin-bom-1.9.20.pom to /home/runner/.gradle/.tmp/gradle_download14127144024268107945bin
Downloading https://dl.google.com/dl/android/maven2/com/android/tools/sdklib/31.1.2/sdklib-31.1.2.pom to /home/runner/.gradle/.tmp/gradle_download6419496746346810610bin
Downloading https://dl.google.com/dl/android/maven2/com/android/tools/sdk-common/31.1.2/sdk-common-31.1.2.pom to /home/runner/.gradle/.tmp/gradle_download17974931592656464077bin
Downloading https://dl.google.com/dl/android/maven2/com/android/tools/build/gradle-settings-api/8.1.2/gradle-settings-api-8.1.2.pom to /home/runner/.gradle/.tmp/gradle_download2130497705399943294bin
Downloading https://dl.google.com/dl/android/maven2/com/android/tools/build/aapt2-proto/8.1.2-10154469/aapt2-proto-8.1.2-10154469.pom to /home/runner/.gradle/.tmp/gradle_download4767369485378904706bin
Downloading https://dl.google.com/dl/android/maven2/com/android/tools/ddms/ddmlib/31.1.2/ddmlib-31.1.2.pom to /home/runner/.gradle/.tmp/gradle_download705180530936095785bin
Downloading https://dl.google.com/dl/android/maven2/com/android/tools/build/gradle-settings-api/8.1.2/gradle-settings-api-8.1.2.module to /home/runner/.gradle/.tmp/gradle_download7435914715770364860bin
Downloading https://dl.google.com/dl/android/maven2/com/android/tools/build/aaptcompiler/8.1.2/aaptcompiler-8.1.2.pom to /home/runner/.gradle/.tmp/gradle_download13744655407045835004bin
Downloading https://dl.google.com/dl/android/maven2/com/android/tools/build/aapt2-proto/8.1.2-10154469/aapt2-proto-8.1.2-10154469.module to /home/runner/.gradle/.tmp/gradle_download2443327396824519885bin
Downloading https://dl.google.com/dl/android/maven2/com/android/tools/repository/31.1.2/repository-31.1.2.pom to /home/runner/.gradle/.tmp/gradle_download15362518730348683361bin
Downloading https://dl.google.com/dl/android/maven2/com/android/tools/build/aaptcompiler/8.1.2/aaptcompiler-8.1.2.module to /home/runner/.gradle/.tmp/gradle_download2575887691399811015bin
Downloading https://dl.google.com/dl/android/maven2/com/android/tools/analytics-library/crash/31.1.2/crash-31.1.2.pom to /home/runner/.gradle/.tmp/gradle_download5462406866599244082bin
Downloading https://dl.google.com/dl/android/maven2/androidx/databinding/databinding-compiler-common/8.1.2/databinding-compiler-common-8.1.2.pom to /home/runner/.gradle/.tmp/gradle_download9792624872180185303bin
Downloading https://dl.google.com/dl/android/maven2/com/android/tools/analytics-library/shared/31.1.2/shared-31.1.2.pom to /home/runner/.gradle/.tmp/gradle_download13364738270062816570bin
Downloading https://dl.google.com/dl/android/maven2/com/android/tools/lint/lint-model/31.1.2/lint-model-31.1.2.pom to /home/runner/.gradle/.tmp/gradle_download2561216215903301464bin
Downloading https://dl.google.com/dl/android/maven2/androidx/databinding/databinding-common/8.1.2/databinding-common-8.1.2.pom to /home/runner/.gradle/.tmp/gradle_download2010094067557969892bin
Downloading https://dl.google.com/dl/android/maven2/com/android/tools/lint/lint-typedef-remover/31.1.2/lint-typedef-remover-31.1.2.pom to /home/runner/.gradle/.tmp/gradle_download12640253353026458405bin
Downloading https://dl.google.com/dl/android/maven2/com/android/tools/build/builder-test-api/8.1.2/builder-test-api-8.1.2.pom to /home/runner/.gradle/.tmp/gradle_download13601246764648654199bin
Downloading https://dl.google.com/dl/android/maven2/com/android/tools/utp/android-device-provider-ddmlib-proto/31.1.2/android-device-provider-ddmlib-proto-31.1.2.pom to /home/runner/.gradle/.tmp/gradle_download14508938423447186883bin
Downloading https://dl.google.com/dl/android/maven2/com/android/tools/build/builder-test-api/8.1.2/builder-test-api-8.1.2.module to /home/runner/.gradle/.tmp/gradle_download17792916279434156299bin
Downloading https://dl.google.com/dl/android/maven2/com/android/databinding/baseLibrary/8.1.2/baseLibrary-8.1.2.pom to /home/runner/.gradle/.tmp/gradle_download13668105669598800265bin
Downloading https://dl.google.com/dl/android/maven2/com/android/tools/layoutlib/layoutlib-api/31.1.2/layoutlib-api-31.1.2.pom to /home/runner/.gradle/.tmp/gradle_download6667281673667610282bin
Downloading https://dl.google.com/dl/android/maven2/com/android/tools/utp/android-test-plugin-host-additional-test-output-proto/31.1.2/android-test-plugin-host-additional-test-output-proto-31.1.2.pom to /home/runner/.gradle/.tmp/gradle_download7678128279375621500bin
Downloading https://dl.google.com/dl/android/maven2/com/android/tools/utp/android-test-plugin-host-emulator-control-proto/31.1.2/android-test-plugin-host-emulator-control-proto-31.1.2.pom to /home/runner/.gradle/.tmp/gradle_download5388454644990549562bin
Downloading https://dl.google.com/dl/android/maven2/com/android/tools/utp/android-device-provider-gradle-proto/31.1.2/android-device-provider-gradle-proto-31.1.2.pom to /home/runner/.gradle/.tmp/gradle_download12350065615766513112bin
Downloading https://dl.google.com/dl/android/maven2/com/android/tools/utp/android-test-plugin-host-logcat-proto/31.1.2/android-test-plugin-host-logcat-proto-31.1.2.pom to /home/runner/.gradle/.tmp/gradle_download7079864124164894798bin
Downloading https://dl.google.com/dl/android/maven2/com/android/tools/utp/android-test-plugin-host-coverage-proto/31.1.2/android-test-plugin-host-coverage-proto-31.1.2.pom to /home/runner/.gradle/.tmp/gradle_download3300175669709281736bin
Downloading https://dl.google.com/dl/android/maven2/com/android/tools/utp/android-test-plugin-host-retention-proto/31.1.2/android-test-plugin-host-retention-proto-31.1.2.pom to /home/runner/.gradle/.tmp/gradle_download6014867146261438089bin
Downloading https://dl.google.com/dl/android/maven2/com/android/tools/utp/android-test-plugin-host-apk-installer-proto/31.1.2/android-test-plugin-host-apk-installer-proto-31.1.2.pom to /home/runner/.gradle/.tmp/gradle_download9785597593669197617bin
Resource missing. [HTTP GET: https://dl.google.com/dl/android/maven2/org/jetbrains/kotlin/kotlin-stdlib-jdk8/1.8.20-RC2/kotlin-stdlib-jdk8-1.8.20-RC2.pom]
Downloading https://dl.google.com/dl/android/maven2/com/android/tools/build/transform-api/2.0.0-deprecated-use-gradle-api/transform-api-2.0.0-deprecated-use-gradle-api.pom to /home/runner/.gradle/.tmp/gradle_download11039002715921068597bin
Downloading https://dl.google.com/dl/android/maven2/com/android/tools/utp/android-test-plugin-result-listener-gradle-proto/31.1.2/android-test-plugin-result-listener-gradle-proto-31.1.2.pom to /home/runner/.gradle/.tmp/gradle_download1016175200548568097bin
Downloading https://repo.maven.apache.org/maven2/org/jetbrains/kotlin/kotlin-stdlib-jdk8/1.8.20-RC2/kotlin-stdlib-jdk8-1.8.20-RC2.pom to /home/runner/.gradle/.tmp/gradle_download8155404779956801762bin
Resource missing. [HTTP GET: https://dl.google.com/dl/android/maven2/org/apache/httpcomponents/httpmime/4.5.6/httpmime-4.5.6.pom]
Resource missing. [HTTP GET: https://dl.google.com/dl/android/maven2/commons-io/commons-io/2.4/commons-io-2.4.pom]
Resource missing. [HTTP GET: https://dl.google.com/dl/android/maven2/org/ow2/asm/asm/9.2/asm-9.2.pom]
Resource missing. [HTTP GET: https://dl.google.com/dl/android/maven2/org/ow2/asm/asm-analysis/9.2/asm-analysis-9.2.pom]
Downloading https://repo.maven.apache.org/maven2/org/apache/httpcomponents/httpmime/4.5.6/httpmime-4.5.6.pom to /home/runner/.gradle/.tmp/gradle_download13020363984940420871bin
Downloading https://repo.maven.apache.org/maven2/commons-io/commons-io/2.4/commons-io-2.4.pom to /home/runner/.gradle/.tmp/gradle_download10994303018113008375bin
Downloading https://repo.maven.apache.org/maven2/org/ow2/asm/asm/9.2/asm-9.2.pom to /home/runner/.gradle/.tmp/gradle_download6361225540340948506bin
Downloading https://repo.maven.apache.org/maven2/org/ow2/asm/asm-analysis/9.2/asm-analysis-9.2.pom to /home/runner/.gradle/.tmp/gradle_download14090102757684521941bin
Resource missing. [HTTP GET: https://dl.google.com/dl/android/maven2/org/apache/httpcomponents/httpcomponents-client/4.5.6/httpcomponents-client-4.5.6.pom]
Resource missing. [HTTP GET: https://dl.google.com/dl/android/maven2/org/apache/commons/commons-parent/25/commons-parent-25.pom]
Resource missing. [HTTP GET: https://dl.google.com/dl/android/maven2/org/ow2/ow2/1.5/ow2-1.5.pom]
Downloading https://repo.maven.apache.org/maven2/org/apache/commons/commons-parent/25/commons-parent-25.pom to /home/runner/.gradle/.tmp/gradle_download16241513085411474103bin
Downloading https://repo.maven.apache.org/maven2/org/apache/httpcomponents/httpcomponents-client/4.5.6/httpcomponents-client-4.5.6.pom to /home/runner/.gradle/.tmp/gradle_download11600551446156484022bin
Downloading https://repo.maven.apache.org/maven2/org/ow2/ow2/1.5/ow2-1.5.pom to /home/runner/.gradle/.tmp/gradle_download10968315627399348825bin
Resource missing. [HTTP GET: https://dl.google.com/dl/android/maven2/org/ow2/ow2/1.5/ow2-1.5.pom]
Resource missing. [HTTP GET: https://dl.google.com/dl/android/maven2/org/apache/httpcomponents/httpcomponents-parent/10/httpcomponents-parent-10.pom]
Resource missing. [HTTP GET: https://dl.google.com/dl/android/maven2/org/apache/apache/9/apache-9.pom]
Downloading https://repo.maven.apache.org/maven2/org/apache/httpcomponents/httpcomponents-parent/10/httpcomponents-parent-10.pom to /home/runner/.gradle/.tmp/gradle_download8739172336049707247bin
Resource missing. [HTTP GET: https://dl.google.com/dl/android/maven2/org/ow2/asm/asm-util/9.2/asm-util-9.2.pom]
Resource missing. [HTTP GET: https://dl.google.com/dl/android/maven2/org/ow2/asm/asm-commons/9.2/asm-commons-9.2.pom]
Downloading https://repo.maven.apache.org/maven2/org/apache/apache/9/apache-9.pom to /home/runner/.gradle/.tmp/gradle_download2694921598637412096bin
Downloading https://repo.maven.apache.org/maven2/org/ow2/asm/asm-commons/9.2/asm-commons-9.2.pom to /home/runner/.gradle/.tmp/gradle_download2141142444645546060bin
Downloading https://repo.maven.apache.org/maven2/org/ow2/asm/asm-util/9.2/asm-util-9.2.pom to /home/runner/.gradle/.tmp/gradle_download10217747229847724217bin
Resource missing. [HTTP GET: https://dl.google.com/dl/android/maven2/org/apache/apache/18/apache-18.pom]
Downloading https://repo.maven.apache.org/maven2/org/apache/apache/18/apache-18.pom to /home/runner/.gradle/.tmp/gradle_download18062699662212511942bin
Resource missing. [HTTP GET: https://dl.google.com/dl/android/maven2/org/bouncycastle/bcpkix-jdk15on/1.67/bcpkix-jdk15on-1.67.pom]
Resource missing. [HTTP GET: https://dl.google.com/dl/android/maven2/org/glassfish/jaxb/jaxb-runtime/2.3.2/jaxb-runtime-2.3.2.pom]
Downloading https://repo.maven.apache.org/maven2/org/bouncycastle/bcpkix-jdk15on/1.67/bcpkix-jdk15on-1.67.pom to /home/runner/.gradle/.tmp/gradle_download15371062139770616919bin
Downloading https://repo.maven.apache.org/maven2/org/glassfish/jaxb/jaxb-runtime/2.3.2/jaxb-runtime-2.3.2.pom to /home/runner/.gradle/.tmp/gradle_download7412245571411602909bin
Resource missing. [HTTP GET: https://dl.google.com/dl/android/maven2/net/sf/jopt-simple/jopt-simple/4.9/jopt-simple-4.9.pom]
Downloading https://repo.maven.apache.org/maven2/net/sf/jopt-simple/jopt-simple/4.9/jopt-simple-4.9.pom to /home/runner/.gradle/.tmp/gradle_download10093714811709534850bin
Downloading https://dl.google.com/dl/android/maven2/com/android/tools/build/jetifier/jetifier-core/1.0.0-beta10/jetifier-core-1.0.0-beta10.pom to /home/runner/.gradle/.tmp/gradle_download7194584415360051363bin
Downloading https://dl.google.com/dl/android/maven2/com/android/tools/build/bundletool/1.14.0/bundletool-1.14.0.pom to /home/runner/.gradle/.tmp/gradle_download17814842544345314545bin
Resource missing. [HTTP GET: https://dl.google.com/dl/android/maven2/com/sun/xml/bind/mvn/jaxb-runtime-parent/2.3.2/jaxb-runtime-parent-2.3.2.pom]
Downloading https://repo.maven.apache.org/maven2/com/sun/xml/bind/mvn/jaxb-runtime-parent/2.3.2/jaxb-runtime-parent-2.3.2.pom to /home/runner/.gradle/.tmp/gradle_download12963632312560127598bin
Downloading https://dl.google.com/dl/android/maven2/com/android/tools/build/jetifier/jetifier-processor/1.0.0-beta10/jetifier-processor-1.0.0-beta10.pom to /home/runner/.gradle/.tmp/gradle_download11595187338414358634bin
Downloading https://dl.google.com/dl/android/maven2/com/android/tools/build/jetifier/jetifier-core/1.0.0-beta10/jetifier-core-1.0.0-beta10.module to /home/runner/.gradle/.tmp/gradle_download5868737813380890419bin
Resource missing. [HTTP GET: https://dl.google.com/dl/android/maven2/com/squareup/javapoet/1.10.0/javapoet-1.10.0.pom]
Downloading https://repo.maven.apache.org/maven2/com/squareup/javapoet/1.10.0/javapoet-1.10.0.pom to /home/runner/.gradle/.tmp/gradle_download3918379068183692392bin
Resource missing. [HTTP GET: https://dl.google.com/dl/android/maven2/com/sun/xml/bind/mvn/jaxb-parent/2.3.2/jaxb-parent-2.3.2.pom]
Downloading https://dl.google.com/dl/android/maven2/com/android/tools/build/jetifier/jetifier-processor/1.0.0-beta10/jetifier-processor-1.0.0-beta10.module to /home/runner/.gradle/.tmp/gradle_download13538771067881941206bin
Resource missing. [HTTP GET: https://dl.google.com/dl/android/maven2/com/google/protobuf/protobuf-java/3.19.3/protobuf-java-3.19.3.pom]
Downloading https://repo.maven.apache.org/maven2/com/sun/xml/bind/mvn/jaxb-parent/2.3.2/jaxb-parent-2.3.2.pom to /home/runner/.gradle/.tmp/gradle_download12066510247853572032bin
Resource missing. [HTTP GET: https://dl.google.com/dl/android/maven2/com/google/protobuf/protobuf-java-util/3.19.3/protobuf-java-util-3.19.3.pom]
Downloading https://repo.maven.apache.org/maven2/com/google/protobuf/protobuf-java/3.19.3/protobuf-java-3.19.3.pom to /home/runner/.gradle/.tmp/gradle_download11922958116839765031bin
Resource missing. [HTTP GET: https://dl.google.com/dl/android/maven2/com/google/code/gson/gson/2.8.6/gson-2.8.6.pom]
Downloading https://repo.maven.apache.org/maven2/com/google/protobuf/protobuf-java-util/3.19.3/protobuf-java-util-3.19.3.pom to /home/runner/.gradle/.tmp/gradle_download5144939551633926830bin
Resource missing. [HTTP GET: https://dl.google.com/dl/android/maven2/com/sun/xml/bind/jaxb-bom-ext/2.3.2/jaxb-bom-ext-2.3.2.pom]
Resource missing. [HTTP GET: https://dl.google.com/dl/android/maven2/com/google/protobuf/protobuf-parent/3.19.3/protobuf-parent-3.19.3.pom]
Downloading https://repo.maven.apache.org/maven2/com/google/code/gson/gson/2.8.6/gson-2.8.6.pom to /home/runner/.gradle/.tmp/gradle_download14613867907954084077bin
Downloading https://repo.maven.apache.org/maven2/com/sun/xml/bind/jaxb-bom-ext/2.3.2/jaxb-bom-ext-2.3.2.pom to /home/runner/.gradle/.tmp/gradle_download7880756217955840159bin
Downloading https://repo.maven.apache.org/maven2/com/google/protobuf/protobuf-parent/3.19.3/protobuf-parent-3.19.3.pom to /home/runner/.gradle/.tmp/gradle_download8849595251896097479bin
Resource missing. [HTTP GET: https://dl.google.com/dl/android/maven2/com/google/protobuf/protobuf-parent/3.19.3/protobuf-parent-3.19.3.pom]
Resource missing. [HTTP GET: https://dl.google.com/dl/android/maven2/com/google/code/gson/gson-parent/2.8.6/gson-parent-2.8.6.pom]
Resource missing. [HTTP GET: https://dl.google.com/dl/android/maven2/org/glassfish/jaxb/jaxb-bom/2.3.2/jaxb-bom-2.3.2.pom]
Resource missing. [HTTP GET: https://dl.google.com/dl/android/maven2/com/google/protobuf/protobuf-bom/3.19.3/protobuf-bom-3.19.3.pom]
Downloading https://repo.maven.apache.org/maven2/com/google/code/gson/gson-parent/2.8.6/gson-parent-2.8.6.pom to /home/runner/.gradle/.tmp/gradle_download6732298659136079288bin
Downloading https://repo.maven.apache.org/maven2/org/glassfish/jaxb/jaxb-bom/2.3.2/jaxb-bom-2.3.2.pom to /home/runner/.gradle/.tmp/gradle_download101876921275886137bin
Downloading https://repo.maven.apache.org/maven2/com/google/protobuf/protobuf-bom/3.19.3/protobuf-bom-3.19.3.pom to /home/runner/.gradle/.tmp/gradle_download10537527046403406383bin
Resource missing. [HTTP GET: https://dl.google.com/dl/android/maven2/com/google/protobuf/protobuf-bom/3.19.3/protobuf-bom-3.19.3.pom]
Resource missing. [HTTP GET: https://dl.google.com/dl/android/maven2/org/eclipse/ee4j/project/1.0.5/project-1.0.5.pom]
Resource missing. [HTTP GET: https://dl.google.com/dl/android/maven2/io/grpc/grpc-core/1.45.1/grpc-core-1.45.1.pom]
Downloading https://repo.maven.apache.org/maven2/org/eclipse/ee4j/project/1.0.5/project-1.0.5.pom to /home/runner/.gradle/.tmp/gradle_download6181075811222168912bin
Downloading https://repo.maven.apache.org/maven2/io/grpc/grpc-core/1.45.1/grpc-core-1.45.1.pom to /home/runner/.gradle/.tmp/gradle_download2698647046550269466bin
Resource missing. [HTTP GET: https://dl.google.com/dl/android/maven2/io/grpc/grpc-protobuf/1.45.1/grpc-protobuf-1.45.1.pom]
Resource missing. [HTTP GET: https://dl.google.com/dl/android/maven2/io/grpc/grpc-netty/1.45.1/grpc-netty-1.45.1.pom]
Downloading https://repo.maven.apache.org/maven2/io/grpc/grpc-netty/1.45.1/grpc-netty-1.45.1.pom to /home/runner/.gradle/.tmp/gradle_download17468751382663429467bin
Downloading https://repo.maven.apache.org/maven2/io/grpc/grpc-protobuf/1.45.1/grpc-protobuf-1.45.1.pom to /home/runner/.gradle/.tmp/gradle_download2224212305434660248bin
Resource missing. [HTTP GET: https://dl.google.com/dl/android/maven2/io/grpc/grpc-stub/1.45.1/grpc-stub-1.45.1.pom]
Downloading https://repo.maven.apache.org/maven2/io/grpc/grpc-stub/1.45.1/grpc-stub-1.45.1.pom to /home/runner/.gradle/.tmp/gradle_download5865300757743779915bin
Resource missing. [HTTP GET: https://dl.google.com/dl/android/maven2/com/google/crypto/tink/tink/1.7.0/tink-1.7.0.pom]
Downloading https://dl.google.com/dl/android/maven2/com/google/testing/platform/core-proto/0.0.8-alpha08/core-proto-0.0.8-alpha08.pom to /home/runner/.gradle/.tmp/gradle_download10531626856272447704bin
Downloading https://repo.maven.apache.org/maven2/com/google/crypto/tink/tink/1.7.0/tink-1.7.0.pom to /home/runner/.gradle/.tmp/gradle_download12549183229653091542bin
Resource missing. [HTTP GET: https://dl.google.com/dl/android/maven2/org/tensorflow/tensorflow-lite-metadata/0.1.0-rc2/tensorflow-lite-metadata-0.1.0-rc2.pom]
Resource missing. [HTTP GET: https://dl.google.com/dl/android/maven2/com/google/flatbuffers/flatbuffers-java/1.12.0/flatbuffers-java-1.12.0.pom]
Downloading https://repo.maven.apache.org/maven2/com/google/flatbuffers/flatbuffers-java/1.12.0/flatbuffers-java-1.12.0.pom to /home/runner/.gradle/.tmp/gradle_download6583027201225765476bin
Downloading https://repo.maven.apache.org/maven2/org/tensorflow/tensorflow-lite-metadata/0.1.0-rc2/tensorflow-lite-metadata-0.1.0-rc2.pom to /home/runner/.gradle/.tmp/gradle_download10782387582182179903bin
Downloading https://dl.google.com/dl/android/maven2/com/android/tools/build/builder-model/8.1.2/builder-model-8.1.2.pom to /home/runner/.gradle/.tmp/gradle_download4324679342084169091bin
Downloading https://dl.google.com/dl/android/maven2/com/android/tools/build/builder-model/8.1.2/builder-model-8.1.2.module to /home/runner/.gradle/.tmp/gradle_download6016617403208697022bin
Downloading https://dl.google.com/dl/android/maven2/com/android/tools/build/builder/8.1.2/builder-8.1.2.pom to /home/runner/.gradle/.tmp/gradle_download4578982065525866415bin
Downloading https://dl.google.com/dl/android/maven2/com/android/tools/build/gradle-api/8.1.2/gradle-api-8.1.2.pom to /home/runner/.gradle/.tmp/gradle_download15019883023781823834bin
Downloading https://dl.google.com/dl/android/maven2/com/android/tools/build/gradle-api/8.1.2/gradle-api-8.1.2.module to /home/runner/.gradle/.tmp/gradle_download16739609039815377652bin
Downloading https://dl.google.com/dl/android/maven2/com/android/tools/build/builder/8.1.2/builder-8.1.2.module to /home/runner/.gradle/.tmp/gradle_download16804514581900544760bin
Resource missing. [HTTP GET: https://dl.google.com/dl/android/maven2/org/jetbrains/kotlin/kotlin-gradle-plugin-idea-proto/1.9.22/kotlin-gradle-plugin-idea-proto-1.9.22.pom]
Downloading https://repo.maven.apache.org/maven2/org/jetbrains/kotlin/kotlin-gradle-plugin-idea-proto/1.9.22/kotlin-gradle-plugin-idea-proto-1.9.22.pom to /home/runner/.gradle/.tmp/gradle_download2391499703218783022bin
Resource missing. [HTTP GET: https://dl.google.com/dl/android/maven2/org/jetbrains/kotlin/kotlin-gradle-plugin-api/1.9.22/kotlin-gradle-plugin-api-1.9.22.pom]
Resource missing. [HTTP GET: https://dl.google.com/dl/android/maven2/org/jetbrains/kotlin/kotlin-gradle-plugin-model/1.9.22/kotlin-gradle-plugin-model-1.9.22.pom]
Resource missing. [HTTP GET: https://dl.google.com/dl/android/maven2/org/jetbrains/kotlin/kotlin-gradle-plugin-idea/1.9.22/kotlin-gradle-plugin-idea-1.9.22.pom]
Resource missing. [HTTP GET: https://dl.google.com/dl/android/maven2/org/jetbrains/kotlin/kotlin-util-klib/1.9.22/kotlin-util-klib-1.9.22.pom]
Downloading https://repo.maven.apache.org/maven2/org/jetbrains/kotlin/kotlin-gradle-plugin-api/1.9.22/kotlin-gradle-plugin-api-1.9.22.pom to /home/runner/.gradle/.tmp/gradle_download3582278369668983449bin
Downloading https://repo.maven.apache.org/maven2/org/jetbrains/kotlin/kotlin-gradle-plugin-model/1.9.22/kotlin-gradle-plugin-model-1.9.22.pom to /home/runner/.gradle/.tmp/gradle_download7418138141560137687bin
Downloading https://repo.maven.apache.org/maven2/org/jetbrains/kotlin/kotlin-gradle-plugin-idea/1.9.22/kotlin-gradle-plugin-idea-1.9.22.pom to /home/runner/.gradle/.tmp/gradle_download12641756583621440262bin
Downloading https://repo.maven.apache.org/maven2/org/jetbrains/kotlin/kotlin-gradle-plugin-model/1.9.22/kotlin-gradle-plugin-model-1.9.22.module to /home/runner/.gradle/.tmp/gradle_download13931571937182698706bin
Downloading https://repo.maven.apache.org/maven2/org/jetbrains/kotlin/kotlin-gradle-plugin-api/1.9.22/kotlin-gradle-plugin-api-1.9.22.module to /home/runner/.gradle/.tmp/gradle_download17431010289044455708bin
Downloading https://repo.maven.apache.org/maven2/org/jetbrains/kotlin/kotlin-util-klib/1.9.22/kotlin-util-klib-1.9.22.pom to /home/runner/.gradle/.tmp/gradle_download9610028308606509916bin
Downloading https://repo.maven.apache.org/maven2/org/jetbrains/kotlin/kotlin-gradle-plugin-idea/1.9.22/kotlin-gradle-plugin-idea-1.9.22.module to /home/runner/.gradle/.tmp/gradle_download6777702861693817717bin
Resource missing. [HTTP GET: https://dl.google.com/dl/android/maven2/org/jetbrains/kotlin/kotlin-build-tools-api/1.9.22/kotlin-build-tools-api-1.9.22.pom]
Resource missing. [HTTP GET: https://dl.google.com/dl/android/maven2/org/jetbrains/kotlin/kotlin-android-extensions/1.9.22/kotlin-android-extensions-1.9.22.pom]
Downloading https://repo.maven.apache.org/maven2/org/jetbrains/kotlin/kotlin-android-extensions/1.9.22/kotlin-android-extensions-1.9.22.pom to /home/runner/.gradle/.tmp/gradle_download6938441602780143837bin
Downloading https://repo.maven.apache.org/maven2/org/jetbrains/kotlin/kotlin-build-tools-api/1.9.22/kotlin-build-tools-api-1.9.22.pom to /home/runner/.gradle/.tmp/gradle_download3043865672215252424bin
Resource missing. [HTTP GET: https://dl.google.com/dl/android/maven2/org/jetbrains/kotlin/kotlin-klib-commonizer-api/1.9.22/kotlin-klib-commonizer-api-1.9.22.pom]
Resource missing. [HTTP GET: https://dl.google.com/dl/android/maven2/org/jetbrains/kotlin/kotlin-compiler-runner/1.9.22/kotlin-compiler-runner-1.9.22.pom]
Resource missing. [HTTP GET: https://dl.google.com/dl/android/maven2/org/jetbrains/kotlin/kotlin-compiler-embeddable/1.9.22/kotlin-compiler-embeddable-1.9.22.pom]
Downloading https://repo.maven.apache.org/maven2/org/jetbrains/kotlin/kotlin-klib-commonizer-api/1.9.22/kotlin-klib-commonizer-api-1.9.22.pom to /home/runner/.gradle/.tmp/gradle_download2788523589296082952bin
Downloading https://repo.maven.apache.org/maven2/org/jetbrains/kotlin/kotlin-compiler-runner/1.9.22/kotlin-compiler-runner-1.9.22.pom to /home/runner/.gradle/.tmp/gradle_download10717262316299588697bin
Downloading https://repo.maven.apache.org/maven2/org/jetbrains/kotlin/kotlin-compiler-embeddable/1.9.22/kotlin-compiler-embeddable-1.9.22.pom to /home/runner/.gradle/.tmp/gradle_download6509286813783293250bin
Resource missing. [HTTP GET: https://dl.google.com/dl/android/maven2/org/jetbrains/kotlin/kotlin-scripting-compiler-impl-embeddable/1.9.22/kotlin-scripting-compiler-impl-embeddable-1.9.22.pom]
Resource missing. [HTTP GET: https://dl.google.com/dl/android/maven2/org/jetbrains/kotlin/kotlin-scripting-compiler-embeddable/1.9.22/kotlin-scripting-compiler-embeddable-1.9.22.pom]
Downloading https://repo.maven.apache.org/maven2/org/jetbrains/kotlin/kotlin-scripting-compiler-impl-embeddable/1.9.22/kotlin-scripting-compiler-impl-embeddable-1.9.22.pom to /home/runner/.gradle/.tmp/gradle_download4004760480748778629bin
Downloading https://repo.maven.apache.org/maven2/org/jetbrains/kotlin/kotlin-scripting-compiler-embeddable/1.9.22/kotlin-scripting-compiler-embeddable-1.9.22.pom to /home/runner/.gradle/.tmp/gradle_download11551651681560432868bin
Resource missing. [HTTP GET: https://dl.google.com/dl/android/maven2/org/ow2/asm/asm/9.6/asm-9.6.pom]
Downloading https://repo.maven.apache.org/maven2/org/ow2/asm/asm/9.6/asm-9.6.pom to /home/runner/.gradle/.tmp/gradle_download11274214662742856800bin
Resource missing. [HTTP GET: https://dl.google.com/dl/android/maven2/org/ow2/ow2/1.5.1/ow2-1.5.1.pom]
Downloading https://repo.maven.apache.org/maven2/org/ow2/ow2/1.5.1/ow2-1.5.1.pom to /home/runner/.gradle/.tmp/gradle_download14586559828283457381bin
Resource missing. [HTTP GET: https://dl.google.com/dl/android/maven2/com/squareup/javapoet/1.13.0/javapoet-1.13.0.pom]
Downloading https://repo.maven.apache.org/maven2/com/squareup/javapoet/1.13.0/javapoet-1.13.0.pom to /home/runner/.gradle/.tmp/gradle_download1505766861701678720bin
Resource missing. [HTTP GET: https://dl.google.com/dl/android/maven2/org/jetbrains/kotlin/kotlin-stdlib/1.9.20/kotlin-stdlib-1.9.20.pom]
Downloading https://repo.maven.apache.org/maven2/org/jetbrains/kotlin/kotlin-stdlib/1.9.20/kotlin-stdlib-1.9.20.pom to /home/runner/.gradle/.tmp/gradle_download3123493580479715380bin
Downloading https://repo.maven.apache.org/maven2/org/jetbrains/kotlin/kotlin-stdlib/1.9.20/kotlin-stdlib-1.9.20.module to /home/runner/.gradle/.tmp/gradle_download16794215436253976300bin
Resource missing. [HTTP GET: https://dl.google.com/dl/android/maven2/com/google/code/gson/gson/2.8.9/gson-2.8.9.pom]
Downloading https://repo.maven.apache.org/maven2/com/google/code/gson/gson/2.8.9/gson-2.8.9.pom to /home/runner/.gradle/.tmp/gradle_download2873269377557252698bin
Resource missing. [HTTP GET: https://dl.google.com/dl/android/maven2/com/google/code/gson/gson-parent/2.8.9/gson-parent-2.8.9.pom]
Downloading https://repo.maven.apache.org/maven2/com/google/code/gson/gson-parent/2.8.9/gson-parent-2.8.9.pom to /home/runner/.gradle/.tmp/gradle_download3527499450474102634bin
Resource missing. [HTTP GET: https://dl.google.com/dl/android/maven2/com/google/guava/guava/31.1-jre/guava-31.1-jre.pom]
Resource missing. [HTTP GET: https://dl.google.com/dl/android/maven2/net/sf/kxml/kxml2/2.3.0/kxml2-2.3.0.pom]
Resource missing. [HTTP GET: https://dl.google.com/dl/android/maven2/javax/inject/javax.inject/1/javax.inject-1.pom]
Downloading https://repo.maven.apache.org/maven2/com/google/guava/guava/31.1-jre/guava-31.1-jre.pom to /home/runner/.gradle/.tmp/gradle_download14469365165831905616bin
Downloading https://repo.maven.apache.org/maven2/javax/inject/javax.inject/1/javax.inject-1.pom to /home/runner/.gradle/.tmp/gradle_download11159804083362584050bin
Downloading https://repo.maven.apache.org/maven2/net/sf/kxml/kxml2/2.3.0/kxml2-2.3.0.pom to /home/runner/.gradle/.tmp/gradle_download9151501597024450915bin
Resource missing. [HTTP GET: https://dl.google.com/dl/android/maven2/com/google/guava/guava-parent/31.1-jre/guava-parent-31.1-jre.pom]
Resource missing. [HTTP GET: https://dl.google.com/dl/android/maven2/org/bouncycastle/bcprov-jdk15on/1.67/bcprov-jdk15on-1.67.pom]
Resource missing. [HTTP GET: https://dl.google.com/dl/android/maven2/org/jetbrains/intellij/deps/trove4j/1.0.20200330/trove4j-1.0.20200330.pom]
Downloading https://repo.maven.apache.org/maven2/org/bouncycastle/bcprov-jdk15on/1.67/bcprov-jdk15on-1.67.pom to /home/runner/.gradle/.tmp/gradle_download60587549679606673bin
Downloading https://repo.maven.apache.org/maven2/com/google/guava/guava-parent/31.1-jre/guava-parent-31.1-jre.pom to /home/runner/.gradle/.tmp/gradle_download1622060930359183455bin
Downloading https://repo.maven.apache.org/maven2/org/jetbrains/intellij/deps/trove4j/1.0.20200330/trove4j-1.0.20200330.pom to /home/runner/.gradle/.tmp/gradle_download15620910015083496533bin
Resource missing. [HTTP GET: https://dl.google.com/dl/android/maven2/org/jetbrains/kotlin/kotlin-reflect/1.8.20-RC2/kotlin-reflect-1.8.20-RC2.pom]
Resource missing. [HTTP GET: https://dl.google.com/dl/android/maven2/xerces/xercesImpl/2.12.0/xercesImpl-2.12.0.pom]
Downloading https://repo.maven.apache.org/maven2/org/jetbrains/kotlin/kotlin-reflect/1.8.20-RC2/kotlin-reflect-1.8.20-RC2.pom to /home/runner/.gradle/.tmp/gradle_download10886744890534728544bin
Downloading https://dl.google.com/dl/android/maven2/com/android/tools/common/31.1.2/common-31.1.2.pom to /home/runner/.gradle/.tmp/gradle_download16201942151972793287bin
Downloading https://repo.maven.apache.org/maven2/xerces/xercesImpl/2.12.0/xercesImpl-2.12.0.pom to /home/runner/.gradle/.tmp/gradle_download12153410650092775600bin
Resource missing. [HTTP GET: https://dl.google.com/dl/android/maven2/org/apache/commons/commons-compress/1.21/commons-compress-1.21.pom]
Downloading https://dl.google.com/dl/android/maven2/com/android/tools/dvlib/31.1.2/dvlib-31.1.2.pom to /home/runner/.gradle/.tmp/gradle_download4076438338621527053bin
Resource missing. [HTTP GET: https://dl.google.com/dl/android/maven2/org/apache/httpcomponents/httpcore/4.4.15/httpcore-4.4.15.pom]
Downloading https://repo.maven.apache.org/maven2/org/apache/httpcomponents/httpcore/4.4.15/httpcore-4.4.15.pom to /home/runner/.gradle/.tmp/gradle_download16588868754831625162bin
Downloading https://repo.maven.apache.org/maven2/org/apache/commons/commons-compress/1.21/commons-compress-1.21.pom to /home/runner/.gradle/.tmp/gradle_download18439168291866403095bin
Resource missing. [HTTP GET: https://dl.google.com/dl/android/maven2/org/apache/httpcomponents/httpcomponents-core/4.4.15/httpcomponents-core-4.4.15.pom]
Resource missing. [HTTP GET: https://dl.google.com/dl/android/maven2/org/apache/commons/commons-parent/52/commons-parent-52.pom]
Downloading https://repo.maven.apache.org/maven2/org/apache/commons/commons-parent/52/commons-parent-52.pom to /home/runner/.gradle/.tmp/gradle_download6344006883057759045bin
Downloading https://repo.maven.apache.org/maven2/org/apache/httpcomponents/httpcomponents-core/4.4.15/httpcomponents-core-4.4.15.pom to /home/runner/.gradle/.tmp/gradle_download14011072030527012623bin
Resource missing. [HTTP GET: https://dl.google.com/dl/android/maven2/org/apache/httpcomponents/httpcomponents-parent/11/httpcomponents-parent-11.pom]
Resource missing. [HTTP GET: https://dl.google.com/dl/android/maven2/org/apache/apache/23/apache-23.pom]
Downloading https://repo.maven.apache.org/maven2/org/apache/httpcomponents/httpcomponents-parent/11/httpcomponents-parent-11.pom to /home/runner/.gradle/.tmp/gradle_download4751390994167608269bin
Downloading https://repo.maven.apache.org/maven2/org/apache/apache/23/apache-23.pom to /home/runner/.gradle/.tmp/gradle_download18345497134507071821bin
Resource missing. [HTTP GET: https://dl.google.com/dl/android/maven2/org/apache/apache/21/apache-21.pom]
Downloading https://repo.maven.apache.org/maven2/org/apache/apache/21/apache-21.pom to /home/runner/.gradle/.tmp/gradle_download11701727489940569785bin
Resource missing. [HTTP GET: https://dl.google.com/dl/android/maven2/com/sun/activation/javax.activation/1.2.0/javax.activation-1.2.0.pom]
Resource missing. [HTTP GET: https://dl.google.com/dl/android/maven2/com/google/jimfs/jimfs/1.1/jimfs-1.1.pom]
Downloading https://repo.maven.apache.org/maven2/com/google/jimfs/jimfs/1.1/jimfs-1.1.pom to /home/runner/.gradle/.tmp/gradle_download4277910265355692136bin
Downloading https://repo.maven.apache.org/maven2/com/sun/activation/javax.activation/1.2.0/javax.activation-1.2.0.pom to /home/runner/.gradle/.tmp/gradle_download8143590746154178830bin
Resource missing. [HTTP GET: https://dl.google.com/dl/android/maven2/com/google/jimfs/jimfs-parent/1.1/jimfs-parent-1.1.pom]
Resource missing. [HTTP GET: https://dl.google.com/dl/android/maven2/com/sun/activation/all/1.2.0/all-1.2.0.pom]
Downloading https://repo.maven.apache.org/maven2/com/google/jimfs/jimfs-parent/1.1/jimfs-parent-1.1.pom to /home/runner/.gradle/.tmp/gradle_download5142850283920107466bin
Downloading https://repo.maven.apache.org/maven2/com/sun/activation/all/1.2.0/all-1.2.0.pom to /home/runner/.gradle/.tmp/gradle_download16294291137589283015bin
Resource missing. [HTTP GET: https://dl.google.com/dl/android/maven2/net/java/jvnet-parent/1/jvnet-parent-1.pom]
Downloading https://repo.maven.apache.org/maven2/net/java/jvnet-parent/1/jvnet-parent-1.pom to /home/runner/.gradle/.tmp/gradle_download5870349189406658909bin
Resource missing. [HTTP GET: https://dl.google.com/dl/android/maven2/org/jetbrains/annotations/13.0/annotations-13.0.pom]
Downloading https://repo.maven.apache.org/maven2/org/jetbrains/annotations/13.0/annotations-13.0.pom to /home/runner/.gradle/.tmp/gradle_download14423389802510479040bin
Resource missing. [HTTP GET: https://dl.google.com/dl/android/maven2/org/apache/httpcomponents/httpclient/4.5.13/httpclient-4.5.13.pom]
Downloading https://repo.maven.apache.org/maven2/org/apache/httpcomponents/httpclient/4.5.13/httpclient-4.5.13.pom to /home/runner/.gradle/.tmp/gradle_download11616103219778601774bin
Downloading https://dl.google.com/dl/android/maven2/com/android/tools/annotations/31.1.2/annotations-31.1.2.pom to /home/runner/.gradle/.tmp/gradle_download18112514288917825913bin
Resource missing. [HTTP GET: https://dl.google.com/dl/android/maven2/org/apache/httpcomponents/httpcomponents-client/4.5.13/httpcomponents-client-4.5.13.pom]
Downloading https://repo.maven.apache.org/maven2/org/apache/httpcomponents/httpcomponents-client/4.5.13/httpcomponents-client-4.5.13.pom to /home/runner/.gradle/.tmp/gradle_download237696731579867821bin
Resource missing. [HTTP GET: https://dl.google.com/dl/android/maven2/net/java/dev/jna/jna-platform/5.6.0/jna-platform-5.6.0.pom]
Downloading https://repo.maven.apache.org/maven2/net/java/dev/jna/jna-platform/5.6.0/jna-platform-5.6.0.pom to /home/runner/.gradle/.tmp/gradle_download14898659807061769517bin
Downloading https://dl.google.com/dl/android/maven2/com/android/tools/analytics-library/protos/31.1.2/protos-31.1.2.pom to /home/runner/.gradle/.tmp/gradle_download18316518539564045317bin
Resource missing. [HTTP GET: https://dl.google.com/dl/android/maven2/com/googlecode/juniversalchardet/juniversalchardet/1.0.3/juniversalchardet-1.0.3.pom]
Downloading https://repo.maven.apache.org/maven2/com/googlecode/juniversalchardet/juniversalchardet/1.0.3/juniversalchardet-1.0.3.pom to /home/runner/.gradle/.tmp/gradle_download7537396285688954031bin
Resource missing. [HTTP GET: https://dl.google.com/dl/android/maven2/javax/annotation/javax.annotation-api/1.3.2/javax.annotation-api-1.3.2.pom]
Downloading https://repo.maven.apache.org/maven2/javax/annotation/javax.annotation-api/1.3.2/javax.annotation-api-1.3.2.pom to /home/runner/.gradle/.tmp/gradle_download13966663424326819640bin
Resource missing. [HTTP GET: https://dl.google.com/dl/android/maven2/net/java/jvnet-parent/3/jvnet-parent-3.pom]
Downloading https://repo.maven.apache.org/maven2/net/java/jvnet-parent/3/jvnet-parent-3.pom to /home/runner/.gradle/.tmp/gradle_download11938244521926638558bin
Resource missing. [HTTP GET: https://dl.google.com/dl/android/maven2/org/jetbrains/kotlin/kotlin-stdlib-jdk7/1.8.20-RC2/kotlin-stdlib-jdk7-1.8.20-RC2.pom]
Downloading https://repo.maven.apache.org/maven2/org/jetbrains/kotlin/kotlin-stdlib-jdk7/1.8.20-RC2/kotlin-stdlib-jdk7-1.8.20-RC2.pom to /home/runner/.gradle/.tmp/gradle_download14289887161831026774bin
Resource missing. [HTTP GET: https://dl.google.com/dl/android/maven2/org/ow2/asm/asm-tree/9.2/asm-tree-9.2.pom]
Downloading https://repo.maven.apache.org/maven2/org/ow2/asm/asm-tree/9.2/asm-tree-9.2.pom to /home/runner/.gradle/.tmp/gradle_download10456443118624234830bin
Resource missing. [HTTP GET: https://dl.google.com/dl/android/maven2/org/jvnet/staxex/stax-ex/1.8.1/stax-ex-1.8.1.pom]
Resource missing. [HTTP GET: https://dl.google.com/dl/android/maven2/org/glassfish/jaxb/txw2/2.3.2/txw2-2.3.2.pom]
Resource missing. [HTTP GET: https://dl.google.com/dl/android/maven2/com/sun/istack/istack-commons-runtime/3.0.8/istack-commons-runtime-3.0.8.pom]
Resource missing. [HTTP GET: https://dl.google.com/dl/android/maven2/jakarta/xml/bind/jakarta.xml.bind-api/2.3.2/jakarta.xml.bind-api-2.3.2.pom]
Downloading https://repo.maven.apache.org/maven2/com/sun/istack/istack-commons-runtime/3.0.8/istack-commons-runtime-3.0.8.pom to /home/runner/.gradle/.tmp/gradle_download10359044671526056340bin
Downloading https://repo.maven.apache.org/maven2/jakarta/xml/bind/jakarta.xml.bind-api/2.3.2/jakarta.xml.bind-api-2.3.2.pom to /home/runner/.gradle/.tmp/gradle_download18224298629596564217bin
Downloading https://repo.maven.apache.org/maven2/org/jvnet/staxex/stax-ex/1.8.1/stax-ex-1.8.1.pom to /home/runner/.gradle/.tmp/gradle_download7002198368976309974bin
Downloading https://repo.maven.apache.org/maven2/org/glassfish/jaxb/txw2/2.3.2/txw2-2.3.2.pom to /home/runner/.gradle/.tmp/gradle_download4054562245543157339bin
Resource missing. [HTTP GET: https://dl.google.com/dl/android/maven2/com/sun/istack/istack-commons/3.0.8/istack-commons-3.0.8.pom]
Resource missing. [HTTP GET: https://dl.google.com/dl/android/maven2/jakarta/xml/bind/jakarta.xml.bind-api-parent/2.3.2/jakarta.xml.bind-api-parent-2.3.2.pom]
Resource missing. [HTTP GET: https://dl.google.com/dl/android/maven2/com/sun/xml/fastinfoset/FastInfoset/1.2.16/FastInfoset-1.2.16.pom]
Resource missing. [HTTP GET: https://dl.google.com/dl/android/maven2/com/sun/xml/bind/mvn/jaxb-txw-parent/2.3.2/jaxb-txw-parent-2.3.2.pom]
Downloading https://repo.maven.apache.org/maven2/jakarta/xml/bind/jakarta.xml.bind-api-parent/2.3.2/jakarta.xml.bind-api-parent-2.3.2.pom to /home/runner/.gradle/.tmp/gradle_download18015726122624648640bin
Downloading https://repo.maven.apache.org/maven2/com/sun/istack/istack-commons/3.0.8/istack-commons-3.0.8.pom to /home/runner/.gradle/.tmp/gradle_download12559973522580620760bin
Downloading https://repo.maven.apache.org/maven2/com/sun/xml/fastinfoset/FastInfoset/1.2.16/FastInfoset-1.2.16.pom to /home/runner/.gradle/.tmp/gradle_download14767708127027740762bin
Downloading https://repo.maven.apache.org/maven2/com/sun/xml/bind/mvn/jaxb-txw-parent/2.3.2/jaxb-txw-parent-2.3.2.pom to /home/runner/.gradle/.tmp/gradle_download14690975611854710876bin
Resource missing. [HTTP GET: https://dl.google.com/dl/android/maven2/com/sun/xml/fastinfoset/fastinfoset-project/1.2.16/fastinfoset-project-1.2.16.pom]
Resource missing. [HTTP GET: https://dl.google.com/dl/android/maven2/jakarta/activation/jakarta.activation-api/1.2.1/jakarta.activation-api-1.2.1.pom]
Downloading https://repo.maven.apache.org/maven2/com/sun/xml/fastinfoset/fastinfoset-project/1.2.16/fastinfoset-project-1.2.16.pom to /home/runner/.gradle/.tmp/gradle_download1394917311359980935bin
Downloading https://repo.maven.apache.org/maven2/jakarta/activation/jakarta.activation-api/1.2.1/jakarta.activation-api-1.2.1.pom to /home/runner/.gradle/.tmp/gradle_download6195058404459001715bin
Resource missing. [HTTP GET: https://dl.google.com/dl/android/maven2/com/sun/activation/all/1.2.1/all-1.2.1.pom]
Downloading https://repo.maven.apache.org/maven2/com/sun/activation/all/1.2.1/all-1.2.1.pom to /home/runner/.gradle/.tmp/gradle_download16709251559554600403bin
Resource missing. [HTTP GET: https://dl.google.com/dl/android/maven2/org/eclipse/ee4j/project/1.0.2/project-1.0.2.pom]
Downloading https://repo.maven.apache.org/maven2/org/eclipse/ee4j/project/1.0.2/project-1.0.2.pom to /home/runner/.gradle/.tmp/gradle_download2756614489585227660bin
Resource missing. [HTTP GET: https://dl.google.com/dl/android/maven2/com/google/errorprone/error_prone_annotations/2.3.1/error_prone_annotations-2.3.1.pom]
Resource missing. [HTTP GET: https://dl.google.com/dl/android/maven2/com/google/dagger/dagger/2.28.3/dagger-2.28.3.pom]
Resource missing. [HTTP GET: https://dl.google.com/dl/android/maven2/org/bitbucket/b_c/jose4j/0.7.0/jose4j-0.7.0.pom]
Resource missing. [HTTP GET: https://dl.google.com/dl/android/maven2/com/google/auto/value/auto-value-annotations/1.6.2/auto-value-annotations-1.6.2.pom]
Downloading https://repo.maven.apache.org/maven2/com/google/errorprone/error_prone_annotations/2.3.1/error_prone_annotations-2.3.1.pom to /home/runner/.gradle/.tmp/gradle_download1370629772756144306bin
Downloading https://repo.maven.apache.org/maven2/org/bitbucket/b_c/jose4j/0.7.0/jose4j-0.7.0.pom to /home/runner/.gradle/.tmp/gradle_download2292298901752679311bin
Downloading https://repo.maven.apache.org/maven2/com/google/dagger/dagger/2.28.3/dagger-2.28.3.pom to /home/runner/.gradle/.tmp/gradle_download10573894075864507275bin
Downloading https://repo.maven.apache.org/maven2/com/google/auto/value/auto-value-annotations/1.6.2/auto-value-annotations-1.6.2.pom to /home/runner/.gradle/.tmp/gradle_download9009807882866244294bin
Resource missing. [HTTP GET: https://dl.google.com/dl/android/maven2/com/google/errorprone/error_prone_parent/2.3.1/error_prone_parent-2.3.1.pom]
Resource missing. [HTTP GET: https://dl.google.com/dl/android/maven2/org/slf4j/slf4j-api/1.7.30/slf4j-api-1.7.30.pom]
Resource missing. [HTTP GET: https://dl.google.com/dl/android/maven2/com/google/auto/value/auto-value-parent/1.6.2/auto-value-parent-1.6.2.pom]
Downloading https://repo.maven.apache.org/maven2/com/google/errorprone/error_prone_parent/2.3.1/error_prone_parent-2.3.1.pom to /home/runner/.gradle/.tmp/gradle_download10952070846530803787bin
Downloading https://repo.maven.apache.org/maven2/org/slf4j/slf4j-api/1.7.30/slf4j-api-1.7.30.pom to /home/runner/.gradle/.tmp/gradle_download4451465704266327695bin
Downloading https://repo.maven.apache.org/maven2/com/google/auto/value/auto-value-parent/1.6.2/auto-value-parent-1.6.2.pom to /home/runner/.gradle/.tmp/gradle_download16708869063251686558bin
Resource missing. [HTTP GET: https://dl.google.com/dl/android/maven2/org/slf4j/slf4j-parent/1.7.30/slf4j-parent-1.7.30.pom]
Resource missing. [HTTP GET: https://dl.google.com/dl/android/maven2/com/google/auto/auto-parent/6/auto-parent-6.pom]
Downloading https://repo.maven.apache.org/maven2/org/slf4j/slf4j-parent/1.7.30/slf4j-parent-1.7.30.pom to /home/runner/.gradle/.tmp/gradle_download1569192980809562237bin
Downloading https://repo.maven.apache.org/maven2/com/google/auto/auto-parent/6/auto-parent-6.pom to /home/runner/.gradle/.tmp/gradle_download13424252393932763659bin
Resource missing. [HTTP GET: https://dl.google.com/dl/android/maven2/org/jdom/jdom2/2.0.6/jdom2-2.0.6.pom]
Downloading https://repo.maven.apache.org/maven2/org/jdom/jdom2/2.0.6/jdom2-2.0.6.pom to /home/runner/.gradle/.tmp/gradle_download15910434857832734878bin
Resource missing. [HTTP GET: https://dl.google.com/dl/android/maven2/com/google/errorprone/error_prone_annotations/2.5.1/error_prone_annotations-2.5.1.pom]
Downloading https://repo.maven.apache.org/maven2/com/google/errorprone/error_prone_annotations/2.5.1/error_prone_annotations-2.5.1.pom to /home/runner/.gradle/.tmp/gradle_download12920329697481226000bin
Resource missing. [HTTP GET: https://dl.google.com/dl/android/maven2/com/google/errorprone/error_prone_parent/2.5.1/error_prone_parent-2.5.1.pom]
Downloading https://repo.maven.apache.org/maven2/com/google/errorprone/error_prone_parent/2.5.1/error_prone_parent-2.5.1.pom to /home/runner/.gradle/.tmp/gradle_download18352018372499344367bin
Resource missing. [HTTP GET: https://dl.google.com/dl/android/maven2/com/google/code/findbugs/jsr305/3.0.2/jsr305-3.0.2.pom]
Resource missing. [HTTP GET: https://dl.google.com/dl/android/maven2/com/google/j2objc/j2objc-annotations/1.3/j2objc-annotations-1.3.pom]
Downloading https://repo.maven.apache.org/maven2/com/google/j2objc/j2objc-annotations/1.3/j2objc-annotations-1.3.pom to /home/runner/.gradle/.tmp/gradle_download3025792488571036309bin
Downloading https://repo.maven.apache.org/maven2/com/google/code/findbugs/jsr305/3.0.2/jsr305-3.0.2.pom to /home/runner/.gradle/.tmp/gradle_download1231642657604653175bin
Resource missing. [HTTP GET: https://dl.google.com/dl/android/maven2/com/google/errorprone/error_prone_annotations/2.10.0/error_prone_annotations-2.10.0.pom]
Downloading https://repo.maven.apache.org/maven2/com/google/errorprone/error_prone_annotations/2.10.0/error_prone_annotations-2.10.0.pom to /home/runner/.gradle/.tmp/gradle_download6389263680733437336bin
Resource missing. [HTTP GET: https://dl.google.com/dl/android/maven2/com/google/errorprone/error_prone_parent/2.10.0/error_prone_parent-2.10.0.pom]
Downloading https://repo.maven.apache.org/maven2/com/google/errorprone/error_prone_parent/2.10.0/error_prone_parent-2.10.0.pom to /home/runner/.gradle/.tmp/gradle_download9139141219031421738bin
Resource missing. [HTTP GET: https://dl.google.com/dl/android/maven2/org/codehaus/mojo/animal-sniffer-annotations/1.19/animal-sniffer-annotations-1.19.pom]
Resource missing. [HTTP GET: https://dl.google.com/dl/android/maven2/io/grpc/grpc-api/1.45.1/grpc-api-1.45.1.pom]
Resource missing. [HTTP GET: https://dl.google.com/dl/android/maven2/io/perfmark/perfmark-api/0.23.0/perfmark-api-0.23.0.pom]
Resource missing. [HTTP GET: https://dl.google.com/dl/android/maven2/com/google/android/annotations/4.1.1.4/annotations-4.1.1.4.pom]
Downloading https://repo.maven.apache.org/maven2/io/perfmark/perfmark-api/0.23.0/perfmark-api-0.23.0.pom to /home/runner/.gradle/.tmp/gradle_download2255584404407564553bin
Downloading https://repo.maven.apache.org/maven2/io/grpc/grpc-api/1.45.1/grpc-api-1.45.1.pom to /home/runner/.gradle/.tmp/gradle_download147637945601826824bin
Downloading https://repo.maven.apache.org/maven2/com/google/android/annotations/4.1.1.4/annotations-4.1.1.4.pom to /home/runner/.gradle/.tmp/gradle_download1426464907988634323bin
Downloading https://repo.maven.apache.org/maven2/org/codehaus/mojo/animal-sniffer-annotations/1.19/animal-sniffer-annotations-1.19.pom to /home/runner/.gradle/.tmp/gradle_download8362900679159990089bin
Downloading https://repo.maven.apache.org/maven2/io/perfmark/perfmark-api/0.23.0/perfmark-api-0.23.0.module to /home/runner/.gradle/.tmp/gradle_download13906730722633207652bin
Resource missing. [HTTP GET: https://dl.google.com/dl/android/maven2/org/codehaus/mojo/animal-sniffer-parent/1.19/animal-sniffer-parent-1.19.pom]
Downloading https://repo.maven.apache.org/maven2/org/codehaus/mojo/animal-sniffer-parent/1.19/animal-sniffer-parent-1.19.pom to /home/runner/.gradle/.tmp/gradle_download11896594711267840237bin
Resource missing. [HTTP GET: https://dl.google.com/dl/android/maven2/org/codehaus/mojo/mojo-parent/50/mojo-parent-50.pom]
Downloading https://repo.maven.apache.org/maven2/org/codehaus/mojo/mojo-parent/50/mojo-parent-50.pom to /home/runner/.gradle/.tmp/gradle_download10045354152061919548bin
Resource missing. [HTTP GET: https://dl.google.com/dl/android/maven2/io/netty/netty-handler-proxy/4.1.72.Final/netty-handler-proxy-4.1.72.Final.pom]
Resource missing. [HTTP GET: https://dl.google.com/dl/android/maven2/io/netty/netty-codec-http2/4.1.72.Final/netty-codec-http2-4.1.72.Final.pom]
Downloading https://repo.maven.apache.org/maven2/io/netty/netty-handler-proxy/4.1.72.Final/netty-handler-proxy-4.1.72.Final.pom to /home/runner/.gradle/.tmp/gradle_download1027363496739504884bin
Downloading https://repo.maven.apache.org/maven2/io/netty/netty-codec-http2/4.1.72.Final/netty-codec-http2-4.1.72.Final.pom to /home/runner/.gradle/.tmp/gradle_download17579024924754125839bin
Resource missing. [HTTP GET: https://dl.google.com/dl/android/maven2/io/netty/netty-parent/4.1.72.Final/netty-parent-4.1.72.Final.pom]
Downloading https://repo.maven.apache.org/maven2/io/netty/netty-parent/4.1.72.Final/netty-parent-4.1.72.Final.pom to /home/runner/.gradle/.tmp/gradle_download714255689940794090bin
Resource missing. [HTTP GET: https://dl.google.com/dl/android/maven2/io/netty/netty-parent/4.1.72.Final/netty-parent-4.1.72.Final.pom]
Resource missing. [HTTP GET: https://dl.google.com/dl/android/maven2/org/sonatype/oss/oss-parent/9/oss-parent-9.pom]
Downloading https://repo.maven.apache.org/maven2/org/sonatype/oss/oss-parent/9/oss-parent-9.pom to /home/runner/.gradle/.tmp/gradle_download10292775197904628458bin
Resource missing. [HTTP GET: https://dl.google.com/dl/android/maven2/org/sonatype/oss/oss-parent/9/oss-parent-9.pom]
Resource missing. [HTTP GET: https://dl.google.com/dl/android/maven2/io/grpc/grpc-protobuf-lite/1.45.1/grpc-protobuf-lite-1.45.1.pom]
Resource missing. [HTTP GET: https://dl.google.com/dl/android/maven2/com/google/api/grpc/proto-google-common-protos/2.0.1/proto-google-common-protos-2.0.1.pom]
Downloading https://repo.maven.apache.org/maven2/com/google/api/grpc/proto-google-common-protos/2.0.1/proto-google-common-protos-2.0.1.pom to /home/runner/.gradle/.tmp/gradle_download13783616570650348666bin
Downloading https://repo.maven.apache.org/maven2/io/grpc/grpc-protobuf-lite/1.45.1/grpc-protobuf-lite-1.45.1.pom to /home/runner/.gradle/.tmp/gradle_download2541241348920841024bin
Resource missing. [HTTP GET: https://dl.google.com/dl/android/maven2/org/checkerframework/checker-qual/2.5.8/checker-qual-2.5.8.pom]
Downloading https://repo.maven.apache.org/maven2/org/checkerframework/checker-qual/2.5.8/checker-qual-2.5.8.pom to /home/runner/.gradle/.tmp/gradle_download4893778077623904962bin
Resource missing. [HTTP GET: https://dl.google.com/dl/android/maven2/commons-codec/commons-codec/1.10/commons-codec-1.10.pom]
Downloading https://dl.google.com/dl/android/maven2/com/android/tools/build/manifest-merger/31.1.2/manifest-merger-31.1.2.pom to /home/runner/.gradle/.tmp/gradle_download11864919580358878455bin
Downloading https://repo.maven.apache.org/maven2/commons-codec/commons-codec/1.10/commons-codec-1.10.pom to /home/runner/.gradle/.tmp/gradle_download11366034677934111525bin
Downloading https://dl.google.com/dl/android/maven2/com/android/tools/analytics-library/tracker/31.1.2/tracker-31.1.2.pom to /home/runner/.gradle/.tmp/gradle_download4806122605174765262bin
Downloading https://dl.google.com/dl/android/maven2/com/android/signflinger/8.1.2/signflinger-8.1.2.pom to /home/runner/.gradle/.tmp/gradle_download8455663197749276317bin
Resource missing. [HTTP GET: https://dl.google.com/dl/android/maven2/org/apache/commons/commons-parent/35/commons-parent-35.pom]
Downloading https://repo.maven.apache.org/maven2/org/apache/commons/commons-parent/35/commons-parent-35.pom to /home/runner/.gradle/.tmp/gradle_download12506224199323191621bin
Resource missing. [HTTP GET: https://dl.google.com/dl/android/maven2/org/apache/apache/15/apache-15.pom]
Downloading https://repo.maven.apache.org/maven2/org/apache/apache/15/apache-15.pom to /home/runner/.gradle/.tmp/gradle_download18307667299779517846bin
Downloading https://dl.google.com/dl/android/maven2/com/android/tools/build/apksig/8.1.2/apksig-8.1.2.pom to /home/runner/.gradle/.tmp/gradle_download11685426872575604598bin
Downloading https://dl.google.com/dl/android/maven2/com/android/zipflinger/8.1.2/zipflinger-8.1.2.pom to /home/runner/.gradle/.tmp/gradle_download6832511430755344562bin
Downloading https://dl.google.com/dl/android/maven2/com/android/tools/build/manifest-merger/31.1.2/manifest-merger-31.1.2.module to /home/runner/.gradle/.tmp/gradle_download14455630550894294446bin
Resource missing. [HTTP GET: https://dl.google.com/dl/android/maven2/com/squareup/javawriter/2.5.0/javawriter-2.5.0.pom]
Downloading https://repo.maven.apache.org/maven2/com/squareup/javawriter/2.5.0/javawriter-2.5.0.pom to /home/runner/.gradle/.tmp/gradle_download14936606067451654002bin
Downloading https://dl.google.com/dl/android/maven2/com/android/tools/build/apkzlib/8.1.2/apkzlib-8.1.2.pom to /home/runner/.gradle/.tmp/gradle_download1584613208710706120bin
Resource missing. [HTTP GET: https://dl.google.com/dl/android/maven2/org/jetbrains/kotlin/kotlin-project-model/1.9.22/kotlin-project-model-1.9.22.pom]
Downloading https://repo.maven.apache.org/maven2/org/jetbrains/kotlin/kotlin-project-model/1.9.22/kotlin-project-model-1.9.22.pom to /home/runner/.gradle/.tmp/gradle_download3436407826172857138bin
Resource missing. [HTTP GET: https://dl.google.com/dl/android/maven2/org/jetbrains/kotlin/kotlin-gradle-plugin-annotations/1.9.22/kotlin-gradle-plugin-annotations-1.9.22.pom]
Resource missing. [HTTP GET: https://dl.google.com/dl/android/maven2/org/jetbrains/kotlin/kotlin-tooling-core/1.9.22/kotlin-tooling-core-1.9.22.pom]
Downloading https://repo.maven.apache.org/maven2/org/jetbrains/kotlin/kotlin-tooling-core/1.9.22/kotlin-tooling-core-1.9.22.pom to /home/runner/.gradle/.tmp/gradle_download4513301977391434362bin
Downloading https://repo.maven.apache.org/maven2/org/jetbrains/kotlin/kotlin-gradle-plugin-annotations/1.9.22/kotlin-gradle-plugin-annotations-1.9.22.pom to /home/runner/.gradle/.tmp/gradle_download4256474671693324604bin
Resource missing. [HTTP GET: https://dl.google.com/dl/android/maven2/org/jetbrains/kotlin/kotlin-native-utils/1.9.22/kotlin-native-utils-1.9.22.pom]
Downloading https://repo.maven.apache.org/maven2/org/jetbrains/kotlin/kotlin-native-utils/1.9.22/kotlin-native-utils-1.9.22.pom to /home/runner/.gradle/.tmp/gradle_download11524411436349605084bin
Resource missing. [HTTP GET: https://dl.google.com/dl/android/maven2/org/jetbrains/kotlin/kotlin-util-io/1.9.22/kotlin-util-io-1.9.22.pom]
Downloading https://repo.maven.apache.org/maven2/org/jetbrains/kotlin/kotlin-util-io/1.9.22/kotlin-util-io-1.9.22.pom to /home/runner/.gradle/.tmp/gradle_download6921775279323375519bin
Resource missing. [HTTP GET: https://dl.google.com/dl/android/maven2/org/jetbrains/kotlin/kotlin-daemon-embeddable/1.9.22/kotlin-daemon-embeddable-1.9.22.pom]
Downloading https://repo.maven.apache.org/maven2/org/jetbrains/kotlin/kotlin-daemon-embeddable/1.9.22/kotlin-daemon-embeddable-1.9.22.pom to /home/runner/.gradle/.tmp/gradle_download7598654407287778310bin
Resource missing. [HTTP GET: https://dl.google.com/dl/android/maven2/org/jetbrains/kotlinx/kotlinx-coroutines-core-jvm/1.5.0/kotlinx-coroutines-core-jvm-1.5.0.pom]
Downloading https://repo.maven.apache.org/maven2/org/jetbrains/kotlinx/kotlinx-coroutines-core-jvm/1.5.0/kotlinx-coroutines-core-jvm-1.5.0.pom to /home/runner/.gradle/.tmp/gradle_download11831248903194014184bin
Resource missing. [HTTP GET: https://dl.google.com/dl/android/maven2/org/jetbrains/kotlin/kotlin-daemon-client/1.9.22/kotlin-daemon-client-1.9.22.pom]
Downloading https://repo.maven.apache.org/maven2/org/jetbrains/kotlinx/kotlinx-coroutines-core-jvm/1.5.0/kotlinx-coroutines-core-jvm-1.5.0.module to /home/runner/.gradle/.tmp/gradle_download2816838201723312807bin
Downloading https://repo.maven.apache.org/maven2/org/jetbrains/kotlin/kotlin-daemon-client/1.9.22/kotlin-daemon-client-1.9.22.pom to /home/runner/.gradle/.tmp/gradle_download1787101082696865330bin
Resource missing. [HTTP GET: https://dl.google.com/dl/android/maven2/org/jetbrains/kotlin/kotlin-scripting-jvm/1.9.22/kotlin-scripting-jvm-1.9.22.pom]
Resource missing. [HTTP GET: https://dl.google.com/dl/android/maven2/org/jetbrains/kotlin/kotlin-scripting-common/1.9.22/kotlin-scripting-common-1.9.22.pom]
Downloading https://repo.maven.apache.org/maven2/org/jetbrains/kotlin/kotlin-scripting-jvm/1.9.22/kotlin-scripting-jvm-1.9.22.pom to /home/runner/.gradle/.tmp/gradle_download15164531615990044323bin
Downloading https://repo.maven.apache.org/maven2/org/jetbrains/kotlin/kotlin-scripting-common/1.9.22/kotlin-scripting-common-1.9.22.pom to /home/runner/.gradle/.tmp/gradle_download8833406477617391921bin
Resource missing. [HTTP GET: https://dl.google.com/dl/android/maven2/org/checkerframework/checker-qual/3.12.0/checker-qual-3.12.0.pom]
Downloading https://repo.maven.apache.org/maven2/org/checkerframework/checker-qual/3.12.0/checker-qual-3.12.0.pom to /home/runner/.gradle/.tmp/gradle_download15551110324880593309bin
Downloading https://repo.maven.apache.org/maven2/org/checkerframework/checker-qual/3.12.0/checker-qual-3.12.0.module to /home/runner/.gradle/.tmp/gradle_download7396675671157126003bin
Resource missing. [HTTP GET: https://dl.google.com/dl/android/maven2/com/google/errorprone/error_prone_annotations/2.11.0/error_prone_annotations-2.11.0.pom]
Downloading https://repo.maven.apache.org/maven2/com/google/errorprone/error_prone_annotations/2.11.0/error_prone_annotations-2.11.0.pom to /home/runner/.gradle/.tmp/gradle_download2781810188896375367bin
Resource missing. [HTTP GET: https://dl.google.com/dl/android/maven2/com/google/errorprone/error_prone_parent/2.11.0/error_prone_parent-2.11.0.pom]
Downloading https://repo.maven.apache.org/maven2/com/google/errorprone/error_prone_parent/2.11.0/error_prone_parent-2.11.0.pom to /home/runner/.gradle/.tmp/gradle_download6447926956900297533bin
Resource missing. [HTTP GET: https://dl.google.com/dl/android/maven2/com/google/guava/failureaccess/1.0.1/failureaccess-1.0.1.pom]
Resource missing. [HTTP GET: https://dl.google.com/dl/android/maven2/com/google/guava/listenablefuture/9999.0-empty-to-avoid-conflict-with-guava/listenablefuture-9999.0-empty-to-avoid-conflict-with-guava.pom]
Downloading https://repo.maven.apache.org/maven2/com/google/guava/listenablefuture/9999.0-empty-to-avoid-conflict-with-guava/listenablefuture-9999.0-empty-to-avoid-conflict-with-guava.pom to /home/runner/.gradle/.tmp/gradle_download3852173421929079977bin
Downloading https://repo.maven.apache.org/maven2/com/google/guava/failureaccess/1.0.1/failureaccess-1.0.1.pom to /home/runner/.gradle/.tmp/gradle_download5119214999313650909bin
Resource missing. [HTTP GET: https://dl.google.com/dl/android/maven2/com/google/guava/guava-parent/26.0-android/guava-parent-26.0-android.pom]
Downloading https://repo.maven.apache.org/maven2/com/google/guava/guava-parent/26.0-android/guava-parent-26.0-android.pom to /home/runner/.gradle/.tmp/gradle_download11948112311224044837bin
Resource missing. [HTTP GET: https://dl.google.com/dl/android/maven2/com/google/guava/guava-parent/26.0-android/guava-parent-26.0-android.pom]
Resource missing. [HTTP GET: https://dl.google.com/dl/android/maven2/xml-apis/xml-apis/1.4.01/xml-apis-1.4.01.pom]
Downloading https://repo.maven.apache.org/maven2/xml-apis/xml-apis/1.4.01/xml-apis-1.4.01.pom to /home/runner/.gradle/.tmp/gradle_download13249451561133860522bin
Resource missing. [HTTP GET: https://dl.google.com/dl/android/maven2/commons-codec/commons-codec/1.11/commons-codec-1.11.pom]
Downloading https://repo.maven.apache.org/maven2/commons-codec/commons-codec/1.11/commons-codec-1.11.pom to /home/runner/.gradle/.tmp/gradle_download3615680721274986882bin
Resource missing. [HTTP GET: https://dl.google.com/dl/android/maven2/org/apache/commons/commons-parent/42/commons-parent-42.pom]
Downloading https://repo.maven.apache.org/maven2/org/apache/commons/commons-parent/42/commons-parent-42.pom to /home/runner/.gradle/.tmp/gradle_download10687772323974427943bin
Resource missing. [HTTP GET: https://dl.google.com/dl/android/maven2/commons-logging/commons-logging/1.2/commons-logging-1.2.pom]
Downloading https://repo.maven.apache.org/maven2/commons-logging/commons-logging/1.2/commons-logging-1.2.pom to /home/runner/.gradle/.tmp/gradle_download11342529410253383385bin
Resource missing. [HTTP GET: https://dl.google.com/dl/android/maven2/org/apache/commons/commons-parent/34/commons-parent-34.pom]
Downloading https://repo.maven.apache.org/maven2/org/apache/commons/commons-parent/34/commons-parent-34.pom to /home/runner/.gradle/.tmp/gradle_download14887314433798108642bin
Resource missing. [HTTP GET: https://dl.google.com/dl/android/maven2/org/apache/apache/13/apache-13.pom]
Downloading https://repo.maven.apache.org/maven2/org/apache/apache/13/apache-13.pom to /home/runner/.gradle/.tmp/gradle_download4348559722800861565bin
Resource missing. [HTTP GET: https://dl.google.com/dl/android/maven2/net/java/dev/jna/jna/5.6.0/jna-5.6.0.pom]
Downloading https://repo.maven.apache.org/maven2/net/java/dev/jna/jna/5.6.0/jna-5.6.0.pom to /home/runner/.gradle/.tmp/gradle_download859702708659498280bin
Resource missing. [HTTP GET: https://dl.google.com/dl/android/maven2/io/grpc/grpc-context/1.45.1/grpc-context-1.45.1.pom]
Downloading https://repo.maven.apache.org/maven2/io/grpc/grpc-context/1.45.1/grpc-context-1.45.1.pom to /home/runner/.gradle/.tmp/gradle_download11574307515431028954bin
Resource missing. [HTTP GET: https://dl.google.com/dl/android/maven2/io/netty/netty-buffer/4.1.72.Final/netty-buffer-4.1.72.Final.pom]
Resource missing. [HTTP GET: https://dl.google.com/dl/android/maven2/io/netty/netty-transport/4.1.72.Final/netty-transport-4.1.72.Final.pom]
Resource missing. [HTTP GET: https://dl.google.com/dl/android/maven2/io/netty/netty-common/4.1.72.Final/netty-common-4.1.72.Final.pom]
Resource missing. [HTTP GET: https://dl.google.com/dl/android/maven2/io/netty/netty-codec/4.1.72.Final/netty-codec-4.1.72.Final.pom]
Downloading https://repo.maven.apache.org/maven2/io/netty/netty-transport/4.1.72.Final/netty-transport-4.1.72.Final.pom to /home/runner/.gradle/.tmp/gradle_download14286788987754488569bin
Downloading https://repo.maven.apache.org/maven2/io/netty/netty-common/4.1.72.Final/netty-common-4.1.72.Final.pom to /home/runner/.gradle/.tmp/gradle_download8679577629026167739bin
Downloading https://repo.maven.apache.org/maven2/io/netty/netty-codec/4.1.72.Final/netty-codec-4.1.72.Final.pom to /home/runner/.gradle/.tmp/gradle_download1784802640000673252bin
Downloading https://repo.maven.apache.org/maven2/io/netty/netty-buffer/4.1.72.Final/netty-buffer-4.1.72.Final.pom to /home/runner/.gradle/.tmp/gradle_download10589111232303813628bin
Resource missing. [HTTP GET: https://dl.google.com/dl/android/maven2/io/netty/netty-handler/4.1.72.Final/netty-handler-4.1.72.Final.pom]
Resource missing. [HTTP GET: https://dl.google.com/dl/android/maven2/io/netty/netty-codec-http/4.1.72.Final/netty-codec-http-4.1.72.Final.pom]
Downloading https://repo.maven.apache.org/maven2/io/netty/netty-codec-http/4.1.72.Final/netty-codec-http-4.1.72.Final.pom to /home/runner/.gradle/.tmp/gradle_download7594482308023495498bin
Downloading https://repo.maven.apache.org/maven2/io/netty/netty-handler/4.1.72.Final/netty-handler-4.1.72.Final.pom to /home/runner/.gradle/.tmp/gradle_download15798739088057863651bin
Resource missing. [HTTP GET: https://dl.google.com/dl/android/maven2/io/netty/netty-codec-socks/4.1.72.Final/netty-codec-socks-4.1.72.Final.pom]
Downloading https://repo.maven.apache.org/maven2/io/netty/netty-codec-socks/4.1.72.Final/netty-codec-socks-4.1.72.Final.pom to /home/runner/.gradle/.tmp/gradle_download6489824916276645506bin
Resource missing. [HTTP GET: https://dl.google.com/dl/android/maven2/io/netty/netty-resolver/4.1.72.Final/netty-resolver-4.1.72.Final.pom]
Downloading https://repo.maven.apache.org/maven2/io/netty/netty-resolver/4.1.72.Final/netty-resolver-4.1.72.Final.pom to /home/runner/.gradle/.tmp/gradle_download4526550731329497229bin
Resource missing. [HTTP GET: https://dl.google.com/dl/android/maven2/io/netty/netty-tcnative-classes/2.0.46.Final/netty-tcnative-classes-2.0.46.Final.pom]
Downloading https://repo.maven.apache.org/maven2/io/netty/netty-tcnative-classes/2.0.46.Final/netty-tcnative-classes-2.0.46.Final.pom to /home/runner/.gradle/.tmp/gradle_download9977109863481252599bin
Resource missing. [HTTP GET: https://dl.google.com/dl/android/maven2/io/netty/netty-tcnative-parent/2.0.46.Final/netty-tcnative-parent-2.0.46.Final.pom]
Downloading https://repo.maven.apache.org/maven2/io/netty/netty-tcnative-parent/2.0.46.Final/netty-tcnative-parent-2.0.46.Final.pom to /home/runner/.gradle/.tmp/gradle_download2406854367428584178bin
Resource missing. [HTTP HEAD: https://dl.google.com/dl/android/maven2/com/android/application/com.android.application.gradle.plugin/8.1.2/com.android.application.gradle.plugin-8.1.2.jar]
Resource missing. [HTTP HEAD: https://dl.google.com/dl/android/maven2/com/android/library/com.android.library.gradle.plugin/8.1.2/com.android.library.gradle.plugin-8.1.2.jar]
Resource missing. [HTTP HEAD: https://repo.maven.apache.org/maven2/org/jetbrains/kotlin/android/org.jetbrains.kotlin.android.gradle.plugin/1.9.22/org.jetbrains.kotlin.android.gradle.plugin-1.9.22.jar]
Resource missing. [HTTP HEAD: https://repo.maven.apache.org/maven2/org/jetbrains/kotlin/plugin/serialization/org.jetbrains.kotlin.plugin.serialization.gradle.plugin/1.9.22/org.jetbrains.kotlin.plugin.serialization.gradle.plugin-1.9.22.jar]
Resource missing. [HTTP HEAD: https://repo.maven.apache.org/maven2/com/google/dagger/hilt/android/com.google.dagger.hilt.android.gradle.plugin/2.50/com.google.dagger.hilt.android.gradle.plugin-2.50.jar]
Downloading https://repo.maven.apache.org/maven2/org/jetbrains/kotlin/kotlin-gradle-plugin-api/1.9.22/kotlin-gradle-plugin-api-1.9.22.jar to /home/runner/.gradle/.tmp/gradle_download14326610811607446904bin
Downloading https://repo.maven.apache.org/maven2/org/jetbrains/kotlin/kotlin-gradle-plugin-model/1.9.22/kotlin-gradle-plugin-model-1.9.22.jar to /home/runner/.gradle/.tmp/gradle_download16470832014135282965bin
Downloading https://repo.maven.apache.org/maven2/org/jetbrains/kotlin/kotlin-serialization/1.9.22/kotlin-serialization-1.9.22-gradle82.jar to /home/runner/.gradle/.tmp/gradle_download12957388954631067411bin
Downloading https://repo.maven.apache.org/maven2/org/jetbrains/kotlin/kotlin-gradle-plugin-api/1.9.22/kotlin-gradle-plugin-api-1.9.22-gradle82.jar to /home/runner/.gradle/.tmp/gradle_download10098094710684754783bin
Downloading https://repo.maven.apache.org/maven2/org/jetbrains/kotlin/kotlin-gradle-plugin/1.9.22/kotlin-gradle-plugin-1.9.22-gradle82.jar to /home/runner/.gradle/.tmp/gradle_download8501527951780141484bin
Downloading https://repo.maven.apache.org/maven2/com/google/dagger/hilt-android-gradle-plugin/2.50/hilt-android-gradle-plugin-2.50.jar to /home/runner/.gradle/.tmp/gradle_download7651404155287475206bin
Cache entries evicted. In-memory cache of /home/runner/work/echoSystem-native2/echoSystem-native2/.gradle/8.2.1/checksums/sha1-checksums.bin: Size{352} MaxSize{400}, CacheStats{hitCount=105, missCount=357, loadSuccessCount=353, loadExceptionCount=0, totalLoadTime=97496526, evictionCount=1} 
Performance may suffer from in-memory cache misses. Increase max heap size of Gradle build process to reduce cache misses.
Downloading https://dl.google.com/dl/android/maven2/com/android/tools/build/gradle-settings-api/8.1.2/gradle-settings-api-8.1.2.jar to /home/runner/.gradle/.tmp/gradle_download8017344203218875449bin
Downloading https://dl.google.com/dl/android/maven2/com/android/tools/lint/lint-model/31.1.2/lint-model-31.1.2.jar to /home/runner/.gradle/.tmp/gradle_download14248701710350570346bin
Downloading https://dl.google.com/dl/android/maven2/com/android/tools/build/manifest-merger/31.1.2/manifest-merger-31.1.2.jar to /home/runner/.gradle/.tmp/gradle_download8868223104958699211bin
Downloading https://dl.google.com/dl/android/maven2/com/android/tools/build/gradle/8.1.2/gradle-8.1.2.jar to /home/runner/.gradle/.tmp/gradle_download11685732558860048831bin
Downloading https://dl.google.com/dl/android/maven2/com/android/tools/build/builder/8.1.2/builder-8.1.2.jar to /home/runner/.gradle/.tmp/gradle_download4252477347294695825bin
Downloading https://dl.google.com/dl/android/maven2/com/android/tools/sdk-common/31.1.2/sdk-common-31.1.2.jar to /home/runner/.gradle/.tmp/gradle_download16620352081206569002bin
Downloading https://dl.google.com/dl/android/maven2/com/android/tools/sdklib/31.1.2/sdklib-31.1.2.jar to /home/runner/.gradle/.tmp/gradle_download7841866621362697015bin
Downloading https://dl.google.com/dl/android/maven2/com/android/tools/repository/31.1.2/repository-31.1.2.jar to /home/runner/.gradle/.tmp/gradle_download16542104659996254100bin
Downloading https://dl.google.com/dl/android/maven2/com/android/tools/build/gradle-api/8.1.2/gradle-api-8.1.2.jar to /home/runner/.gradle/.tmp/gradle_download11460648625358122816bin
Downloading https://dl.google.com/dl/android/maven2/com/android/tools/build/builder-test-api/8.1.2/builder-test-api-8.1.2.jar to /home/runner/.gradle/.tmp/gradle_download2923394651937376543bin
Downloading https://dl.google.com/dl/android/maven2/com/android/tools/ddms/ddmlib/31.1.2/ddmlib-31.1.2.jar to /home/runner/.gradle/.tmp/gradle_download11856290726724905113bin
Downloading https://dl.google.com/dl/android/maven2/com/android/tools/build/aaptcompiler/8.1.2/aaptcompiler-8.1.2.jar to /home/runner/.gradle/.tmp/gradle_download6660867369327417983bin
Downloading https://dl.google.com/dl/android/maven2/com/android/tools/build/bundletool/1.14.0/bundletool-1.14.0.jar to /home/runner/.gradle/.tmp/gradle_download15207715816845693927bin
Downloading https://dl.google.com/dl/android/maven2/com/android/tools/build/aapt2-proto/8.1.2-10154469/aapt2-proto-8.1.2-10154469.jar to /home/runner/.gradle/.tmp/gradle_download13192236583746257027bin
Downloading https://dl.google.com/dl/android/maven2/com/android/tools/analytics-library/crash/31.1.2/crash-31.1.2.jar to /home/runner/.gradle/.tmp/gradle_download11416291847663049810bin
Downloading https://dl.google.com/dl/android/maven2/com/android/tools/analytics-library/tracker/31.1.2/tracker-31.1.2.jar to /home/runner/.gradle/.tmp/gradle_download5225145964081405821bin
Downloading https://dl.google.com/dl/android/maven2/androidx/databinding/databinding-compiler-common/8.1.2/databinding-compiler-common-8.1.2.jar to /home/runner/.gradle/.tmp/gradle_download13412685124518958565bin
Downloading https://dl.google.com/dl/android/maven2/androidx/databinding/databinding-common/8.1.2/databinding-common-8.1.2.jar to /home/runner/.gradle/.tmp/gradle_download847883848135641778bin
Downloading https://dl.google.com/dl/android/maven2/com/android/tools/analytics-library/shared/31.1.2/shared-31.1.2.jar to /home/runner/.gradle/.tmp/gradle_download1512134650672877553bin
Downloading https://dl.google.com/dl/android/maven2/com/android/tools/lint/lint-typedef-remover/31.1.2/lint-typedef-remover-31.1.2.jar to /home/runner/.gradle/.tmp/gradle_download2297945493465818120bin
Downloading https://dl.google.com/dl/android/maven2/com/android/databinding/baseLibrary/8.1.2/baseLibrary-8.1.2.jar to /home/runner/.gradle/.tmp/gradle_download4070092146554869230bin
Downloading https://dl.google.com/dl/android/maven2/com/android/tools/layoutlib/layoutlib-api/31.1.2/layoutlib-api-31.1.2.jar to /home/runner/.gradle/.tmp/gradle_download17658421568966849039bin
Downloading https://dl.google.com/dl/android/maven2/com/android/tools/utp/android-device-provider-ddmlib-proto/31.1.2/android-device-provider-ddmlib-proto-31.1.2.jar to /home/runner/.gradle/.tmp/gradle_download9450782542404244953bin
Downloading https://dl.google.com/dl/android/maven2/com/android/tools/utp/android-device-provider-gradle-proto/31.1.2/android-device-provider-gradle-proto-31.1.2.jar to /home/runner/.gradle/.tmp/gradle_download14060550550291574712bin
Downloading https://dl.google.com/dl/android/maven2/com/android/tools/utp/android-test-plugin-host-coverage-proto/31.1.2/android-test-plugin-host-coverage-proto-31.1.2.jar to /home/runner/.gradle/.tmp/gradle_download17874599369867822999bin
Downloading https://dl.google.com/dl/android/maven2/com/android/tools/utp/android-test-plugin-host-logcat-proto/31.1.2/android-test-plugin-host-logcat-proto-31.1.2.jar to /home/runner/.gradle/.tmp/gradle_download4879195677591744010bin
Downloading https://dl.google.com/dl/android/maven2/com/android/tools/utp/android-test-plugin-host-additional-test-output-proto/31.1.2/android-test-plugin-host-additional-test-output-proto-31.1.2.jar to /home/runner/.gradle/.tmp/gradle_download6785471356691773135bin
Downloading https://dl.google.com/dl/android/maven2/com/android/tools/utp/android-test-plugin-host-emulator-control-proto/31.1.2/android-test-plugin-host-emulator-control-proto-31.1.2.jar to /home/runner/.gradle/.tmp/gradle_download4252502111551379912bin
Downloading https://dl.google.com/dl/android/maven2/com/android/tools/utp/android-test-plugin-host-apk-installer-proto/31.1.2/android-test-plugin-host-apk-installer-proto-31.1.2.jar to /home/runner/.gradle/.tmp/gradle_download10329444699937759578bin
Downloading https://dl.google.com/dl/android/maven2/com/android/tools/utp/android-test-plugin-host-retention-proto/31.1.2/android-test-plugin-host-retention-proto-31.1.2.jar to /home/runner/.gradle/.tmp/gradle_download14937970844729373991bin
Downloading https://dl.google.com/dl/android/maven2/com/android/tools/build/jetifier/jetifier-processor/1.0.0-beta10/jetifier-processor-1.0.0-beta10.jar to /home/runner/.gradle/.tmp/gradle_download8319367327402346261bin
Downloading https://dl.google.com/dl/android/maven2/com/android/tools/build/jetifier/jetifier-core/1.0.0-beta10/jetifier-core-1.0.0-beta10.jar to /home/runner/.gradle/.tmp/gradle_download5323685810545264580bin
Downloading https://dl.google.com/dl/android/maven2/com/android/tools/utp/android-test-plugin-result-listener-gradle-proto/31.1.2/android-test-plugin-result-listener-gradle-proto-31.1.2.jar to /home/runner/.gradle/.tmp/gradle_download5937291316098308527bin
Downloading https://repo.maven.apache.org/maven2/org/jetbrains/kotlin/kotlin-stdlib-jdk7/1.8.20-RC2/kotlin-stdlib-jdk7-1.8.20-RC2.jar to /home/runner/.gradle/.tmp/gradle_download11356024896757394749bin
Downloading https://repo.maven.apache.org/maven2/org/jetbrains/kotlin/kotlin-reflect/1.8.20-RC2/kotlin-reflect-1.8.20-RC2.jar to /home/runner/.gradle/.tmp/gradle_download11808062107701811228bin
Downloading https://repo.maven.apache.org/maven2/org/jetbrains/kotlin/kotlin-stdlib/1.9.20/kotlin-stdlib-1.9.20.jar to /home/runner/.gradle/.tmp/gradle_download10178486945122505181bin
Downloading https://dl.google.com/dl/android/maven2/com/android/tools/build/builder-model/8.1.2/builder-model-8.1.2.jar to /home/runner/.gradle/.tmp/gradle_download613270316032198609bin
Downloading https://repo.maven.apache.org/maven2/org/jetbrains/kotlin/kotlin-stdlib-jdk8/1.8.20-RC2/kotlin-stdlib-jdk8-1.8.20-RC2.jar to /home/runner/.gradle/.tmp/gradle_download816445110311712526bin
Downloading https://dl.google.com/dl/android/maven2/com/android/tools/build/transform-api/2.0.0-deprecated-use-gradle-api/transform-api-2.0.0-deprecated-use-gradle-api.jar to /home/runner/.gradle/.tmp/gradle_download37244921217246782bin
Downloading https://repo.maven.apache.org/maven2/org/apache/httpcomponents/httpmime/4.5.6/httpmime-4.5.6.jar to /home/runner/.gradle/.tmp/gradle_download8238311296595760675bin
Downloading https://dl.google.com/dl/android/maven2/com/android/tools/dvlib/31.1.2/dvlib-31.1.2.jar to /home/runner/.gradle/.tmp/gradle_download15218965851337682367bin
Downloading https://repo.maven.apache.org/maven2/commons-io/commons-io/2.4/commons-io-2.4.jar to /home/runner/.gradle/.tmp/gradle_download11703529057284535814bin
Downloading https://repo.maven.apache.org/maven2/org/ow2/asm/asm-commons/9.2/asm-commons-9.2.jar to /home/runner/.gradle/.tmp/gradle_download12980642545337371242bin
Downloading https://repo.maven.apache.org/maven2/org/ow2/asm/asm-util/9.2/asm-util-9.2.jar to /home/runner/.gradle/.tmp/gradle_download9053939142197378478bin
Downloading https://dl.google.com/dl/android/maven2/com/android/tools/common/31.1.2/common-31.1.2.jar to /home/runner/.gradle/.tmp/gradle_download11102759349213150049bin
Downloading https://repo.maven.apache.org/maven2/org/ow2/asm/asm/9.6/asm-9.6.jar to /home/runner/.gradle/.tmp/gradle_download14342760133909480925bin
Downloading https://repo.maven.apache.org/maven2/org/ow2/asm/asm-tree/9.2/asm-tree-9.2.jar to /home/runner/.gradle/.tmp/gradle_download14793246663121722156bin
Downloading https://repo.maven.apache.org/maven2/org/ow2/asm/asm-analysis/9.2/asm-analysis-9.2.jar to /home/runner/.gradle/.tmp/gradle_download10241771219391324469bin
Downloading https://dl.google.com/dl/android/maven2/com/android/tools/build/apkzlib/8.1.2/apkzlib-8.1.2.jar to /home/runner/.gradle/.tmp/gradle_download10787951833166047838bin
Downloading https://repo.maven.apache.org/maven2/net/sf/jopt-simple/jopt-simple/4.9/jopt-simple-4.9.jar to /home/runner/.gradle/.tmp/gradle_download308788396731235103bin
Downloading https://repo.maven.apache.org/maven2/org/bouncycastle/bcpkix-jdk15on/1.67/bcpkix-jdk15on-1.67.jar to /home/runner/.gradle/.tmp/gradle_download15603510627082492626bin
Downloading https://repo.maven.apache.org/maven2/org/glassfish/jaxb/jaxb-runtime/2.3.2/jaxb-runtime-2.3.2.jar to /home/runner/.gradle/.tmp/gradle_download4717191175844036131bin
Downloading https://repo.maven.apache.org/maven2/com/squareup/javapoet/1.13.0/javapoet-1.13.0.jar to /home/runner/.gradle/.tmp/gradle_download6534333210924997137bin
Downloading https://repo.maven.apache.org/maven2/io/grpc/grpc-protobuf/1.45.1/grpc-protobuf-1.45.1.jar to /home/runner/.gradle/.tmp/gradle_download6494905699873490756bin
Downloading https://repo.maven.apache.org/maven2/com/google/crypto/tink/tink/1.7.0/tink-1.7.0.jar to /home/runner/.gradle/.tmp/gradle_download18272118342670728077bin
Downloading https://repo.maven.apache.org/maven2/com/google/protobuf/protobuf-java-util/3.19.3/protobuf-java-util-3.19.3.jar to /home/runner/.gradle/.tmp/gradle_download6800308709133334748bin
Downloading https://dl.google.com/dl/android/maven2/com/android/tools/analytics-library/protos/31.1.2/protos-31.1.2.jar to /home/runner/.gradle/.tmp/gradle_download10647128112771960355bin
Downloading https://repo.maven.apache.org/maven2/com/google/api/grpc/proto-google-common-protos/2.0.1/proto-google-common-protos-2.0.1.jar to /home/runner/.gradle/.tmp/gradle_download12886777241105651688bin
Downloading https://repo.maven.apache.org/maven2/io/grpc/grpc-netty/1.45.1/grpc-netty-1.45.1.jar to /home/runner/.gradle/.tmp/gradle_download18385032620458208031bin
Downloading https://repo.maven.apache.org/maven2/com/google/protobuf/protobuf-java/3.19.3/protobuf-java-3.19.3.jar to /home/runner/.gradle/.tmp/gradle_download10266274891545216448bin
Downloading https://repo.maven.apache.org/maven2/io/grpc/grpc-core/1.45.1/grpc-core-1.45.1.jar to /home/runner/.gradle/.tmp/gradle_download8451610122840452534bin
Downloading https://repo.maven.apache.org/maven2/io/grpc/grpc-stub/1.45.1/grpc-stub-1.45.1.jar to /home/runner/.gradle/.tmp/gradle_download16571091370324885989bin
Downloading https://repo.maven.apache.org/maven2/com/google/code/gson/gson/2.8.9/gson-2.8.9.jar to /home/runner/.gradle/.tmp/gradle_download10196232856237295384bin
Downloading https://dl.google.com/dl/android/maven2/com/google/testing/platform/core-proto/0.0.8-alpha08/core-proto-0.0.8-alpha08.jar to /home/runner/.gradle/.tmp/gradle_download740925132067299738bin
Downloading https://repo.maven.apache.org/maven2/org/tensorflow/tensorflow-lite-metadata/0.1.0-rc2/tensorflow-lite-metadata-0.1.0-rc2.jar to /home/runner/.gradle/.tmp/gradle_download2498366912065802069bin
Downloading https://repo.maven.apache.org/maven2/com/google/flatbuffers/flatbuffers-java/1.12.0/flatbuffers-java-1.12.0.jar to /home/runner/.gradle/.tmp/gradle_download14554155463980044753bin
Downloading https://repo.maven.apache.org/maven2/org/jetbrains/kotlin/kotlin-gradle-plugin-idea-proto/1.9.22/kotlin-gradle-plugin-idea-proto-1.9.22.jar to /home/runner/.gradle/.tmp/gradle_download6987650347452292376bin
Downloading https://repo.maven.apache.org/maven2/org/jetbrains/kotlin/kotlin-gradle-plugin-idea/1.9.22/kotlin-gradle-plugin-idea-1.9.22.jar to /home/runner/.gradle/.tmp/gradle_download3438280129244635389bin
Downloading https://repo.maven.apache.org/maven2/org/jetbrains/kotlin/kotlin-klib-commonizer-api/1.9.22/kotlin-klib-commonizer-api-1.9.22.jar to /home/runner/.gradle/.tmp/gradle_download18246470483464934171bin
Downloading https://repo.maven.apache.org/maven2/org/jetbrains/kotlin/kotlin-native-utils/1.9.22/kotlin-native-utils-1.9.22.jar to /home/runner/.gradle/.tmp/gradle_download17010860026142891398bin
Downloading https://repo.maven.apache.org/maven2/org/jetbrains/kotlin/kotlin-util-klib/1.9.22/kotlin-util-klib-1.9.22.jar to /home/runner/.gradle/.tmp/gradle_download14631658783629838075bin
Downloading https://repo.maven.apache.org/maven2/org/jetbrains/kotlin/kotlin-build-tools-api/1.9.22/kotlin-build-tools-api-1.9.22.jar to /home/runner/.gradle/.tmp/gradle_download6956799490410601455bin
Downloading https://repo.maven.apache.org/maven2/org/jetbrains/kotlin/kotlin-android-extensions/1.9.22/kotlin-android-extensions-1.9.22.jar to /home/runner/.gradle/.tmp/gradle_download6622507045218704783bin
Downloading https://repo.maven.apache.org/maven2/org/jetbrains/kotlin/kotlin-compiler-runner/1.9.22/kotlin-compiler-runner-1.9.22.jar to /home/runner/.gradle/.tmp/gradle_download14107851562994176835bin
Downloading https://repo.maven.apache.org/maven2/org/jetbrains/kotlin/kotlin-scripting-compiler-embeddable/1.9.22/kotlin-scripting-compiler-embeddable-1.9.22.jar to /home/runner/.gradle/.tmp/gradle_download7503079310441149988bin
Downloading https://repo.maven.apache.org/maven2/org/jetbrains/kotlin/kotlin-scripting-compiler-impl-embeddable/1.9.22/kotlin-scripting-compiler-impl-embeddable-1.9.22.jar to /home/runner/.gradle/.tmp/gradle_download719190669200132106bin
Downloading https://repo.maven.apache.org/maven2/org/jetbrains/kotlin/kotlin-compiler-embeddable/1.9.22/kotlin-compiler-embeddable-1.9.22.jar to /home/runner/.gradle/.tmp/gradle_download2878811515931914793bin
Downloading https://repo.maven.apache.org/maven2/com/google/jimfs/jimfs/1.1/jimfs-1.1.jar to /home/runner/.gradle/.tmp/gradle_download6770688412884928938bin
Downloading https://repo.maven.apache.org/maven2/io/grpc/grpc-protobuf-lite/1.45.1/grpc-protobuf-lite-1.45.1.jar to /home/runner/.gradle/.tmp/gradle_download13538240348841089434bin
Downloading https://repo.maven.apache.org/maven2/io/grpc/grpc-api/1.45.1/grpc-api-1.45.1.jar to /home/runner/.gradle/.tmp/gradle_download15405393685078427051bin
Downloading https://repo.maven.apache.org/maven2/com/google/guava/guava/31.1-jre/guava-31.1-jre.jar to /home/runner/.gradle/.tmp/gradle_download7417668948082778566bin
Downloading https://repo.maven.apache.org/maven2/javax/inject/javax.inject/1/javax.inject-1.jar to /home/runner/.gradle/.tmp/gradle_download12504594184897129404bin
Downloading https://repo.maven.apache.org/maven2/com/google/dagger/dagger/2.28.3/dagger-2.28.3.jar to /home/runner/.gradle/.tmp/gradle_download13128276829879783297bin
Cache entries evicted. In-memory cache of /home/runner/work/echoSystem-native2/echoSystem-native2/.gradle/8.2.1/checksums/sha1-checksums.bin: Size{393} MaxSize{400}, CacheStats{hitCount=105, missCount=438, loadSuccessCount=434, loadExceptionCount=0, totalLoadTime=144888806, evictionCount=41} 
Performance may suffer from in-memory cache misses. Increase max heap size of Gradle build process to reduce cache misses.
Downloading https://repo.maven.apache.org/maven2/org/bouncycastle/bcprov-jdk15on/1.67/bcprov-jdk15on-1.67.jar to /home/runner/.gradle/.tmp/gradle_download6654297103274462750bin
Downloading https://repo.maven.apache.org/maven2/net/sf/kxml/kxml2/2.3.0/kxml2-2.3.0.jar to /home/runner/.gradle/.tmp/gradle_download4844431462881792311bin
Downloading https://repo.maven.apache.org/maven2/org/jetbrains/intellij/deps/trove4j/1.0.20200330/trove4j-1.0.20200330.jar to /home/runner/.gradle/.tmp/gradle_download322889011064611624bin
Downloading https://repo.maven.apache.org/maven2/xerces/xercesImpl/2.12.0/xercesImpl-2.12.0.jar to /home/runner/.gradle/.tmp/gradle_download3728222399845310144bin
Downloading https://repo.maven.apache.org/maven2/org/apache/commons/commons-compress/1.21/commons-compress-1.21.jar to /home/runner/.gradle/.tmp/gradle_download15684162635746606538bin
Downloading https://repo.maven.apache.org/maven2/org/apache/httpcomponents/httpclient/4.5.13/httpclient-4.5.13.jar to /home/runner/.gradle/.tmp/gradle_download6251205638612289494bin
Downloading https://repo.maven.apache.org/maven2/org/apache/httpcomponents/httpcore/4.4.15/httpcore-4.4.15.jar to /home/runner/.gradle/.tmp/gradle_download10580461743818059425bin
Downloading https://repo.maven.apache.org/maven2/com/sun/activation/javax.activation/1.2.0/javax.activation-1.2.0.jar to /home/runner/.gradle/.tmp/gradle_download2791199360234581767bin
Downloading https://repo.maven.apache.org/maven2/org/jetbrains/annotations/13.0/annotations-13.0.jar to /home/runner/.gradle/.tmp/gradle_download13174446848692828774bin
Downloading https://dl.google.com/dl/android/maven2/com/android/signflinger/8.1.2/signflinger-8.1.2.jar to /home/runner/.gradle/.tmp/gradle_download6842864330382270294bin
Downloading https://dl.google.com/dl/android/maven2/com/android/tools/annotations/31.1.2/annotations-31.1.2.jar to /home/runner/.gradle/.tmp/gradle_download4412734776700316426bin
Downloading https://repo.maven.apache.org/maven2/com/googlecode/juniversalchardet/juniversalchardet/1.0.3/juniversalchardet-1.0.3.jar to /home/runner/.gradle/.tmp/gradle_download17832963721506762594bin
Downloading https://repo.maven.apache.org/maven2/net/java/dev/jna/jna-platform/5.6.0/jna-platform-5.6.0.jar to /home/runner/.gradle/.tmp/gradle_download13812675569603577572bin
Downloading https://repo.maven.apache.org/maven2/javax/annotation/javax.annotation-api/1.3.2/javax.annotation-api-1.3.2.jar to /home/runner/.gradle/.tmp/gradle_download6542543127813436064bin
Downloading https://repo.maven.apache.org/maven2/org/jvnet/staxex/stax-ex/1.8.1/stax-ex-1.8.1.jar to /home/runner/.gradle/.tmp/gradle_download7477800889123839766bin
Downloading https://repo.maven.apache.org/maven2/jakarta/xml/bind/jakarta.xml.bind-api/2.3.2/jakarta.xml.bind-api-2.3.2.jar to /home/runner/.gradle/.tmp/gradle_download13856360881591180337bin
Downloading https://repo.maven.apache.org/maven2/org/glassfish/jaxb/txw2/2.3.2/txw2-2.3.2.jar to /home/runner/.gradle/.tmp/gradle_download10388358081993333156bin
Downloading https://repo.maven.apache.org/maven2/com/sun/istack/istack-commons-runtime/3.0.8/istack-commons-runtime-3.0.8.jar to /home/runner/.gradle/.tmp/gradle_download18054658591699970347bin
Downloading https://dl.google.com/dl/android/maven2/com/android/zipflinger/8.1.2/zipflinger-8.1.2.jar to /home/runner/.gradle/.tmp/gradle_download16881097260724417126bin
Downloading https://repo.maven.apache.org/maven2/com/sun/xml/fastinfoset/FastInfoset/1.2.16/FastInfoset-1.2.16.jar to /home/runner/.gradle/.tmp/gradle_download14438306130240379082bin
Downloading https://repo.maven.apache.org/maven2/jakarta/activation/jakarta.activation-api/1.2.1/jakarta.activation-api-1.2.1.jar to /home/runner/.gradle/.tmp/gradle_download196137515148840882bin
Downloading https://repo.maven.apache.org/maven2/org/bitbucket/b_c/jose4j/0.7.0/jose4j-0.7.0.jar to /home/runner/.gradle/.tmp/gradle_download11459346250149724327bin
Downloading https://repo.maven.apache.org/maven2/com/google/auto/value/auto-value-annotations/1.6.2/auto-value-annotations-1.6.2.jar to /home/runner/.gradle/.tmp/gradle_download2820167810510743129bin
Downloading https://repo.maven.apache.org/maven2/com/google/errorprone/error_prone_annotations/2.11.0/error_prone_annotations-2.11.0.jar to /home/runner/.gradle/.tmp/gradle_download880591714633000000bin
Downloading https://repo.maven.apache.org/maven2/org/slf4j/slf4j-api/1.7.30/slf4j-api-1.7.30.jar to /home/runner/.gradle/.tmp/gradle_download13972542758992626550bin
Downloading https://repo.maven.apache.org/maven2/org/jdom/jdom2/2.0.6/jdom2-2.0.6.jar to /home/runner/.gradle/.tmp/gradle_download10333948253304648666bin
Downloading https://repo.maven.apache.org/maven2/com/google/j2objc/j2objc-annotations/1.3/j2objc-annotations-1.3.jar to /home/runner/.gradle/.tmp/gradle_download6977542930507989735bin
Downloading https://repo.maven.apache.org/maven2/com/google/code/findbugs/jsr305/3.0.2/jsr305-3.0.2.jar to /home/runner/.gradle/.tmp/gradle_download2694791618936353544bin
Downloading https://repo.maven.apache.org/maven2/com/google/android/annotations/4.1.1.4/annotations-4.1.1.4.jar to /home/runner/.gradle/.tmp/gradle_download9369768161358568248bin
Downloading https://repo.maven.apache.org/maven2/io/perfmark/perfmark-api/0.23.0/perfmark-api-0.23.0.jar to /home/runner/.gradle/.tmp/gradle_download9003203548522492222bin
Downloading https://repo.maven.apache.org/maven2/org/codehaus/mojo/animal-sniffer-annotations/1.19/animal-sniffer-annotations-1.19.jar to /home/runner/.gradle/.tmp/gradle_download2273439257173835701bin
Downloading https://repo.maven.apache.org/maven2/io/netty/netty-codec-http2/4.1.72.Final/netty-codec-http2-4.1.72.Final.jar to /home/runner/.gradle/.tmp/gradle_download9155097630702088897bin
Downloading https://repo.maven.apache.org/maven2/org/checkerframework/checker-qual/3.12.0/checker-qual-3.12.0.jar to /home/runner/.gradle/.tmp/gradle_download7089576193867817411bin
Downloading https://repo.maven.apache.org/maven2/io/netty/netty-handler-proxy/4.1.72.Final/netty-handler-proxy-4.1.72.Final.jar to /home/runner/.gradle/.tmp/gradle_download1343655212943400372bin
Downloading https://repo.maven.apache.org/maven2/commons-codec/commons-codec/1.11/commons-codec-1.11.jar to /home/runner/.gradle/.tmp/gradle_download11232439690912482879bin
Downloading https://repo.maven.apache.org/maven2/com/squareup/javawriter/2.5.0/javawriter-2.5.0.jar to /home/runner/.gradle/.tmp/gradle_download13799557480216145327bin
Downloading https://repo.maven.apache.org/maven2/org/jetbrains/kotlin/kotlin-project-model/1.9.22/kotlin-project-model-1.9.22.jar to /home/runner/.gradle/.tmp/gradle_download13470792976334363952bin
Downloading https://repo.maven.apache.org/maven2/org/jetbrains/kotlin/kotlin-gradle-plugin-annotations/1.9.22/kotlin-gradle-plugin-annotations-1.9.22.jar to /home/runner/.gradle/.tmp/gradle_download12479848839724567455bin
Downloading https://repo.maven.apache.org/maven2/org/jetbrains/kotlin/kotlin-tooling-core/1.9.22/kotlin-tooling-core-1.9.22.jar to /home/runner/.gradle/.tmp/gradle_download2440477131051800806bin
Downloading https://repo.maven.apache.org/maven2/org/jetbrains/kotlin/kotlin-daemon-embeddable/1.9.22/kotlin-daemon-embeddable-1.9.22.jar to /home/runner/.gradle/.tmp/gradle_download5187666198446901073bin
Downloading https://repo.maven.apache.org/maven2/org/jetbrains/kotlin/kotlin-util-io/1.9.22/kotlin-util-io-1.9.22.jar to /home/runner/.gradle/.tmp/gradle_download1763633484952289479bin
Downloading https://repo.maven.apache.org/maven2/org/jetbrains/kotlin/kotlin-daemon-client/1.9.22/kotlin-daemon-client-1.9.22.jar to /home/runner/.gradle/.tmp/gradle_download14684417720770914614bin
Downloading https://repo.maven.apache.org/maven2/org/jetbrains/kotlinx/kotlinx-coroutines-core-jvm/1.5.0/kotlinx-coroutines-core-jvm-1.5.0.jar to /home/runner/.gradle/.tmp/gradle_download16145440687771428456bin
Downloading https://repo.maven.apache.org/maven2/org/jetbrains/kotlin/kotlin-scripting-common/1.9.22/kotlin-scripting-common-1.9.22.jar to /home/runner/.gradle/.tmp/gradle_download556241386535741213bin
Cache entries evicted. In-memory cache of /home/runner/work/echoSystem-native2/echoSystem-native2/.gradle/8.2.1/checksums/sha1-checksums.bin: Size{400} MaxSize{400}, CacheStats{hitCount=105, missCount=485, loadSuccessCount=481, loadExceptionCount=0, totalLoadTime=163918543, evictionCount=81} 
Performance may suffer from in-memory cache misses. Increase max heap size of Gradle build process to reduce cache misses.
Downloading https://repo.maven.apache.org/maven2/org/jetbrains/kotlin/kotlin-scripting-jvm/1.9.22/kotlin-scripting-jvm-1.9.22.jar to /home/runner/.gradle/.tmp/gradle_download1015713765193793750bin
Downloading https://dl.google.com/dl/android/maven2/com/android/tools/build/apksig/8.1.2/apksig-8.1.2.jar to /home/runner/.gradle/.tmp/gradle_download16014582404233449961bin
Downloading https://repo.maven.apache.org/maven2/com/google/guava/failureaccess/1.0.1/failureaccess-1.0.1.jar to /home/runner/.gradle/.tmp/gradle_download2797402555797785866bin
Downloading https://repo.maven.apache.org/maven2/com/google/guava/listenablefuture/9999.0-empty-to-avoid-conflict-with-guava/listenablefuture-9999.0-empty-to-avoid-conflict-with-guava.jar to /home/runner/.gradle/.tmp/gradle_download11081098255697579628bin
Downloading https://repo.maven.apache.org/maven2/net/java/dev/jna/jna/5.6.0/jna-5.6.0.jar to /home/runner/.gradle/.tmp/gradle_download6653954575800402209bin
Downloading https://repo.maven.apache.org/maven2/commons-logging/commons-logging/1.2/commons-logging-1.2.jar to /home/runner/.gradle/.tmp/gradle_download12678641894697927115bin
Downloading https://repo.maven.apache.org/maven2/xml-apis/xml-apis/1.4.01/xml-apis-1.4.01.jar to /home/runner/.gradle/.tmp/gradle_download14943285384636070622bin
Downloading https://repo.maven.apache.org/maven2/io/grpc/grpc-context/1.45.1/grpc-context-1.45.1.jar to /home/runner/.gradle/.tmp/gradle_download13037261404156674387bin
Downloading https://repo.maven.apache.org/maven2/io/netty/netty-codec-http/4.1.72.Final/netty-codec-http-4.1.72.Final.jar to /home/runner/.gradle/.tmp/gradle_download7121018664127609289bin
Downloading https://repo.maven.apache.org/maven2/io/netty/netty-codec-socks/4.1.72.Final/netty-codec-socks-4.1.72.Final.jar to /home/runner/.gradle/.tmp/gradle_download2021778658572561271bin
Downloading https://repo.maven.apache.org/maven2/io/netty/netty-handler/4.1.72.Final/netty-handler-4.1.72.Final.jar to /home/runner/.gradle/.tmp/gradle_download17894634979896627103bin
Downloading https://repo.maven.apache.org/maven2/io/netty/netty-codec/4.1.72.Final/netty-codec-4.1.72.Final.jar to /home/runner/.gradle/.tmp/gradle_download6427111448817398058bin
Downloading https://repo.maven.apache.org/maven2/io/netty/netty-transport/4.1.72.Final/netty-transport-4.1.72.Final.jar to /home/runner/.gradle/.tmp/gradle_download12304171880483152335bin
Downloading https://repo.maven.apache.org/maven2/io/netty/netty-buffer/4.1.72.Final/netty-buffer-4.1.72.Final.jar to /home/runner/.gradle/.tmp/gradle_download16489355058246913797bin
Downloading https://repo.maven.apache.org/maven2/io/netty/netty-common/4.1.72.Final/netty-common-4.1.72.Final.jar to /home/runner/.gradle/.tmp/gradle_download15676788443862904916bin
Downloading https://repo.maven.apache.org/maven2/io/netty/netty-resolver/4.1.72.Final/netty-resolver-4.1.72.Final.jar to /home/runner/.gradle/.tmp/gradle_download12918787888047614399bin
Downloading https://repo.maven.apache.org/maven2/io/netty/netty-tcnative-classes/2.0.46.Final/netty-tcnative-classes-2.0.46.Final.jar to /home/runner/.gradle/.tmp/gradle_download5215957385037749385bin
Compiling build file '/home/runner/work/echoSystem-native2/echoSystem-native2/build.gradle' using BuildScriptTransformer.

> Configure project :app
Evaluating project ':app' using build file '/home/runner/work/echoSystem-native2/echoSystem-native2/app/build.gradle'.
Compiling build file '/home/runner/work/echoSystem-native2/echoSystem-native2/app/build.gradle' using SubsetScriptTransformer.
Using default execution profile
Using Kotlin Gradle Plugin gradle82 variant
Compiling build file '/home/runner/work/echoSystem-native2/echoSystem-native2/app/build.gradle' using BuildScriptTransformer.
Parsed shrinker version: 8.1.68
All projects evaluated.
The configuration :classpath is both resolvable and consumable. This is considered a legacy configuration and it will eventually only be possible to be one of these.
The configuration :classpath is both consumable and declarable. This combination is incorrect, only one of these flags should be set.
The configuration :classpath is both resolvable and consumable. This is considered a legacy configuration and it will eventually only be possible to be one of these.
The configuration :classpath is both consumable and declarable. This combination is incorrect, only one of these flags should be set.
The configuration :classpath is both resolvable and consumable. This is considered a legacy configuration and it will eventually only be possible to be one of these.
The configuration :classpath is both consumable and declarable. This combination is incorrect, only one of these flags should be set.
The configuration :classpath is both resolvable and consumable. This is considered a legacy configuration and it will eventually only be possible to be one of these.
The configuration :classpath is both consumable and declarable. This combination is incorrect, only one of these flags should be set.
The configuration :classpath is both resolvable and consumable. This is considered a legacy configuration and it will eventually only be possible to be one of these.
The configuration :classpath is both consumable and declarable. This combination is incorrect, only one of these flags should be set.
The configuration :app:classpath is both resolvable and consumable. This is considered a legacy configuration and it will eventually only be possible to be one of these.
The configuration :app:classpath is both consumable and declarable. This combination is incorrect, only one of these flags should be set.
The configuration :app:classpath is both resolvable and consumable. This is considered a legacy configuration and it will eventually only be possible to be one of these.
The configuration :app:classpath is both consumable and declarable. This combination is incorrect, only one of these flags should be set.
The configuration :app:classpath is both resolvable and consumable. This is considered a legacy configuration and it will eventually only be possible to be one of these.
The configuration :app:classpath is both consumable and declarable. This combination is incorrect, only one of these flags should be set.
The configuration :app:classpath is both resolvable and consumable. This is considered a legacy configuration and it will eventually only be possible to be one of these.
The configuration :app:classpath is both consumable and declarable. This combination is incorrect, only one of these flags should be set.
The configuration :app:classpath is both resolvable and consumable. This is considered a legacy configuration and it will eventually only be possible to be one of these.
The configuration :app:classpath is both consumable and declarable. This combination is incorrect, only one of these flags should be set.
The configuration :app:classpath is both resolvable and consumable. This is considered a legacy configuration and it will eventually only be possible to be one of these.
The configuration :app:classpath is both consumable and declarable. This combination is incorrect, only one of these flags should be set.
Task name matched 'assembleDebug'
Selected primary task 'assembleDebug' from project :
Parsing /usr/local/lib/android/sdk/build-tools/34.0.0/package.xml
Parsing /usr/local/lib/android/sdk/build-tools/35.0.0/package.xml
Parsing /usr/local/lib/android/sdk/build-tools/35.0.1/package.xml
Parsing /usr/local/lib/android/sdk/build-tools/36.0.0/package.xml
Parsing /usr/local/lib/android/sdk/build-tools/36.1.0/package.xml
Parsing /usr/local/lib/android/sdk/build-tools/37.0.0/package.xml
Parsing /usr/local/lib/android/sdk/cmake/3.31.5/package.xml
Parsing /usr/local/lib/android/sdk/cmake/4.1.2/package.xml
Parsing legacy package: /usr/local/lib/android/sdk/cmdline-tools/latest
Parsing /usr/local/lib/android/sdk/extras/android/m2repository/package.xml
Parsing /usr/local/lib/android/sdk/extras/google/google_play_services/package.xml
Parsing /usr/local/lib/android/sdk/extras/google/m2repository/package.xml
Parsing /usr/local/lib/android/sdk/ndk/27.3.13750724/package.xml
Parsing /usr/local/lib/android/sdk/ndk/28.2.13676358/package.xml
Parsing /usr/local/lib/android/sdk/ndk/29.0.14206865/package.xml
Parsing /usr/local/lib/android/sdk/platform-tools/package.xml
Parsing /usr/local/lib/android/sdk/platforms/android-34/package.xml
Parsing /usr/local/lib/android/sdk/platforms/android-34-ext10/package.xml
Parsing /usr/local/lib/android/sdk/platforms/android-34-ext11/package.xml
Parsing /usr/local/lib/android/sdk/platforms/android-34-ext12/package.xml
Parsing /usr/local/lib/android/sdk/platforms/android-34-ext8/package.xml
Parsing /usr/local/lib/android/sdk/platforms/android-35/package.xml
Parsing /usr/local/lib/android/sdk/platforms/android-35-ext14/package.xml
Parsing /usr/local/lib/android/sdk/platforms/android-35-ext15/package.xml
Parsing /usr/local/lib/android/sdk/platforms/android-36/package.xml
Parsing /usr/local/lib/android/sdk/platforms/android-36-ext18/package.xml
Parsing /usr/local/lib/android/sdk/platforms/android-36-ext19/package.xml
Parsing /usr/local/lib/android/sdk/platforms/android-36.1/package.xml
Parsing /usr/local/lib/android/sdk/platforms/android-37.0/package.xml
Parsing /usr/local/lib/android/sdk/build-tools/34.0.0/package.xml
Parsing /usr/local/lib/android/sdk/build-tools/35.0.0/package.xml
Parsing /usr/local/lib/android/sdk/build-tools/35.0.1/package.xml
Parsing /usr/local/lib/android/sdk/build-tools/36.0.0/package.xml
Parsing /usr/local/lib/android/sdk/build-tools/36.1.0/package.xml
Parsing /usr/local/lib/android/sdk/build-tools/37.0.0/package.xml
Parsing /usr/local/lib/android/sdk/cmake/3.31.5/package.xml
Parsing /usr/local/lib/android/sdk/cmake/4.1.2/package.xml
Parsing legacy package: /usr/local/lib/android/sdk/cmdline-tools/latest
Parsing /usr/local/lib/android/sdk/extras/android/m2repository/package.xml
Parsing /usr/local/lib/android/sdk/extras/google/google_play_services/package.xml
Parsing /usr/local/lib/android/sdk/extras/google/m2repository/package.xml
Parsing /usr/local/lib/android/sdk/ndk/27.3.13750724/package.xml
Parsing /usr/local/lib/android/sdk/ndk/28.2.13676358/package.xml
Parsing /usr/local/lib/android/sdk/ndk/29.0.14206865/package.xml
Parsing /usr/local/lib/android/sdk/platform-tools/package.xml
Parsing /usr/local/lib/android/sdk/platforms/android-34/package.xml
Parsing /usr/local/lib/android/sdk/platforms/android-34-ext10/package.xml
Parsing /usr/local/lib/android/sdk/platforms/android-34-ext11/package.xml
Parsing /usr/local/lib/android/sdk/platforms/android-34-ext12/package.xml
Parsing /usr/local/lib/android/sdk/platforms/android-34-ext8/package.xml
Parsing /usr/local/lib/android/sdk/platforms/android-35/package.xml
Parsing /usr/local/lib/android/sdk/platforms/android-35-ext14/package.xml
Parsing /usr/local/lib/android/sdk/platforms/android-35-ext15/package.xml
Parsing /usr/local/lib/android/sdk/platforms/android-36/package.xml
Parsing /usr/local/lib/android/sdk/platforms/android-36-ext18/package.xml
Parsing /usr/local/lib/android/sdk/platforms/android-36-ext19/package.xml
Parsing /usr/local/lib/android/sdk/platforms/android-36.1/package.xml
Parsing /usr/local/lib/android/sdk/platforms/android-37.0/package.xml
Checking the license for package Android SDK Build-Tools 33.0.1 in /usr/local/lib/android/sdk/licenses
License for package Android SDK Build-Tools 33.0.1 accepted.
Preparing "Install Android SDK Build-Tools 33.0.1 v.33.0.1".
"Install Android SDK Build-Tools 33.0.1 v.33.0.1" ready.
Installing Android SDK Build-Tools 33.0.1 in /usr/local/lib/android/sdk/build-tools/33.0.1
"Install Android SDK Build-Tools 33.0.1 v.33.0.1" complete.
"Install Android SDK Build-Tools 33.0.1 v.33.0.1" finished.
Parsing /usr/local/lib/android/sdk/build-tools/33.0.1/package.xml
Parsing /usr/local/lib/android/sdk/build-tools/34.0.0/package.xml
Parsing /usr/local/lib/android/sdk/build-tools/35.0.0/package.xml
Parsing /usr/local/lib/android/sdk/build-tools/35.0.1/package.xml
Parsing /usr/local/lib/android/sdk/build-tools/36.0.0/package.xml
Parsing /usr/local/lib/android/sdk/build-tools/36.1.0/package.xml
Parsing /usr/local/lib/android/sdk/build-tools/37.0.0/package.xml
Parsing /usr/local/lib/android/sdk/cmake/3.31.5/package.xml
Parsing /usr/local/lib/android/sdk/cmake/4.1.2/package.xml
Parsing legacy package: /usr/local/lib/android/sdk/cmdline-tools/latest
Parsing /usr/local/lib/android/sdk/extras/android/m2repository/package.xml
Parsing /usr/local/lib/android/sdk/extras/google/google_play_services/package.xml
Parsing /usr/local/lib/android/sdk/extras/google/m2repository/package.xml
Parsing /usr/local/lib/android/sdk/ndk/27.3.13750724/package.xml
Parsing /usr/local/lib/android/sdk/ndk/28.2.13676358/package.xml
Parsing /usr/local/lib/android/sdk/ndk/29.0.14206865/package.xml
Parsing /usr/local/lib/android/sdk/platform-tools/package.xml
Parsing /usr/local/lib/android/sdk/platforms/android-34/package.xml
Parsing /usr/local/lib/android/sdk/platforms/android-34-ext10/package.xml
Parsing /usr/local/lib/android/sdk/platforms/android-34-ext11/package.xml
Parsing /usr/local/lib/android/sdk/platforms/android-34-ext12/package.xml
Parsing /usr/local/lib/android/sdk/platforms/android-34-ext8/package.xml
Parsing /usr/local/lib/android/sdk/platforms/android-35/package.xml
Parsing /usr/local/lib/android/sdk/platforms/android-35-ext14/package.xml
Parsing /usr/local/lib/android/sdk/platforms/android-35-ext15/package.xml
Parsing /usr/local/lib/android/sdk/platforms/android-36/package.xml
Parsing /usr/local/lib/android/sdk/platforms/android-36-ext18/package.xml
Parsing /usr/local/lib/android/sdk/platforms/android-36-ext19/package.xml
Parsing /usr/local/lib/android/sdk/platforms/android-36.1/package.xml
Parsing /usr/local/lib/android/sdk/platforms/android-37.0/package.xml
SDK initialized in 3605 ms
Tasks to be executed: [task ':app:preBuild', task ':app:preDebugBuild', task ':app:mergeDebugNativeDebugMetadata', task ':app:checkKotlinGradlePluginConfigurationErrors', task ':app:generateDebugBuildConfig', task ':app:checkDebugAarMetadata', task ':app:generateDebugResValues', task ':app:mapDebugSourceSetPaths', task ':app:generateDebugResources', task ':app:mergeDebugResources', task ':app:packageDebugResources', task ':app:parseDebugLocalResources', task ':app:createDebugCompatibleScreenManifests', task ':app:extractDeepLinksDebug', task ':app:processDebugMainManifest', task ':app:processDebugManifest', task ':app:processDebugManifestForPackage', task ':app:processDebugResources', task ':app:kaptGenerateStubsDebugKotlin', task ':app:kaptDebugKotlin', task ':app:compileDebugKotlin', task ':app:javaPreCompileDebug', task ':app:compileDebugJavaWithJavac', task ':app:mergeDebugShaders', task ':app:compileDebugShaders', task ':app:generateDebugAssets', task ':app:mergeDebugAssets', task ':app:compressDebugAssets', task ':app:l8DexDesugarLibDebug', task ':app:desugarDebugFileDependencies', task ':app:hiltAggregateDepsDebug', task ':app:hiltJavaCompileDebug', task ':app:transformDebugClassesWithAsm', task ':app:dexBuilderDebug', task ':app:mergeDebugGlobalSynthetics', task ':app:processDebugJavaRes', task ':app:mergeDebugJavaResource', task ':app:checkDebugDuplicateClasses', task ':app:mergeExtDexDebug', task ':app:mergeLibDexDebug', task ':app:mergeProjectDexDebug', task ':app:mergeDebugJniLibFolders', task ':app:mergeDebugNativeLibs', task ':app:stripDebugDebugSymbols', task ':app:validateSigningDebug', task ':app:writeDebugAppMetadata', task ':app:writeDebugSigningConfigVersions', task ':app:packageDebug', task ':app:createDebugApkListingFileRedirect', task ':app:assembleDebug']
Tasks that were excluded: []
Resolve mutations for :app:preBuild (Thread[Execution worker,5,main]) started.
:app:preBuild (Thread[included builds,5,main]) started.

> Task :app:preBuild UP-TO-DATE
Skipping task ':app:preBuild' as it has no actions.
Resolve mutations for :app:preDebugBuild (Thread[included builds,5,main]) started.
:app:preDebugBuild (Thread[included builds,5,main]) started.

> Task :app:preDebugBuild UP-TO-DATE
Skipping task ':app:preDebugBuild' as it has no actions.
Resolve mutations for :app:mergeDebugNativeDebugMetadata (Thread[included builds,5,main]) started.
:app:mergeDebugNativeDebugMetadata (Thread[included builds,5,main]) started.

> Task :app:mergeDebugNativeDebugMetadata NO-SOURCE
Skipping task ':app:mergeDebugNativeDebugMetadata' as it has no source files and no previous output files.
Resolve mutations for :app:checkKotlinGradlePluginConfigurationErrors (Thread[included builds,5,main]) started.
:app:checkKotlinGradlePluginConfigurationErrors (Thread[included builds,5,main]) started.

> Task :app:checkKotlinGradlePluginConfigurationErrors
Caching disabled for task ':app:checkKotlinGradlePluginConfigurationErrors' because:
  Build cache is disabled
Task ':app:checkKotlinGradlePluginConfigurationErrors' is not up-to-date because:
  Task has not declared any outputs despite executing actions.
Resolve mutations for :app:generateDebugBuildConfig (Thread[included builds,5,main]) started.
:app:generateDebugBuildConfig (Thread[included builds,5,main]) started.

> Task :app:generateDebugBuildConfig
Watching 1 directories to track changes
Caching disabled for task ':app:generateDebugBuildConfig' because:
  Build cache is disabled
Task ':app:generateDebugBuildConfig' is not up-to-date because:
  No history is available.
Watching 0 directories to track changes
Watching 4 directories to track changes
Watching 5 directories to track changes
Watching 6 directories to track changes
Resolve mutations for :app:checkDebugAarMetadata (Thread[included builds,5,main]) started.
:app:checkDebugAarMetadata (Thread[included builds,5,main]) started.

> Task :app:checkDebugAarMetadata
Watching 7 directories to track changes
Downloading https://dl.google.com/dl/android/maven2/androidx/compose/compose-bom/2024.01.00/compose-bom-2024.01.00.pom to /home/runner/.gradle/.tmp/gradle_download17602800297290232865bin
Resource missing. [HTTP GET: https://dl.google.com/dl/android/maven2/org/jetbrains/kotlin/kotlin-stdlib/1.9.22/kotlin-stdlib-1.9.22.pom]
Downloading https://repo.maven.apache.org/maven2/org/jetbrains/kotlin/kotlin-stdlib/1.9.22/kotlin-stdlib-1.9.22.pom to /home/runner/.gradle/.tmp/gradle_download14658599181291747529bin
Resource missing. [HTTP GET: https://dl.google.com/dl/android/maven2/io/ktor/ktor-server-core/2.3.7/ktor-server-core-2.3.7.pom]
Downloading https://repo.maven.apache.org/maven2/io/ktor/ktor-server-core/2.3.7/ktor-server-core-2.3.7.pom to /home/runner/.gradle/.tmp/gradle_download10608108677222790352bin
Downloading https://repo.maven.apache.org/maven2/org/jetbrains/kotlin/kotlin-stdlib/1.9.22/kotlin-stdlib-1.9.22.module to /home/runner/.gradle/.tmp/gradle_download6794247742956970820bin
Resource missing. [HTTP GET: https://dl.google.com/dl/android/maven2/io/ktor/ktor-server-websockets/2.3.7/ktor-server-websockets-2.3.7.pom]
Resource missing. [HTTP GET: https://dl.google.com/dl/android/maven2/io/ktor/ktor-server-netty/2.3.7/ktor-server-netty-2.3.7.pom]
Downloading https://repo.maven.apache.org/maven2/io/ktor/ktor-server-core/2.3.7/ktor-server-core-2.3.7.module to /home/runner/.gradle/.tmp/gradle_download4017595037480963738bin
Downloading https://repo.maven.apache.org/maven2/io/ktor/ktor-server-websockets/2.3.7/ktor-server-websockets-2.3.7.pom to /home/runner/.gradle/.tmp/gradle_download15624059699648310878bin
Downloading https://repo.maven.apache.org/maven2/io/ktor/ktor-server-netty/2.3.7/ktor-server-netty-2.3.7.pom to /home/runner/.gradle/.tmp/gradle_download11912694138763498104bin
Downloading https://repo.maven.apache.org/maven2/io/ktor/ktor-server-websockets/2.3.7/ktor-server-websockets-2.3.7.module to /home/runner/.gradle/.tmp/gradle_download4641672878953339348bin
Downloading https://repo.maven.apache.org/maven2/io/ktor/ktor-server-netty/2.3.7/ktor-server-netty-2.3.7.module to /home/runner/.gradle/.tmp/gradle_download14379382822038069865bin
Resource missing. [HTTP GET: https://dl.google.com/dl/android/maven2/io/ktor/ktor-server-content-negotiation/2.3.7/ktor-server-content-negotiation-2.3.7.pom]
Resource missing. [HTTP GET: https://dl.google.com/dl/android/maven2/io/ktor/ktor-serialization-kotlinx-json/2.3.7/ktor-serialization-kotlinx-json-2.3.7.pom]
Downloading https://repo.maven.apache.org/maven2/io/ktor/ktor-server-content-negotiation/2.3.7/ktor-server-content-negotiation-2.3.7.pom to /home/runner/.gradle/.tmp/gradle_download7780364994002312886bin
Downloading https://repo.maven.apache.org/maven2/io/ktor/ktor-serialization-kotlinx-json/2.3.7/ktor-serialization-kotlinx-json-2.3.7.pom to /home/runner/.gradle/.tmp/gradle_download10909880429512395606bin
Downloading https://repo.maven.apache.org/maven2/io/ktor/ktor-server-content-negotiation/2.3.7/ktor-server-content-negotiation-2.3.7.module to /home/runner/.gradle/.tmp/gradle_download14529211340722725260bin
Downloading https://repo.maven.apache.org/maven2/io/ktor/ktor-serialization-kotlinx-json/2.3.7/ktor-serialization-kotlinx-json-2.3.7.module to /home/runner/.gradle/.tmp/gradle_download14829843840512246489bin
Resource missing. [HTTP GET: https://dl.google.com/dl/android/maven2/io/ktor/ktor-server-partial-content/2.3.7/ktor-server-partial-content-2.3.7.pom]
Resource missing. [HTTP GET: https://dl.google.com/dl/android/maven2/io/ktor/ktor-server-auto-head-response/2.3.7/ktor-server-auto-head-response-2.3.7.pom]
Downloading https://repo.maven.apache.org/maven2/io/ktor/ktor-server-partial-content/2.3.7/ktor-server-partial-content-2.3.7.pom to /home/runner/.gradle/.tmp/gradle_download12453218147586495322bin
Downloading https://repo.maven.apache.org/maven2/io/ktor/ktor-server-partial-content/2.3.7/ktor-server-partial-content-2.3.7.module to /home/runner/.gradle/.tmp/gradle_download16663878005739237795bin
Downloading https://repo.maven.apache.org/maven2/io/ktor/ktor-server-auto-head-response/2.3.7/ktor-server-auto-head-response-2.3.7.pom to /home/runner/.gradle/.tmp/gradle_download14762011110159119459bin
Resource missing. [HTTP GET: https://dl.google.com/dl/android/maven2/io/ktor/ktor-server-cors/2.3.7/ktor-server-cors-2.3.7.pom]
Downloading https://repo.maven.apache.org/maven2/io/ktor/ktor-server-auto-head-response/2.3.7/ktor-server-auto-head-response-2.3.7.module to /home/runner/.gradle/.tmp/gradle_download13271363779610436932bin
Resource missing. [HTTP GET: https://dl.google.com/dl/android/maven2/io/ktor/ktor-server-compression/2.3.7/ktor-server-compression-2.3.7.pom]
Downloading https://repo.maven.apache.org/maven2/io/ktor/ktor-server-cors/2.3.7/ktor-server-cors-2.3.7.pom to /home/runner/.gradle/.tmp/gradle_download1245093184304020952bin
Downloading https://repo.maven.apache.org/maven2/io/ktor/ktor-server-compression/2.3.7/ktor-server-compression-2.3.7.pom to /home/runner/.gradle/.tmp/gradle_download2243047919726378072bin
Downloading https://repo.maven.apache.org/maven2/io/ktor/ktor-server-cors/2.3.7/ktor-server-cors-2.3.7.module to /home/runner/.gradle/.tmp/gradle_download12650011959366966718bin
Resource missing. [HTTP GET: https://dl.google.com/dl/android/maven2/io/ktor/ktor-server-default-headers/2.3.7/ktor-server-default-headers-2.3.7.pom]
Downloading https://repo.maven.apache.org/maven2/io/ktor/ktor-server-compression/2.3.7/ktor-server-compression-2.3.7.module to /home/runner/.gradle/.tmp/gradle_download15032718716236253920bin
Downloading https://repo.maven.apache.org/maven2/io/ktor/ktor-server-default-headers/2.3.7/ktor-server-default-headers-2.3.7.pom to /home/runner/.gradle/.tmp/gradle_download4040829809104115831bin
Cache entries evicted. In-memory cache of /home/runner/work/echoSystem-native2/echoSystem-native2/.gradle/8.2.1/checksums/sha1-checksums.bin: Size{400} MaxSize{400}, CacheStats{hitCount=105, missCount=525, loadSuccessCount=521, loadExceptionCount=0, totalLoadTime=168922956, evictionCount=121} 
Performance may suffer from in-memory cache misses. Increase max heap size of Gradle build process to reduce cache misses.
Resource missing. [HTTP GET: https://dl.google.com/dl/android/maven2/io/ktor/ktor-server-status-pages/2.3.7/ktor-server-status-pages-2.3.7.pom]
Downloading https://repo.maven.apache.org/maven2/io/ktor/ktor-server-default-headers/2.3.7/ktor-server-default-headers-2.3.7.module to /home/runner/.gradle/.tmp/gradle_download6076211807627067393bin
Downloading https://repo.maven.apache.org/maven2/io/ktor/ktor-server-status-pages/2.3.7/ktor-server-status-pages-2.3.7.pom to /home/runner/.gradle/.tmp/gradle_download8247849427485958275bin
Resource missing. [HTTP GET: https://dl.google.com/dl/android/maven2/io/ktor/ktor-client-android/2.3.7/ktor-client-android-2.3.7.pom]
Downloading https://repo.maven.apache.org/maven2/io/ktor/ktor-server-status-pages/2.3.7/ktor-server-status-pages-2.3.7.module to /home/runner/.gradle/.tmp/gradle_download13325567786601755661bin
Resource missing. [HTTP GET: https://dl.google.com/dl/android/maven2/io/ktor/ktor-client-content-negotiation/2.3.7/ktor-client-content-negotiation-2.3.7.pom]
Resource missing. [HTTP GET: https://dl.google.com/dl/android/maven2/io/ktor/ktor-network-tls-certificates/2.3.7/ktor-network-tls-certificates-2.3.7.pom]
Downloading https://repo.maven.apache.org/maven2/io/ktor/ktor-client-android/2.3.7/ktor-client-android-2.3.7.pom to /home/runner/.gradle/.tmp/gradle_download642305431335005451bin
Downloading https://repo.maven.apache.org/maven2/io/ktor/ktor-client-content-negotiation/2.3.7/ktor-client-content-negotiation-2.3.7.pom to /home/runner/.gradle/.tmp/gradle_download3739047376029459176bin
Downloading https://repo.maven.apache.org/maven2/io/ktor/ktor-network-tls-certificates/2.3.7/ktor-network-tls-certificates-2.3.7.pom to /home/runner/.gradle/.tmp/gradle_download15057350401059587897bin
Downloading https://repo.maven.apache.org/maven2/io/ktor/ktor-client-android/2.3.7/ktor-client-android-2.3.7.module to /home/runner/.gradle/.tmp/gradle_download1898288500905227706bin
Downloading https://repo.maven.apache.org/maven2/io/ktor/ktor-client-content-negotiation/2.3.7/ktor-client-content-negotiation-2.3.7.module to /home/runner/.gradle/.tmp/gradle_download16647161258485073397bin
Downloading https://repo.maven.apache.org/maven2/io/ktor/ktor-network-tls-certificates/2.3.7/ktor-network-tls-certificates-2.3.7.module to /home/runner/.gradle/.tmp/gradle_download15315559719916376542bin
Resource missing. [HTTP GET: https://dl.google.com/dl/android/maven2/org/jetbrains/kotlinx/kotlinx-serialization-json/1.6.2/kotlinx-serialization-json-1.6.2.pom]
Resource missing. [HTTP GET: https://dl.google.com/dl/android/maven2/io/ktor/ktor-client-logging/2.3.7/ktor-client-logging-2.3.7.pom]
Resource missing. [HTTP GET: https://dl.google.com/dl/android/maven2/org/jetbrains/kotlinx/kotlinx-coroutines-android/1.7.3/kotlinx-coroutines-android-1.7.3.pom]
Downloading https://dl.google.com/dl/android/maven2/androidx/activity/activity-compose/1.8.2/activity-compose-1.8.2.pom to /home/runner/.gradle/.tmp/gradle_download8152599430875828054bin
Downloading https://repo.maven.apache.org/maven2/org/jetbrains/kotlinx/kotlinx-serialization-json/1.6.2/kotlinx-serialization-json-1.6.2.pom to /home/runner/.gradle/.tmp/gradle_download12555424266177813139bin
Downloading https://repo.maven.apache.org/maven2/io/ktor/ktor-client-logging/2.3.7/ktor-client-logging-2.3.7.pom to /home/runner/.gradle/.tmp/gradle_download9621337730348689525bin
Downloading https://repo.maven.apache.org/maven2/org/jetbrains/kotlinx/kotlinx-coroutines-android/1.7.3/kotlinx-coroutines-android-1.7.3.pom to /home/runner/.gradle/.tmp/gradle_download7333828761604345834bin
Downloading https://dl.google.com/dl/android/maven2/androidx/activity/activity-compose/1.8.2/activity-compose-1.8.2.module to /home/runner/.gradle/.tmp/gradle_download16227794238308008137bin
Downloading https://repo.maven.apache.org/maven2/io/ktor/ktor-client-logging/2.3.7/ktor-client-logging-2.3.7.module to /home/runner/.gradle/.tmp/gradle_download728394903795959218bin
Resource missing. [HTTP GET: https://dl.google.com/dl/android/maven2/org/jetbrains/kotlinx/kotlinx-serialization-bom/1.6.2/kotlinx-serialization-bom-1.6.2.pom]
Resource missing. [HTTP GET: https://dl.google.com/dl/android/maven2/org/jetbrains/kotlinx/kotlinx-coroutines-bom/1.7.3/kotlinx-coroutines-bom-1.7.3.pom]
Downloading https://repo.maven.apache.org/maven2/org/jetbrains/kotlinx/kotlinx-serialization-bom/1.6.2/kotlinx-serialization-bom-1.6.2.pom to /home/runner/.gradle/.tmp/gradle_download1180299739337423513bin
Downloading https://repo.maven.apache.org/maven2/org/jetbrains/kotlinx/kotlinx-coroutines-bom/1.7.3/kotlinx-coroutines-bom-1.7.3.pom to /home/runner/.gradle/.tmp/gradle_download4834979457589430607bin
Downloading https://dl.google.com/dl/android/maven2/androidx/lifecycle/lifecycle-runtime-ktx/2.7.0/lifecycle-runtime-ktx-2.7.0.pom to /home/runner/.gradle/.tmp/gradle_download2287946307382549565bin
Downloading https://dl.google.com/dl/android/maven2/androidx/lifecycle/lifecycle-viewmodel-compose/2.7.0/lifecycle-viewmodel-compose-2.7.0.pom to /home/runner/.gradle/.tmp/gradle_download14753631727904512478bin
Downloading https://repo.maven.apache.org/maven2/org/jetbrains/kotlinx/kotlinx-serialization-json/1.6.2/kotlinx-serialization-json-1.6.2.module to /home/runner/.gradle/.tmp/gradle_download2990602130981751492bin
Downloading https://repo.maven.apache.org/maven2/org/jetbrains/kotlinx/kotlinx-coroutines-android/1.7.3/kotlinx-coroutines-android-1.7.3.module to /home/runner/.gradle/.tmp/gradle_download6979268410854268382bin
Downloading https://dl.google.com/dl/android/maven2/androidx/lifecycle/lifecycle-runtime-ktx/2.7.0/lifecycle-runtime-ktx-2.7.0.module to /home/runner/.gradle/.tmp/gradle_download16160569303529839858bin
Downloading https://dl.google.com/dl/android/maven2/androidx/lifecycle/lifecycle-viewmodel-compose/2.7.0/lifecycle-viewmodel-compose-2.7.0.module to /home/runner/.gradle/.tmp/gradle_download3316848736730921043bin
Downloading https://dl.google.com/dl/android/maven2/androidx/navigation/navigation-compose/2.7.6/navigation-compose-2.7.6.pom to /home/runner/.gradle/.tmp/gradle_download10792194314526827329bin
Downloading https://dl.google.com/dl/android/maven2/androidx/lifecycle/lifecycle-runtime-compose/2.7.0/lifecycle-runtime-compose-2.7.0.pom to /home/runner/.gradle/.tmp/gradle_download9101677046160191892bin
Resource missing. [HTTP GET: https://dl.google.com/dl/android/maven2/com/google/dagger/hilt-android/2.50/hilt-android-2.50.pom]
Downloading https://repo.maven.apache.org/maven2/com/google/dagger/hilt-android/2.50/hilt-android-2.50.pom to /home/runner/.gradle/.tmp/gradle_download77304296837758481bin
Downloading https://dl.google.com/dl/android/maven2/androidx/hilt/hilt-navigation-compose/1.1.0/hilt-navigation-compose-1.1.0.pom to /home/runner/.gradle/.tmp/gradle_download16232482178003696640bin
Downloading https://dl.google.com/dl/android/maven2/androidx/datastore/datastore-preferences/1.0.0/datastore-preferences-1.0.0.pom to /home/runner/.gradle/.tmp/gradle_download16253906342333241582bin
Cache entries evicted. In-memory cache of /home/runner/work/echoSystem-native2/echoSystem-native2/.gradle/8.2.1/checksums/sha1-checksums.bin: Size{400} MaxSize{400}, CacheStats{hitCount=106, missCount=565, loadSuccessCount=561, loadExceptionCount=0, totalLoadTime=173614898, evictionCount=161} 
Performance may suffer from in-memory cache misses. Increase max heap size of Gradle build process to reduce cache misses.
Downloading https://dl.google.com/dl/android/maven2/androidx/lifecycle/lifecycle-runtime-compose/2.7.0/lifecycle-runtime-compose-2.7.0.module to /home/runner/.gradle/.tmp/gradle_download11693236086220591443bin
Downloading https://dl.google.com/dl/android/maven2/androidx/navigation/navigation-compose/2.7.6/navigation-compose-2.7.6.module to /home/runner/.gradle/.tmp/gradle_download17777750173532154268bin
Downloading https://dl.google.com/dl/android/maven2/androidx/datastore/datastore-preferences/1.0.0/datastore-preferences-1.0.0.module to /home/runner/.gradle/.tmp/gradle_download16155407111780522950bin
Downloading https://dl.google.com/dl/android/maven2/androidx/hilt/hilt-navigation-compose/1.1.0/hilt-navigation-compose-1.1.0.module to /home/runner/.gradle/.tmp/gradle_download5271141799601563731bin
Downloading https://dl.google.com/dl/android/maven2/androidx/core/core-ktx/1.12.0/core-ktx-1.12.0.pom to /home/runner/.gradle/.tmp/gradle_download16042275691722759297bin
Downloading https://dl.google.com/dl/android/maven2/androidx/appcompat/appcompat/1.6.1/appcompat-1.6.1.pom to /home/runner/.gradle/.tmp/gradle_download1961382636441103278bin
Downloading https://dl.google.com/dl/android/maven2/androidx/core/core-ktx/1.12.0/core-ktx-1.12.0.module to /home/runner/.gradle/.tmp/gradle_download2517466919492179365bin
Downloading https://dl.google.com/dl/android/maven2/androidx/appcompat/appcompat/1.6.1/appcompat-1.6.1.module to /home/runner/.gradle/.tmp/gradle_download7530898514894962520bin
Downloading https://dl.google.com/dl/android/maven2/androidx/compose/material/material-icons-extended/1.6.0/material-icons-extended-1.6.0.pom to /home/runner/.gradle/.tmp/gradle_download6075565837720097779bin
Downloading https://dl.google.com/dl/android/maven2/androidx/compose/material/material-icons-extended/1.6.0/material-icons-extended-1.6.0.module to /home/runner/.gradle/.tmp/gradle_download6020517481505306086bin
Downloading https://dl.google.com/dl/android/maven2/androidx/compose/material3/material3/1.1.2/material3-1.1.2.pom to /home/runner/.gradle/.tmp/gradle_download17587490653303969718bin
Downloading https://dl.google.com/dl/android/maven2/androidx/compose/material3/material3/1.1.2/material3-1.1.2.module to /home/runner/.gradle/.tmp/gradle_download13158759995831386480bin
Downloading https://dl.google.com/dl/android/maven2/androidx/compose/ui/ui/1.6.0/ui-1.6.0.pom to /home/runner/.gradle/.tmp/gradle_download16027176098048254123bin
Downloading https://dl.google.com/dl/android/maven2/androidx/compose/ui/ui/1.6.0/ui-1.6.0.module to /home/runner/.gradle/.tmp/gradle_download10003899024335325657bin
Downloading https://dl.google.com/dl/android/maven2/androidx/compose/ui/ui-graphics/1.6.0/ui-graphics-1.6.0.pom to /home/runner/.gradle/.tmp/gradle_download7884454043997285360bin
Downloading https://dl.google.com/dl/android/maven2/androidx/compose/ui/ui-graphics/1.6.0/ui-graphics-1.6.0.module to /home/runner/.gradle/.tmp/gradle_download6692160380497977062bin
Downloading https://dl.google.com/dl/android/maven2/androidx/compose/ui/ui-tooling/1.6.0/ui-tooling-1.6.0.pom to /home/runner/.gradle/.tmp/gradle_download2031792997035037821bin
Downloading https://dl.google.com/dl/android/maven2/androidx/compose/ui/ui-tooling/1.6.0/ui-tooling-1.6.0.module to /home/runner/.gradle/.tmp/gradle_download8313117931871644072bin
Downloading https://dl.google.com/dl/android/maven2/androidx/compose/ui/ui-tooling-preview/1.6.0/ui-tooling-preview-1.6.0.pom to /home/runner/.gradle/.tmp/gradle_download1230373769091730389bin
Downloading https://dl.google.com/dl/android/maven2/androidx/compose/ui/ui-tooling-preview/1.6.0/ui-tooling-preview-1.6.0.module to /home/runner/.gradle/.tmp/gradle_download2227871349056466594bin
Cache entries evicted. In-memory cache of /home/runner/work/echoSystem-native2/echoSystem-native2/.gradle/8.2.1/checksums/sha1-checksums.bin: Size{400} MaxSize{400}, CacheStats{hitCount=106, missCount=605, loadSuccessCount=601, loadExceptionCount=0, totalLoadTime=186785786, evictionCount=201} 
Performance may suffer from in-memory cache misses. Increase max heap size of Gradle build process to reduce cache misses.
Resource missing. [HTTP GET: https://dl.google.com/dl/android/maven2/io/ktor/ktor-server-netty-jvm/2.3.7/ktor-server-netty-jvm-2.3.7.pom]
Downloading https://repo.maven.apache.org/maven2/io/ktor/ktor-server-netty-jvm/2.3.7/ktor-server-netty-jvm-2.3.7.pom to /home/runner/.gradle/.tmp/gradle_download3683969657791905447bin
Downloading https://repo.maven.apache.org/maven2/io/ktor/ktor-server-netty-jvm/2.3.7/ktor-server-netty-jvm-2.3.7.module to /home/runner/.gradle/.tmp/gradle_download1893512859795041617bin
Resource missing. [HTTP GET: https://dl.google.com/dl/android/maven2/io/ktor/ktor-server-core-jvm/2.3.7/ktor-server-core-jvm-2.3.7.pom]
Downloading https://repo.maven.apache.org/maven2/io/ktor/ktor-server-core-jvm/2.3.7/ktor-server-core-jvm-2.3.7.pom to /home/runner/.gradle/.tmp/gradle_download7509633767396023411bin
Downloading https://repo.maven.apache.org/maven2/io/ktor/ktor-server-core-jvm/2.3.7/ktor-server-core-jvm-2.3.7.module to /home/runner/.gradle/.tmp/gradle_download1372288404538968303bin
Resource missing. [HTTP GET: https://dl.google.com/dl/android/maven2/io/ktor/ktor-server-websockets-jvm/2.3.7/ktor-server-websockets-jvm-2.3.7.pom]
Downloading https://repo.maven.apache.org/maven2/io/ktor/ktor-server-websockets-jvm/2.3.7/ktor-server-websockets-jvm-2.3.7.pom to /home/runner/.gradle/.tmp/gradle_download5981972861403024115bin
Downloading https://repo.maven.apache.org/maven2/io/ktor/ktor-server-websockets-jvm/2.3.7/ktor-server-websockets-jvm-2.3.7.module to /home/runner/.gradle/.tmp/gradle_download1310568136597705096bin
Resource missing. [HTTP GET: https://dl.google.com/dl/android/maven2/io/ktor/ktor-server-content-negotiation-jvm/2.3.7/ktor-server-content-negotiation-jvm-2.3.7.pom]
Downloading https://repo.maven.apache.org/maven2/io/ktor/ktor-server-content-negotiation-jvm/2.3.7/ktor-server-content-negotiation-jvm-2.3.7.pom to /home/runner/.gradle/.tmp/gradle_download14699339231402865688bin
Downloading https://repo.maven.apache.org/maven2/io/ktor/ktor-server-content-negotiation-jvm/2.3.7/ktor-server-content-negotiation-jvm-2.3.7.module to /home/runner/.gradle/.tmp/gradle_download7721638664671913413bin
Resource missing. [HTTP GET: https://dl.google.com/dl/android/maven2/io/ktor/ktor-serialization-kotlinx-json-jvm/2.3.7/ktor-serialization-kotlinx-json-jvm-2.3.7.pom]
Downloading https://repo.maven.apache.org/maven2/io/ktor/ktor-serialization-kotlinx-json-jvm/2.3.7/ktor-serialization-kotlinx-json-jvm-2.3.7.pom to /home/runner/.gradle/.tmp/gradle_download10919958249131763385bin
Downloading https://repo.maven.apache.org/maven2/io/ktor/ktor-serialization-kotlinx-json-jvm/2.3.7/ktor-serialization-kotlinx-json-jvm-2.3.7.module to /home/runner/.gradle/.tmp/gradle_download9410239065972438058bin
Resource missing. [HTTP GET: https://dl.google.com/dl/android/maven2/io/ktor/ktor-server-partial-content-jvm/2.3.7/ktor-server-partial-content-jvm-2.3.7.pom]
Downloading https://repo.maven.apache.org/maven2/io/ktor/ktor-server-partial-content-jvm/2.3.7/ktor-server-partial-content-jvm-2.3.7.pom to /home/runner/.gradle/.tmp/gradle_download4353377181883671382bin
Downloading https://repo.maven.apache.org/maven2/io/ktor/ktor-server-partial-content-jvm/2.3.7/ktor-server-partial-content-jvm-2.3.7.module to /home/runner/.gradle/.tmp/gradle_download14043704536799607793bin
Resource missing. [HTTP GET: https://dl.google.com/dl/android/maven2/io/ktor/ktor-server-auto-head-response-jvm/2.3.7/ktor-server-auto-head-response-jvm-2.3.7.pom]
Downloading https://repo.maven.apache.org/maven2/io/ktor/ktor-server-auto-head-response-jvm/2.3.7/ktor-server-auto-head-response-jvm-2.3.7.pom to /home/runner/.gradle/.tmp/gradle_download12140755334851493721bin
Downloading https://repo.maven.apache.org/maven2/io/ktor/ktor-server-auto-head-response-jvm/2.3.7/ktor-server-auto-head-response-jvm-2.3.7.module to /home/runner/.gradle/.tmp/gradle_download15893714830186583850bin
Resource missing. [HTTP GET: https://dl.google.com/dl/android/maven2/io/ktor/ktor-server-cors-jvm/2.3.7/ktor-server-cors-jvm-2.3.7.pom]
Downloading https://repo.maven.apache.org/maven2/io/ktor/ktor-server-cors-jvm/2.3.7/ktor-server-cors-jvm-2.3.7.pom to /home/runner/.gradle/.tmp/gradle_download6702683727514726895bin
Downloading https://repo.maven.apache.org/maven2/io/ktor/ktor-server-cors-jvm/2.3.7/ktor-server-cors-jvm-2.3.7.module to /home/runner/.gradle/.tmp/gradle_download12367765934953206987bin
Resource missing. [HTTP GET: https://dl.google.com/dl/android/maven2/io/ktor/ktor-server-compression-jvm/2.3.7/ktor-server-compression-jvm-2.3.7.pom]
Downloading https://repo.maven.apache.org/maven2/io/ktor/ktor-server-compression-jvm/2.3.7/ktor-server-compression-jvm-2.3.7.pom to /home/runner/.gradle/.tmp/gradle_download9464635784783307349bin
Downloading https://repo.maven.apache.org/maven2/io/ktor/ktor-server-compression-jvm/2.3.7/ktor-server-compression-jvm-2.3.7.module to /home/runner/.gradle/.tmp/gradle_download4912556826377757155bin
Resource missing. [HTTP GET: https://dl.google.com/dl/android/maven2/io/ktor/ktor-server-default-headers-jvm/2.3.7/ktor-server-default-headers-jvm-2.3.7.pom]
Downloading https://repo.maven.apache.org/maven2/io/ktor/ktor-server-default-headers-jvm/2.3.7/ktor-server-default-headers-jvm-2.3.7.pom to /home/runner/.gradle/.tmp/gradle_download12102796553215662515bin
Downloading https://repo.maven.apache.org/maven2/io/ktor/ktor-server-default-headers-jvm/2.3.7/ktor-server-default-headers-jvm-2.3.7.module to /home/runner/.gradle/.tmp/gradle_download16563231357646685061bin
Resource missing. [HTTP GET: https://dl.google.com/dl/android/maven2/io/ktor/ktor-server-status-pages-jvm/2.3.7/ktor-server-status-pages-jvm-2.3.7.pom]
Downloading https://repo.maven.apache.org/maven2/io/ktor/ktor-server-status-pages-jvm/2.3.7/ktor-server-status-pages-jvm-2.3.7.pom to /home/runner/.gradle/.tmp/gradle_download945647401615044596bin
Downloading https://repo.maven.apache.org/maven2/io/ktor/ktor-server-status-pages-jvm/2.3.7/ktor-server-status-pages-jvm-2.3.7.module to /home/runner/.gradle/.tmp/gradle_download11519446647716158740bin
Resource missing. [HTTP GET: https://dl.google.com/dl/android/maven2/io/ktor/ktor-network-tls-certificates-jvm/2.3.7/ktor-network-tls-certificates-jvm-2.3.7.pom]
Downloading https://repo.maven.apache.org/maven2/io/ktor/ktor-network-tls-certificates-jvm/2.3.7/ktor-network-tls-certificates-jvm-2.3.7.pom to /home/runner/.gradle/.tmp/gradle_download2030688692279930383bin
Downloading https://repo.maven.apache.org/maven2/io/ktor/ktor-network-tls-certificates-jvm/2.3.7/ktor-network-tls-certificates-jvm-2.3.7.module to /home/runner/.gradle/.tmp/gradle_download10363162426982079577bin
Resource missing. [HTTP GET: https://dl.google.com/dl/android/maven2/io/ktor/ktor-client-android-jvm/2.3.7/ktor-client-android-jvm-2.3.7.pom]
Downloading https://repo.maven.apache.org/maven2/io/ktor/ktor-client-android-jvm/2.3.7/ktor-client-android-jvm-2.3.7.pom to /home/runner/.gradle/.tmp/gradle_download17753836178074408930bin
Downloading https://repo.maven.apache.org/maven2/io/ktor/ktor-client-android-jvm/2.3.7/ktor-client-android-jvm-2.3.7.module to /home/runner/.gradle/.tmp/gradle_download3678127497836516339bin
Resource missing. [HTTP GET: https://dl.google.com/dl/android/maven2/io/ktor/ktor-client-content-negotiation-jvm/2.3.7/ktor-client-content-negotiation-jvm-2.3.7.pom]
Downloading https://repo.maven.apache.org/maven2/io/ktor/ktor-client-content-negotiation-jvm/2.3.7/ktor-client-content-negotiation-jvm-2.3.7.pom to /home/runner/.gradle/.tmp/gradle_download13691414386182855854bin
Downloading https://repo.maven.apache.org/maven2/io/ktor/ktor-client-content-negotiation-jvm/2.3.7/ktor-client-content-negotiation-jvm-2.3.7.module to /home/runner/.gradle/.tmp/gradle_download8109892603342849248bin
Resource missing. [HTTP GET: https://dl.google.com/dl/android/maven2/io/ktor/ktor-client-logging-jvm/2.3.7/ktor-client-logging-jvm-2.3.7.pom]
Downloading https://repo.maven.apache.org/maven2/io/ktor/ktor-client-logging-jvm/2.3.7/ktor-client-logging-jvm-2.3.7.pom to /home/runner/.gradle/.tmp/gradle_download4416111327282698592bin
Downloading https://repo.maven.apache.org/maven2/io/ktor/ktor-client-logging-jvm/2.3.7/ktor-client-logging-jvm-2.3.7.module to /home/runner/.gradle/.tmp/gradle_download3947340880135338632bin
Resource missing. [HTTP GET: https://dl.google.com/dl/android/maven2/org/jetbrains/kotlinx/kotlinx-serialization-json-jvm/1.6.2/kotlinx-serialization-json-jvm-1.6.2.pom]
Downloading https://repo.maven.apache.org/maven2/org/jetbrains/kotlinx/kotlinx-serialization-json-jvm/1.6.2/kotlinx-serialization-json-jvm-1.6.2.pom to /home/runner/.gradle/.tmp/gradle_download2513762659299337645bin
Downloading https://repo.maven.apache.org/maven2/org/jetbrains/kotlinx/kotlinx-serialization-json-jvm/1.6.2/kotlinx-serialization-json-jvm-1.6.2.module to /home/runner/.gradle/.tmp/gradle_download12225618331857374769bin
Resource missing. [HTTP GET: https://dl.google.com/dl/android/maven2/org/jetbrains/kotlinx/kotlinx-coroutines-core/1.7.3/kotlinx-coroutines-core-1.7.3.pom]
Downloading https://repo.maven.apache.org/maven2/org/jetbrains/kotlinx/kotlinx-coroutines-core/1.7.3/kotlinx-coroutines-core-1.7.3.pom to /home/runner/.gradle/.tmp/gradle_download12494790483053149133bin
Downloading https://repo.maven.apache.org/maven2/org/jetbrains/kotlinx/kotlinx-coroutines-core/1.7.3/kotlinx-coroutines-core-1.7.3.module to /home/runner/.gradle/.tmp/gradle_download3747422252571462672bin
Resource missing. [HTTP GET: https://dl.google.com/dl/android/maven2/org/jetbrains/kotlin/kotlin-stdlib-jdk8/1.8.20/kotlin-stdlib-jdk8-1.8.20.pom]
Downloading https://repo.maven.apache.org/maven2/org/jetbrains/kotlin/kotlin-stdlib-jdk8/1.8.20/kotlin-stdlib-jdk8-1.8.20.pom to /home/runner/.gradle/.tmp/gradle_download3900286104384780162bin
Downloading https://dl.google.com/dl/android/maven2/androidx/activity/activity-ktx/1.8.2/activity-ktx-1.8.2.pom to /home/runner/.gradle/.tmp/gradle_download2397761599743838547bin
Downloading https://dl.google.com/dl/android/maven2/androidx/lifecycle/lifecycle-viewmodel/2.6.1/lifecycle-viewmodel-2.6.1.pom to /home/runner/.gradle/.tmp/gradle_download17762233925435467292bin
Downloading https://dl.google.com/dl/android/maven2/androidx/activity/activity-ktx/1.8.2/activity-ktx-1.8.2.module to /home/runner/.gradle/.tmp/gradle_download750836106647412160bin
Downloading https://dl.google.com/dl/android/maven2/androidx/lifecycle/lifecycle-viewmodel/2.6.1/lifecycle-viewmodel-2.6.1.module to /home/runner/.gradle/.tmp/gradle_download8486299922515198182bin
Cache entries evicted. In-memory cache of /home/runner/work/echoSystem-native2/echoSystem-native2/.gradle/8.2.1/checksums/sha1-checksums.bin: Size{400} MaxSize{400}, CacheStats{hitCount=108, missCount=646, loadSuccessCount=641, loadExceptionCount=0, totalLoadTime=191227018, evictionCount=241} 
Performance may suffer from in-memory cache misses. Increase max heap size of Gradle build process to reduce cache misses.
Downloading https://dl.google.com/dl/android/maven2/androidx/compose/runtime/runtime/1.6.0/runtime-1.6.0.pom to /home/runner/.gradle/.tmp/gradle_download7972116601721964890bin
Downloading https://dl.google.com/dl/android/maven2/androidx/compose/runtime/runtime-saveable/1.6.0/runtime-saveable-1.6.0.pom to /home/runner/.gradle/.tmp/gradle_download6819837306879030215bin
Downloading https://dl.google.com/dl/android/maven2/androidx/compose/runtime/runtime-saveable/1.6.0/runtime-saveable-1.6.0.module to /home/runner/.gradle/.tmp/gradle_download5306467299298586200bin
Downloading https://dl.google.com/dl/android/maven2/androidx/compose/runtime/runtime/1.6.0/runtime-1.6.0.module to /home/runner/.gradle/.tmp/gradle_download12607904022371143157bin
Downloading https://dl.google.com/dl/android/maven2/androidx/lifecycle/lifecycle-viewmodel/2.7.0/lifecycle-viewmodel-2.7.0.pom to /home/runner/.gradle/.tmp/gradle_download17536538236042869570bin
Downloading https://dl.google.com/dl/android/maven2/androidx/lifecycle/lifecycle-viewmodel/2.7.0/lifecycle-viewmodel-2.7.0.module to /home/runner/.gradle/.tmp/gradle_download13589463905174366273bin
Downloading https://dl.google.com/dl/android/maven2/androidx/annotation/annotation-experimental/1.1.0/annotation-experimental-1.1.0.pom to /home/runner/.gradle/.tmp/gradle_download9992904165859926431bin
Downloading https://dl.google.com/dl/android/maven2/androidx/lifecycle/lifecycle-viewmodel-ktx/2.7.0/lifecycle-viewmodel-ktx-2.7.0.pom to /home/runner/.gradle/.tmp/gradle_download10293379532983028843bin
Downloading https://dl.google.com/dl/android/maven2/androidx/lifecycle/lifecycle-common-java8/2.7.0/lifecycle-common-java8-2.7.0.pom to /home/runner/.gradle/.tmp/gradle_download4037181565151235764bin
Downloading https://dl.google.com/dl/android/maven2/androidx/lifecycle/lifecycle-viewmodel-savedstate/2.7.0/lifecycle-viewmodel-savedstate-2.7.0.pom to /home/runner/.gradle/.tmp/gradle_download8557773364101306455bin
Downloading https://dl.google.com/dl/android/maven2/androidx/annotation/annotation-experimental/1.1.0/annotation-experimental-1.1.0.module to /home/runner/.gradle/.tmp/gradle_download10873067675894153068bin
Downloading https://dl.google.com/dl/android/maven2/androidx/lifecycle/lifecycle-common-java8/2.7.0/lifecycle-common-java8-2.7.0.module to /home/runner/.gradle/.tmp/gradle_download7927748131862451307bin
Downloading https://dl.google.com/dl/android/maven2/androidx/lifecycle/lifecycle-viewmodel-savedstate/2.7.0/lifecycle-viewmodel-savedstate-2.7.0.module to /home/runner/.gradle/.tmp/gradle_download1313104179572871270bin
Downloading https://dl.google.com/dl/android/maven2/androidx/lifecycle/lifecycle-viewmodel-ktx/2.7.0/lifecycle-viewmodel-ktx-2.7.0.module to /home/runner/.gradle/.tmp/gradle_download4899214776935235264bin
Downloading https://dl.google.com/dl/android/maven2/androidx/lifecycle/lifecycle-runtime/2.7.0/lifecycle-runtime-2.7.0.pom to /home/runner/.gradle/.tmp/gradle_download8989372129657295309bin
Downloading https://dl.google.com/dl/android/maven2/androidx/annotation/annotation/1.0.0/annotation-1.0.0.pom to /home/runner/.gradle/.tmp/gradle_download651560365474015514bin
Downloading https://dl.google.com/dl/android/maven2/androidx/lifecycle/lifecycle-runtime/2.7.0/lifecycle-runtime-2.7.0.module to /home/runner/.gradle/.tmp/gradle_download17766942816662172440bin
Cache entries evicted. In-memory cache of /home/runner/work/echoSystem-native2/echoSystem-native2/.gradle/8.2.1/checksums/md5-checksums.bin: Size{362} MaxSize{400}, CacheStats{hitCount=6, missCount=366, loadSuccessCount=363, loadExceptionCount=0, totalLoadTime=84516630, evictionCount=1} 
Performance may suffer from in-memory cache misses. Increase max heap size of Gradle build process to reduce cache misses.
Downloading https://dl.google.com/dl/android/maven2/androidx/navigation/navigation-runtime-ktx/2.7.6/navigation-runtime-ktx-2.7.6.pom to /home/runner/.gradle/.tmp/gradle_download9935990324290367864bin
Downloading https://dl.google.com/dl/android/maven2/androidx/navigation/navigation-runtime-ktx/2.7.6/navigation-runtime-ktx-2.7.6.module to /home/runner/.gradle/.tmp/gradle_download18207074376493773003bin
Cache entries evicted. In-memory cache of /home/runner/work/echoSystem-native2/echoSystem-native2/.gradle/8.2.1/checksums/sha1-checksums.bin: Size{400} MaxSize{400}, CacheStats{hitCount=112, missCount=688, loadSuccessCount=681, loadExceptionCount=0, totalLoadTime=197968088, evictionCount=281} 
Performance may suffer from in-memory cache misses. Increase max heap size of Gradle build process to reduce cache misses.
Downloading https://dl.google.com/dl/android/maven2/androidx/compose/foundation/foundation-layout/1.6.0/foundation-layout-1.6.0.pom to /home/runner/.gradle/.tmp/gradle_download355519956708129318bin
Downloading https://dl.google.com/dl/android/maven2/androidx/compose/animation/animation/1.6.0/animation-1.6.0.pom to /home/runner/.gradle/.tmp/gradle_download18203516488583740672bin
Downloading https://dl.google.com/dl/android/maven2/androidx/compose/foundation/foundation-layout/1.6.0/foundation-layout-1.6.0.module to /home/runner/.gradle/.tmp/gradle_download6974779134532733533bin
Downloading https://dl.google.com/dl/android/maven2/androidx/compose/animation/animation/1.6.0/animation-1.6.0.module to /home/runner/.gradle/.tmp/gradle_download7618293209001414806bin
Downloading https://dl.google.com/dl/android/maven2/androidx/annotation/annotation/1.2.0/annotation-1.2.0.pom to /home/runner/.gradle/.tmp/gradle_download16251096525172841150bin
Downloading https://dl.google.com/dl/android/maven2/androidx/annotation/annotation/1.2.0/annotation-1.2.0.module to /home/runner/.gradle/.tmp/gradle_download6793606381475720265bin
Downloading https://dl.google.com/dl/android/maven2/androidx/annotation/annotation-experimental/1.3.1/annotation-experimental-1.3.1.pom to /home/runner/.gradle/.tmp/gradle_download17277585181523177242bin
Downloading https://dl.google.com/dl/android/maven2/androidx/annotation/annotation-experimental/1.3.1/annotation-experimental-1.3.1.module to /home/runner/.gradle/.tmp/gradle_download14133336109595344384bin
Downloading https://dl.google.com/dl/android/maven2/androidx/fragment/fragment/1.5.1/fragment-1.5.1.pom to /home/runner/.gradle/.tmp/gradle_download8827266231345607193bin
Downloading https://dl.google.com/dl/android/maven2/androidx/fragment/fragment/1.5.1/fragment-1.5.1.module to /home/runner/.gradle/.tmp/gradle_download14246199933097221406bin
Resource missing. [HTTP GET: https://dl.google.com/dl/android/maven2/com/google/dagger/dagger-lint-aar/2.50/dagger-lint-aar-2.50.pom]
Resource missing. [HTTP GET: https://dl.google.com/dl/android/maven2/com/google/dagger/dagger/2.50/dagger-2.50.pom]
Downloading https://dl.google.com/dl/android/maven2/androidx/savedstate/savedstate/1.2.0/savedstate-1.2.0.pom to /home/runner/.gradle/.tmp/gradle_download3128480076073789899bin
Downloading https://repo.maven.apache.org/maven2/com/google/dagger/dagger/2.50/dagger-2.50.pom to /home/runner/.gradle/.tmp/gradle_download13263725593922586688bin
Resource missing. [HTTP GET: https://dl.google.com/dl/android/maven2/com/google/dagger/hilt-core/2.50/hilt-core-2.50.pom]
Downloading https://repo.maven.apache.org/maven2/com/google/dagger/dagger-lint-aar/2.50/dagger-lint-aar-2.50.pom to /home/runner/.gradle/.tmp/gradle_download8954295049566845403bin
Downloading https://repo.maven.apache.org/maven2/com/google/dagger/hilt-core/2.50/hilt-core-2.50.pom to /home/runner/.gradle/.tmp/gradle_download6345448740763911198bin
Downloading https://dl.google.com/dl/android/maven2/androidx/savedstate/savedstate/1.2.0/savedstate-1.2.0.module to /home/runner/.gradle/.tmp/gradle_download1646616211910555478bin
Downloading https://dl.google.com/dl/android/maven2/androidx/lifecycle/lifecycle-common/2.7.0/lifecycle-common-2.7.0.pom to /home/runner/.gradle/.tmp/gradle_download9968720934870763044bin
Downloading https://dl.google.com/dl/android/maven2/androidx/lifecycle/lifecycle-common/2.7.0/lifecycle-common-2.7.0.module to /home/runner/.gradle/.tmp/gradle_download2385647111899744239bin
Downloading https://dl.google.com/dl/android/maven2/androidx/hilt/hilt-navigation/1.1.0/hilt-navigation-1.1.0.pom to /home/runner/.gradle/.tmp/gradle_download12462632396594950963bin
Downloading https://dl.google.com/dl/android/maven2/androidx/hilt/hilt-navigation/1.1.0/hilt-navigation-1.1.0.module to /home/runner/.gradle/.tmp/gradle_download14091864782455016724bin
Downloading https://dl.google.com/dl/android/maven2/androidx/datastore/datastore/1.0.0/datastore-1.0.0.pom to /home/runner/.gradle/.tmp/gradle_download844350256454813401bin
Downloading https://dl.google.com/dl/android/maven2/androidx/datastore/datastore-preferences-core/1.0.0/datastore-preferences-core-1.0.0.pom to /home/runner/.gradle/.tmp/gradle_download2138483790991350978bin
Cache entries evicted. In-memory cache of /home/runner/work/echoSystem-native2/echoSystem-native2/.gradle/8.2.1/checksums/sha1-checksums.bin: Size{400} MaxSize{400}, CacheStats{hitCount=115, missCount=729, loadSuccessCount=721, loadExceptionCount=0, totalLoadTime=202363155, evictionCount=321} 
Performance may suffer from in-memory cache misses. Increase max heap size of Gradle build process to reduce cache misses.
Downloading https://dl.google.com/dl/android/maven2/androidx/datastore/datastore-preferences-core/1.0.0/datastore-preferences-core-1.0.0.module to /home/runner/.gradle/.tmp/gradle_download13547404102231367588bin
Downloading https://dl.google.com/dl/android/maven2/androidx/datastore/datastore/1.0.0/datastore-1.0.0.module to /home/runner/.gradle/.tmp/gradle_download5467239834027689839bin
Downloading https://dl.google.com/dl/android/maven2/androidx/core/core/1.12.0/core-1.12.0.pom to /home/runner/.gradle/.tmp/gradle_download5406269386712718450bin
Downloading https://dl.google.com/dl/android/maven2/androidx/core/core/1.12.0/core-1.12.0.module to /home/runner/.gradle/.tmp/gradle_download13073868668250263396bin
Downloading https://dl.google.com/dl/android/maven2/androidx/annotation/annotation/1.3.0/annotation-1.3.0.pom to /home/runner/.gradle/.tmp/gradle_download7338256123868137443bin
Downloading https://dl.google.com/dl/android/maven2/androidx/annotation/annotation/1.3.0/annotation-1.3.0.module to /home/runner/.gradle/.tmp/gradle_download9444505845354950966bin
Downloading https://dl.google.com/dl/android/maven2/androidx/activity/activity/1.6.0/activity-1.6.0.pom to /home/runner/.gradle/.tmp/gradle_download9018852811800193902bin
Downloading https://dl.google.com/dl/android/maven2/androidx/cursoradapter/cursoradapter/1.0.0/cursoradapter-1.0.0.pom to /home/runner/.gradle/.tmp/gradle_download7595983205909117840bin
Downloading https://dl.google.com/dl/android/maven2/androidx/appcompat/appcompat-resources/1.6.1/appcompat-resources-1.6.1.pom to /home/runner/.gradle/.tmp/gradle_download2397618308222949081bin
Downloading https://dl.google.com/dl/android/maven2/androidx/collection/collection/1.0.0/collection-1.0.0.pom to /home/runner/.gradle/.tmp/gradle_download16535570281952130014bin
Downloading https://dl.google.com/dl/android/maven2/androidx/activity/activity/1.6.0/activity-1.6.0.module to /home/runner/.gradle/.tmp/gradle_download16902803113840474802bin
Downloading https://dl.google.com/dl/android/maven2/androidx/drawerlayout/drawerlayout/1.0.0/drawerlayout-1.0.0.pom to /home/runner/.gradle/.tmp/gradle_download12123700740885110589bin
Downloading https://dl.google.com/dl/android/maven2/androidx/emoji2/emoji2/1.2.0/emoji2-1.2.0.pom to /home/runner/.gradle/.tmp/gradle_download13920755956940327386bin
Downloading https://dl.google.com/dl/android/maven2/androidx/appcompat/appcompat-resources/1.6.1/appcompat-resources-1.6.1.module to /home/runner/.gradle/.tmp/gradle_download2274088693849885447bin
Downloading https://dl.google.com/dl/android/maven2/androidx/emoji2/emoji2-views-helper/1.2.0/emoji2-views-helper-1.2.0.pom to /home/runner/.gradle/.tmp/gradle_download12043164034708246632bin
Downloading https://dl.google.com/dl/android/maven2/androidx/resourceinspection/resourceinspection-annotation/1.0.1/resourceinspection-annotation-1.0.1.pom to /home/runner/.gradle/.tmp/gradle_download848247528164521815bin
Downloading https://dl.google.com/dl/android/maven2/androidx/emoji2/emoji2/1.2.0/emoji2-1.2.0.module to /home/runner/.gradle/.tmp/gradle_download12384323876789298222bin
Downloading https://dl.google.com/dl/android/maven2/androidx/emoji2/emoji2-views-helper/1.2.0/emoji2-views-helper-1.2.0.module to /home/runner/.gradle/.tmp/gradle_download16668728754847031520bin
Downloading https://dl.google.com/dl/android/maven2/androidx/resourceinspection/resourceinspection-annotation/1.0.1/resourceinspection-annotation-1.0.1.module to /home/runner/.gradle/.tmp/gradle_download11419818900336508200bin
Downloading https://dl.google.com/dl/android/maven2/androidx/compose/material/material-icons-extended-android/1.6.0/material-icons-extended-android-1.6.0.pom to /home/runner/.gradle/.tmp/gradle_download3546417412586936698bin
Cache entries evicted. In-memory cache of /home/runner/work/echoSystem-native2/echoSystem-native2/.gradle/8.2.1/checksums/sha1-checksums.bin: Size{400} MaxSize{400}, CacheStats{hitCount=115, missCount=771, loadSuccessCount=761, loadExceptionCount=0, totalLoadTime=207596602, evictionCount=361} 
Performance may suffer from in-memory cache misses. Increase max heap size of Gradle build process to reduce cache misses.
Downloading https://dl.google.com/dl/android/maven2/androidx/compose/material/material-icons-extended-android/1.6.0/material-icons-extended-android-1.6.0.module to /home/runner/.gradle/.tmp/gradle_download18313834910664853401bin
Downloading https://dl.google.com/dl/android/maven2/androidx/savedstate/savedstate-ktx/1.2.1/savedstate-ktx-1.2.1.pom to /home/runner/.gradle/.tmp/gradle_download10436811113119762769bin
Downloading https://dl.google.com/dl/android/maven2/androidx/savedstate/savedstate-ktx/1.2.1/savedstate-ktx-1.2.1.module to /home/runner/.gradle/.tmp/gradle_download11526975689905733454bin
Downloading https://dl.google.com/dl/android/maven2/androidx/compose/animation/animation-core/1.6.0/animation-core-1.6.0.pom to /home/runner/.gradle/.tmp/gradle_download17391887618648566337bin
Downloading https://dl.google.com/dl/android/maven2/androidx/compose/material/material-icons-core/1.6.0/material-icons-core-1.6.0.pom to /home/runner/.gradle/.tmp/gradle_download16194935690889539237bin
Downloading https://dl.google.com/dl/android/maven2/androidx/compose/material/material-ripple/1.6.0/material-ripple-1.6.0.pom to /home/runner/.gradle/.tmp/gradle_download18097073084703540772bin
Downloading https://dl.google.com/dl/android/maven2/androidx/compose/animation/animation-core/1.6.0/animation-core-1.6.0.module to /home/runner/.gradle/.tmp/gradle_download2077281498601127660bin
Downloading https://dl.google.com/dl/android/maven2/androidx/compose/material/material-icons-core/1.6.0/material-icons-core-1.6.0.module to /home/runner/.gradle/.tmp/gradle_download15474114936864431678bin
Downloading https://dl.google.com/dl/android/maven2/androidx/compose/foundation/foundation/1.6.0/foundation-1.6.0.pom to /home/runner/.gradle/.tmp/gradle_download9607389780985965461bin
Downloading https://dl.google.com/dl/android/maven2/androidx/compose/material/material-ripple/1.6.0/material-ripple-1.6.0.module to /home/runner/.gradle/.tmp/gradle_download12564066259753510619bin
Downloading https://dl.google.com/dl/android/maven2/androidx/compose/ui/ui-text/1.6.0/ui-text-1.6.0.pom to /home/runner/.gradle/.tmp/gradle_download16487190908327418336bin
Downloading https://dl.google.com/dl/android/maven2/androidx/compose/ui/ui-util/1.6.0/ui-util-1.6.0.pom to /home/runner/.gradle/.tmp/gradle_download7399606156669664286bin
Downloading https://dl.google.com/dl/android/maven2/androidx/compose/ui/ui-util/1.6.0/ui-util-1.6.0.module to /home/runner/.gradle/.tmp/gradle_download17614093950469491204bin
Downloading https://dl.google.com/dl/android/maven2/androidx/compose/foundation/foundation/1.6.0/foundation-1.6.0.module to /home/runner/.gradle/.tmp/gradle_download9408234414027951653bin
Downloading https://dl.google.com/dl/android/maven2/androidx/compose/ui/ui-text/1.6.0/ui-text-1.6.0.module to /home/runner/.gradle/.tmp/gradle_download5055400697656104302bin
Downloading https://dl.google.com/dl/android/maven2/androidx/compose/ui/ui-android/1.6.0/ui-android-1.6.0.pom to /home/runner/.gradle/.tmp/gradle_download8315823117807505667bin
Downloading https://dl.google.com/dl/android/maven2/androidx/compose/ui/ui-android/1.6.0/ui-android-1.6.0.module to /home/runner/.gradle/.tmp/gradle_download3912907249927427016bin
Downloading https://dl.google.com/dl/android/maven2/androidx/compose/ui/ui-graphics-android/1.6.0/ui-graphics-android-1.6.0.pom to /home/runner/.gradle/.tmp/gradle_download10064723419052295351bin
Downloading https://dl.google.com/dl/android/maven2/androidx/compose/ui/ui-graphics-android/1.6.0/ui-graphics-android-1.6.0.module to /home/runner/.gradle/.tmp/gradle_download17494454728986900314bin
Downloading https://dl.google.com/dl/android/maven2/androidx/compose/ui/ui-tooling-android/1.6.0/ui-tooling-android-1.6.0.pom to /home/runner/.gradle/.tmp/gradle_download12377742428108094800bin
Cache entries evicted. In-memory cache of /home/runner/work/echoSystem-native2/echoSystem-native2/.gradle/8.2.1/checksums/sha1-checksums.bin: Size{400} MaxSize{400}, CacheStats{hitCount=115, missCount=811, loadSuccessCount=801, loadExceptionCount=0, totalLoadTime=212213755, evictionCount=401} 
Performance may suffer from in-memory cache misses. Increase max heap size of Gradle build process to reduce cache misses.
Downloading https://dl.google.com/dl/android/maven2/androidx/compose/ui/ui-tooling-android/1.6.0/ui-tooling-android-1.6.0.module to /home/runner/.gradle/.tmp/gradle_download14065678405455839594bin
Downloading https://dl.google.com/dl/android/maven2/androidx/compose/ui/ui-tooling-preview-android/1.6.0/ui-tooling-preview-android-1.6.0.pom to /home/runner/.gradle/.tmp/gradle_download7502963348139751865bin
Downloading https://dl.google.com/dl/android/maven2/androidx/compose/ui/ui-tooling-preview-android/1.6.0/ui-tooling-preview-android-1.6.0.module to /home/runner/.gradle/.tmp/gradle_download9769294745263043554bin
Resource missing. [HTTP GET: https://dl.google.com/dl/android/maven2/org/jetbrains/kotlin/kotlin-stdlib-jdk8/1.8.22/kotlin-stdlib-jdk8-1.8.22.pom]
Downloading https://repo.maven.apache.org/maven2/org/jetbrains/kotlin/kotlin-stdlib-jdk8/1.8.22/kotlin-stdlib-jdk8-1.8.22.pom to /home/runner/.gradle/.tmp/gradle_download4224597074855912427bin
Resource missing. [HTTP GET: https://dl.google.com/dl/android/maven2/org/slf4j/slf4j-api/1.7.36/slf4j-api-1.7.36.pom]
Resource missing. [HTTP GET: https://dl.google.com/dl/android/maven2/org/jetbrains/kotlinx/kotlinx-coroutines-jdk8/1.7.1/kotlinx-coroutines-jdk8-1.7.1.pom]
Downloading https://repo.maven.apache.org/maven2/org/jetbrains/kotlinx/kotlinx-coroutines-jdk8/1.7.1/kotlinx-coroutines-jdk8-1.7.1.pom to /home/runner/.gradle/.tmp/gradle_download10542526141199794177bin
Downloading https://repo.maven.apache.org/maven2/org/slf4j/slf4j-api/1.7.36/slf4j-api-1.7.36.pom to /home/runner/.gradle/.tmp/gradle_download8899022379570885107bin
Resource missing. [HTTP GET: https://dl.google.com/dl/android/maven2/io/ktor/ktor-server-host-common/2.3.7/ktor-server-host-common-2.3.7.pom]
Resource missing. [HTTP GET: https://dl.google.com/dl/android/maven2/org/slf4j/slf4j-parent/1.7.36/slf4j-parent-1.7.36.pom]
Resource missing. [HTTP GET: https://dl.google.com/dl/android/maven2/org/jetbrains/kotlinx/kotlinx-coroutines-bom/1.7.1/kotlinx-coroutines-bom-1.7.1.pom]
Resource missing. [HTTP GET: https://dl.google.com/dl/android/maven2/io/netty/netty-codec-http2/4.1.101.Final/netty-codec-http2-4.1.101.Final.pom]
Downloading https://repo.maven.apache.org/maven2/org/slf4j/slf4j-parent/1.7.36/slf4j-parent-1.7.36.pom to /home/runner/.gradle/.tmp/gradle_download6761186891815064946bin
Downloading https://repo.maven.apache.org/maven2/io/ktor/ktor-server-host-common/2.3.7/ktor-server-host-common-2.3.7.pom to /home/runner/.gradle/.tmp/gradle_download12610188321835500664bin
Downloading https://repo.maven.apache.org/maven2/org/jetbrains/kotlinx/kotlinx-coroutines-bom/1.7.1/kotlinx-coroutines-bom-1.7.1.pom to /home/runner/.gradle/.tmp/gradle_download14913224112111513466bin
Downloading https://repo.maven.apache.org/maven2/io/ktor/ktor-server-host-common/2.3.7/ktor-server-host-common-2.3.7.module to /home/runner/.gradle/.tmp/gradle_download15650560448703628156bin
Downloading https://repo.maven.apache.org/maven2/org/jetbrains/kotlinx/kotlinx-coroutines-jdk8/1.7.1/kotlinx-coroutines-jdk8-1.7.1.module to /home/runner/.gradle/.tmp/gradle_download7987843197477083109bin
Downloading https://repo.maven.apache.org/maven2/io/netty/netty-codec-http2/4.1.101.Final/netty-codec-http2-4.1.101.Final.pom to /home/runner/.gradle/.tmp/gradle_download10118259240240954924bin
Resource missing. [HTTP GET: https://dl.google.com/dl/android/maven2/org/eclipse/jetty/alpn/alpn-api/1.1.3.v20160715/alpn-api-1.1.3.v20160715.pom]
Resource missing. [HTTP GET: https://dl.google.com/dl/android/maven2/io/netty/netty-transport-native-kqueue/4.1.101.Final/netty-transport-native-kqueue-4.1.101.Final.pom]
Resource missing. [HTTP GET: https://dl.google.com/dl/android/maven2/io/netty/netty-transport-native-epoll/4.1.101.Final/netty-transport-native-epoll-4.1.101.Final.pom]
Downloading https://repo.maven.apache.org/maven2/org/eclipse/jetty/alpn/alpn-api/1.1.3.v20160715/alpn-api-1.1.3.v20160715.pom to /home/runner/.gradle/.tmp/gradle_download5700612948190181922bin
Resource missing. [HTTP GET: https://dl.google.com/dl/android/maven2/io/netty/netty-parent/4.1.101.Final/netty-parent-4.1.101.Final.pom]
Downloading https://repo.maven.apache.org/maven2/io/netty/netty-transport-native-kqueue/4.1.101.Final/netty-transport-native-kqueue-4.1.101.Final.pom to /home/runner/.gradle/.tmp/gradle_download9163766169736438618bin
Downloading https://repo.maven.apache.org/maven2/io/netty/netty-transport-native-epoll/4.1.101.Final/netty-transport-native-epoll-4.1.101.Final.pom to /home/runner/.gradle/.tmp/gradle_download15253808229002079350bin
Resource missing. [HTTP GET: https://dl.google.com/dl/android/maven2/org/eclipse/jetty/jetty-parent/21/jetty-parent-21.pom]
Downloading https://repo.maven.apache.org/maven2/io/netty/netty-parent/4.1.101.Final/netty-parent-4.1.101.Final.pom to /home/runner/.gradle/.tmp/gradle_download11998777771311273398bin
Downloading https://repo.maven.apache.org/maven2/org/eclipse/jetty/jetty-parent/21/jetty-parent-21.pom to /home/runner/.gradle/.tmp/gradle_download18419484910860123959bin
Cache entries evicted. In-memory cache of /home/runner/work/echoSystem-native2/echoSystem-native2/.gradle/8.2.1/checksums/md5-checksums.bin: Size{400} MaxSize{400}, CacheStats{hitCount=9, missCount=448, loadSuccessCount=441, loadExceptionCount=0, totalLoadTime=94868057, evictionCount=41} 
Performance may suffer from in-memory cache misses. Increase max heap size of Gradle build process to reduce cache misses.
Resource missing. [HTTP GET: https://dl.google.com/dl/android/maven2/org/jetbrains/kotlin/kotlin-stdlib-common/1.8.22/kotlin-stdlib-common-1.8.22.pom]
Downloading https://repo.maven.apache.org/maven2/org/jetbrains/kotlin/kotlin-stdlib-common/1.8.22/kotlin-stdlib-common-1.8.22.pom to /home/runner/.gradle/.tmp/gradle_download6055946337230131234bin
Resource missing. [HTTP GET: https://dl.google.com/dl/android/maven2/org/jetbrains/kotlin/kotlin-stdlib-jdk7/1.8.22/kotlin-stdlib-jdk7-1.8.22.pom]
Resource missing. [HTTP GET: https://dl.google.com/dl/android/maven2/com/typesafe/config/1.4.2/config-1.4.2.pom]
Downloading https://repo.maven.apache.org/maven2/org/jetbrains/kotlin/kotlin-stdlib-jdk7/1.8.22/kotlin-stdlib-jdk7-1.8.22.pom to /home/runner/.gradle/.tmp/gradle_download11273353004669446668bin
Downloading https://repo.maven.apache.org/maven2/com/typesafe/config/1.4.2/config-1.4.2.pom to /home/runner/.gradle/.tmp/gradle_download3030522716325283876bin
Resource missing. [HTTP GET: https://dl.google.com/dl/android/maven2/io/ktor/ktor-utils/2.3.7/ktor-utils-2.3.7.pom]
Resource missing. [HTTP GET: https://dl.google.com/dl/android/maven2/io/ktor/ktor-http/2.3.7/ktor-http-2.3.7.pom]
Resource missing. [HTTP GET: https://dl.google.com/dl/android/maven2/io/ktor/ktor-serialization/2.3.7/ktor-serialization-2.3.7.pom]
Downloading https://repo.maven.apache.org/maven2/io/ktor/ktor-http/2.3.7/ktor-http-2.3.7.pom to /home/runner/.gradle/.tmp/gradle_download15116202282554357702bin
Downloading https://repo.maven.apache.org/maven2/io/ktor/ktor-serialization/2.3.7/ktor-serialization-2.3.7.pom to /home/runner/.gradle/.tmp/gradle_download7269230715579141785bin
Downloading https://repo.maven.apache.org/maven2/io/ktor/ktor-utils/2.3.7/ktor-utils-2.3.7.pom to /home/runner/.gradle/.tmp/gradle_download11010366810486852679bin
Downloading https://repo.maven.apache.org/maven2/io/ktor/ktor-http/2.3.7/ktor-http-2.3.7.module to /home/runner/.gradle/.tmp/gradle_download17317972219676603554bin
Downloading https://repo.maven.apache.org/maven2/io/ktor/ktor-serialization/2.3.7/ktor-serialization-2.3.7.module to /home/runner/.gradle/.tmp/gradle_download12837201195524950644bin
Downloading https://repo.maven.apache.org/maven2/io/ktor/ktor-utils/2.3.7/ktor-utils-2.3.7.module to /home/runner/.gradle/.tmp/gradle_download511430037948441692bin
Resource missing. [HTTP GET: https://dl.google.com/dl/android/maven2/io/ktor/ktor-events/2.3.7/ktor-events-2.3.7.pom]
Downloading https://repo.maven.apache.org/maven2/io/ktor/ktor-events/2.3.7/ktor-events-2.3.7.pom to /home/runner/.gradle/.tmp/gradle_download13474371952936485558bin
Downloading https://repo.maven.apache.org/maven2/io/ktor/ktor-events/2.3.7/ktor-events-2.3.7.module to /home/runner/.gradle/.tmp/gradle_download18422589577939220672bin
Resource missing. [HTTP GET: https://dl.google.com/dl/android/maven2/org/jetbrains/kotlin/kotlin-reflect/1.8.22/kotlin-reflect-1.8.22.pom]
Resource missing. [HTTP GET: https://dl.google.com/dl/android/maven2/org/fusesource/jansi/jansi/2.4.0/jansi-2.4.0.pom]
Downloading https://repo.maven.apache.org/maven2/org/fusesource/jansi/jansi/2.4.0/jansi-2.4.0.pom to /home/runner/.gradle/.tmp/gradle_download15810217579534996718bin
Downloading https://repo.maven.apache.org/maven2/org/jetbrains/kotlin/kotlin-reflect/1.8.22/kotlin-reflect-1.8.22.pom to /home/runner/.gradle/.tmp/gradle_download18369737764732063680bin
Resource missing. [HTTP GET: https://dl.google.com/dl/android/maven2/org/fusesource/fusesource-pom/1.12/fusesource-pom-1.12.pom]
Downloading https://repo.maven.apache.org/maven2/org/fusesource/fusesource-pom/1.12/fusesource-pom-1.12.pom to /home/runner/.gradle/.tmp/gradle_download14405897661095397691bin
Cache entries evicted. In-memory cache of /home/runner/work/echoSystem-native2/echoSystem-native2/.gradle/8.2.1/checksums/sha1-checksums.bin: Size{400} MaxSize{400}, CacheStats{hitCount=121, missCount=852, loadSuccessCount=841, loadExceptionCount=0, totalLoadTime=216596660, evictionCount=441} 
Performance may suffer from in-memory cache misses. Increase max heap size of Gradle build process to reduce cache misses.
Resource missing. [HTTP GET: https://dl.google.com/dl/android/maven2/io/ktor/ktor-websocket-serialization/2.3.7/ktor-websocket-serialization-2.3.7.pom]
Resource missing. [HTTP GET: https://dl.google.com/dl/android/maven2/io/ktor/ktor-websockets/2.3.7/ktor-websockets-2.3.7.pom]
Downloading https://repo.maven.apache.org/maven2/io/ktor/ktor-websockets/2.3.7/ktor-websockets-2.3.7.pom to /home/runner/.gradle/.tmp/gradle_download14159672608296968679bin
Downloading https://repo.maven.apache.org/maven2/io/ktor/ktor-websocket-serialization/2.3.7/ktor-websocket-serialization-2.3.7.pom to /home/runner/.gradle/.tmp/gradle_download2051993993434181089bin
Downloading https://repo.maven.apache.org/maven2/io/ktor/ktor-websockets/2.3.7/ktor-websockets-2.3.7.module to /home/runner/.gradle/.tmp/gradle_download1893914255983993465bin
Downloading https://repo.maven.apache.org/maven2/io/ktor/ktor-websocket-serialization/2.3.7/ktor-websocket-serialization-2.3.7.module to /home/runner/.gradle/.tmp/gradle_download11219661105076739314bin
Resource missing. [HTTP GET: https://dl.google.com/dl/android/maven2/io/ktor/ktor-serialization-kotlinx/2.3.7/ktor-serialization-kotlinx-2.3.7.pom]
Downloading https://repo.maven.apache.org/maven2/io/ktor/ktor-serialization-kotlinx/2.3.7/ktor-serialization-kotlinx-2.3.7.pom to /home/runner/.gradle/.tmp/gradle_download12951707049989982558bin
Downloading https://repo.maven.apache.org/maven2/io/ktor/ktor-serialization-kotlinx/2.3.7/ktor-serialization-kotlinx-2.3.7.module to /home/runner/.gradle/.tmp/gradle_download18319018613467708964bin
Resource missing. [HTTP GET: https://dl.google.com/dl/android/maven2/io/ktor/ktor-server-conditional-headers/2.3.7/ktor-server-conditional-headers-2.3.7.pom]
Downloading https://repo.maven.apache.org/maven2/io/ktor/ktor-server-conditional-headers/2.3.7/ktor-server-conditional-headers-2.3.7.pom to /home/runner/.gradle/.tmp/gradle_download14197410316396087600bin
Downloading https://repo.maven.apache.org/maven2/io/ktor/ktor-server-conditional-headers/2.3.7/ktor-server-conditional-headers-2.3.7.module to /home/runner/.gradle/.tmp/gradle_download14106842104534692624bin
Resource missing. [HTTP GET: https://dl.google.com/dl/android/maven2/io/ktor/ktor-network-tls/2.3.7/ktor-network-tls-2.3.7.pom]
Downloading https://repo.maven.apache.org/maven2/io/ktor/ktor-network-tls/2.3.7/ktor-network-tls-2.3.7.pom to /home/runner/.gradle/.tmp/gradle_download7912428262206637259bin
Downloading https://repo.maven.apache.org/maven2/io/ktor/ktor-network-tls/2.3.7/ktor-network-tls-2.3.7.module to /home/runner/.gradle/.tmp/gradle_download7517579911099844104bin
Resource missing. [HTTP GET: https://dl.google.com/dl/android/maven2/io/ktor/ktor-client-core/2.3.7/ktor-client-core-2.3.7.pom]
Downloading https://repo.maven.apache.org/maven2/io/ktor/ktor-client-core/2.3.7/ktor-client-core-2.3.7.pom to /home/runner/.gradle/.tmp/gradle_download16234476735319368561bin
Downloading https://repo.maven.apache.org/maven2/io/ktor/ktor-client-core/2.3.7/ktor-client-core-2.3.7.module to /home/runner/.gradle/.tmp/gradle_download12137572152605278843bin
Resource missing. [HTTP GET: https://dl.google.com/dl/android/maven2/org/jetbrains/kotlin/kotlin-stdlib-common/1.9.21/kotlin-stdlib-common-1.9.21.pom]
Downloading https://repo.maven.apache.org/maven2/org/jetbrains/kotlin/kotlin-stdlib-common/1.9.21/kotlin-stdlib-common-1.9.21.pom to /home/runner/.gradle/.tmp/gradle_download18131534894645540484bin
Downloading https://repo.maven.apache.org/maven2/org/jetbrains/kotlin/kotlin-stdlib-common/1.9.21/kotlin-stdlib-common-1.9.21.module to /home/runner/.gradle/.tmp/gradle_download14515548596394906413bin
Resource missing. [HTTP GET: https://dl.google.com/dl/android/maven2/org/jetbrains/kotlinx/kotlinx-serialization-core/1.6.2/kotlinx-serialization-core-1.6.2.pom]
Downloading https://repo.maven.apache.org/maven2/org/jetbrains/kotlinx/kotlinx-serialization-core/1.6.2/kotlinx-serialization-core-1.6.2.pom to /home/runner/.gradle/.tmp/gradle_download2209607427830377889bin
Downloading https://repo.maven.apache.org/maven2/org/jetbrains/kotlinx/kotlinx-serialization-core/1.6.2/kotlinx-serialization-core-1.6.2.module to /home/runner/.gradle/.tmp/gradle_download6757792049411232707bin
Resource missing. [HTTP GET: https://dl.google.com/dl/android/maven2/org/jetbrains/kotlinx/kotlinx-coroutines-jdk8/1.7.3/kotlinx-coroutines-jdk8-1.7.3.pom]
Downloading https://repo.maven.apache.org/maven2/org/jetbrains/kotlinx/kotlinx-coroutines-jdk8/1.7.3/kotlinx-coroutines-jdk8-1.7.3.pom to /home/runner/.gradle/.tmp/gradle_download9863611181725397635bin
Downloading https://repo.maven.apache.org/maven2/org/jetbrains/kotlinx/kotlinx-coroutines-jdk8/1.7.3/kotlinx-coroutines-jdk8-1.7.3.module to /home/runner/.gradle/.tmp/gradle_download8612562595525055365bin
Resource missing. [HTTP GET: https://dl.google.com/dl/android/maven2/org/jetbrains/kotlinx/kotlinx-coroutines-core-jvm/1.7.3/kotlinx-coroutines-core-jvm-1.7.3.pom]
Downloading https://repo.maven.apache.org/maven2/org/jetbrains/kotlinx/kotlinx-coroutines-core-jvm/1.7.3/kotlinx-coroutines-core-jvm-1.7.3.pom to /home/runner/.gradle/.tmp/gradle_download12922870976365784452bin
Downloading https://repo.maven.apache.org/maven2/org/jetbrains/kotlinx/kotlinx-coroutines-core-jvm/1.7.3/kotlinx-coroutines-core-jvm-1.7.3.module to /home/runner/.gradle/.tmp/gradle_download2182570719235612823bin
Downloading https://dl.google.com/dl/android/maven2/androidx/activity/activity/1.8.2/activity-1.8.2.pom to /home/runner/.gradle/.tmp/gradle_download13801839373512018033bin
Downloading https://dl.google.com/dl/android/maven2/androidx/activity/activity/1.8.2/activity-1.8.2.module to /home/runner/.gradle/.tmp/gradle_download2804070357684388069bin
Resource missing. [HTTP GET: https://dl.google.com/dl/android/maven2/org/jetbrains/kotlin/kotlin-stdlib-common/1.9.22/kotlin-stdlib-common-1.9.22.pom]
Downloading https://repo.maven.apache.org/maven2/org/jetbrains/kotlin/kotlin-stdlib-common/1.9.22/kotlin-stdlib-common-1.9.22.pom to /home/runner/.gradle/.tmp/gradle_download10228814255429368816bin
Downloading https://repo.maven.apache.org/maven2/org/jetbrains/kotlin/kotlin-stdlib-common/1.9.22/kotlin-stdlib-common-1.9.22.module to /home/runner/.gradle/.tmp/gradle_download7557157404396183078bin
Cache entries evicted. In-memory cache of /home/runner/work/echoSystem-native2/echoSystem-native2/.gradle/8.2.1/checksums/md5-checksums.bin: Size{400} MaxSize{400}, CacheStats{hitCount=9, missCount=488, loadSuccessCount=481, loadExceptionCount=0, totalLoadTime=98207186, evictionCount=81} 
Performance may suffer from in-memory cache misses. Increase max heap size of Gradle build process to reduce cache misses.
Downloading https://dl.google.com/dl/android/maven2/androidx/compose/runtime/runtime-android/1.6.0/runtime-android-1.6.0.pom to /home/runner/.gradle/.tmp/gradle_download13452194853740130631bin
Downloading https://dl.google.com/dl/android/maven2/androidx/compose/runtime/runtime-android/1.6.0/runtime-android-1.6.0.module to /home/runner/.gradle/.tmp/gradle_download2550795718431884029bin
Downloading https://dl.google.com/dl/android/maven2/androidx/compose/runtime/runtime-saveable-android/1.6.0/runtime-saveable-android-1.6.0.pom to /home/runner/.gradle/.tmp/gradle_download8037938370671750803bin
Downloading https://dl.google.com/dl/android/maven2/androidx/compose/runtime/runtime-saveable-android/1.6.0/runtime-saveable-android-1.6.0.module to /home/runner/.gradle/.tmp/gradle_download1799915747078868238bin
Downloading https://dl.google.com/dl/android/maven2/androidx/savedstate/savedstate/1.2.1/savedstate-1.2.1.pom to /home/runner/.gradle/.tmp/gradle_download18347746090124504110bin
Downloading https://dl.google.com/dl/android/maven2/androidx/savedstate/savedstate/1.2.1/savedstate-1.2.1.module to /home/runner/.gradle/.tmp/gradle_download14759517858103899807bin
Downloading https://dl.google.com/dl/android/maven2/androidx/lifecycle/lifecycle-livedata-core/2.7.0/lifecycle-livedata-core-2.7.0.pom to /home/runner/.gradle/.tmp/gradle_download10664702224420563772bin
Cache entries evicted. In-memory cache of /home/runner/work/echoSystem-native2/echoSystem-native2/.gradle/8.2.1/checksums/sha1-checksums.bin: Size{400} MaxSize{400}, CacheStats{hitCount=124, missCount=893, loadSuccessCount=881, loadExceptionCount=0, totalLoadTime=221333731, evictionCount=481} 
Performance may suffer from in-memory cache misses. Increase max heap size of Gradle build process to reduce cache misses.
Downloading https://dl.google.com/dl/android/maven2/androidx/lifecycle/lifecycle-livedata-core/2.7.0/lifecycle-livedata-core-2.7.0.module to /home/runner/.gradle/.tmp/gradle_download15247585956123250213bin
Downloading https://dl.google.com/dl/android/maven2/androidx/arch/core/core-common/2.2.0/core-common-2.2.0.pom to /home/runner/.gradle/.tmp/gradle_download6496556300548149426bin
Downloading https://dl.google.com/dl/android/maven2/androidx/profileinstaller/profileinstaller/1.3.0/profileinstaller-1.3.0.pom to /home/runner/.gradle/.tmp/gradle_download5766382052765793085bin
Downloading https://dl.google.com/dl/android/maven2/androidx/arch/core/core-runtime/2.2.0/core-runtime-2.2.0.pom to /home/runner/.gradle/.tmp/gradle_download14472457896552797818bin
Downloading https://dl.google.com/dl/android/maven2/androidx/arch/core/core-common/2.2.0/core-common-2.2.0.module to /home/runner/.gradle/.tmp/gradle_download5927519845572090072bin
Downloading https://dl.google.com/dl/android/maven2/androidx/profileinstaller/profileinstaller/1.3.0/profileinstaller-1.3.0.module to /home/runner/.gradle/.tmp/gradle_download12029310922521527768bin
Downloading https://dl.google.com/dl/android/maven2/androidx/arch/core/core-runtime/2.2.0/core-runtime-2.2.0.module to /home/runner/.gradle/.tmp/gradle_download15128004652360390498bin
Downloading https://dl.google.com/dl/android/maven2/androidx/navigation/navigation-runtime/2.7.6/navigation-runtime-2.7.6.pom to /home/runner/.gradle/.tmp/gradle_download13966967699230117588bin
Downloading https://dl.google.com/dl/android/maven2/androidx/navigation/navigation-common-ktx/2.7.6/navigation-common-ktx-2.7.6.pom to /home/runner/.gradle/.tmp/gradle_download18176653087011652309bin
Downloading https://dl.google.com/dl/android/maven2/androidx/navigation/navigation-common-ktx/2.7.6/navigation-common-ktx-2.7.6.module to /home/runner/.gradle/.tmp/gradle_download877986228872864710bin
Downloading https://dl.google.com/dl/android/maven2/androidx/navigation/navigation-runtime/2.7.6/navigation-runtime-2.7.6.module to /home/runner/.gradle/.tmp/gradle_download6419838539739002146bin
Downloading https://dl.google.com/dl/android/maven2/androidx/compose/animation/animation-android/1.6.0/animation-android-1.6.0.pom to /home/runner/.gradle/.tmp/gradle_download12320261329738601808bin
Downloading https://dl.google.com/dl/android/maven2/androidx/compose/animation/animation-android/1.6.0/animation-android-1.6.0.module to /home/runner/.gradle/.tmp/gradle_download6468333906601077427bin
Downloading https://dl.google.com/dl/android/maven2/androidx/compose/foundation/foundation-layout-android/1.6.0/foundation-layout-android-1.6.0.pom to /home/runner/.gradle/.tmp/gradle_download14876633199179704699bin
Downloading https://dl.google.com/dl/android/maven2/androidx/compose/foundation/foundation-layout-android/1.6.0/foundation-layout-android-1.6.0.module to /home/runner/.gradle/.tmp/gradle_download17324004057016580957bin
Downloading https://dl.google.com/dl/android/maven2/androidx/collection/collection/1.1.0/collection-1.1.0.pom to /home/runner/.gradle/.tmp/gradle_download6223027914540656219bin
Downloading https://dl.google.com/dl/android/maven2/androidx/loader/loader/1.0.0/loader-1.0.0.pom to /home/runner/.gradle/.tmp/gradle_download12746388599324014599bin
Downloading https://dl.google.com/dl/android/maven2/androidx/viewpager/viewpager/1.0.0/viewpager-1.0.0.pom to /home/runner/.gradle/.tmp/gradle_download7228895309271667637bin
Downloading https://dl.google.com/dl/android/maven2/androidx/datastore/datastore-core/1.0.0/datastore-core-1.0.0.pom to /home/runner/.gradle/.tmp/gradle_download18423125466456548433bin
Downloading https://dl.google.com/dl/android/maven2/androidx/datastore/datastore-core/1.0.0/datastore-core-1.0.0.module to /home/runner/.gradle/.tmp/gradle_download10217773117285737527bin
Cache entries evicted. In-memory cache of /home/runner/work/echoSystem-native2/echoSystem-native2/.gradle/8.2.1/checksums/sha1-checksums.bin: Size{400} MaxSize{400}, CacheStats{hitCount=124, missCount=938, loadSuccessCount=921, loadExceptionCount=0, totalLoadTime=226380391, evictionCount=521} 
Performance may suffer from in-memory cache misses. Increase max heap size of Gradle build process to reduce cache misses.
Downloading https://dl.google.com/dl/android/maven2/androidx/annotation/annotation/1.6.0/annotation-1.6.0.pom to /home/runner/.gradle/.tmp/gradle_download12219502055045696684bin
Downloading https://dl.google.com/dl/android/maven2/androidx/annotation/annotation/1.6.0/annotation-1.6.0.module to /home/runner/.gradle/.tmp/gradle_download9144700020500193405bin
Downloading https://dl.google.com/dl/android/maven2/androidx/concurrent/concurrent-futures/1.0.0/concurrent-futures-1.0.0.pom to /home/runner/.gradle/.tmp/gradle_download1799224250114954536bin
Downloading https://dl.google.com/dl/android/maven2/androidx/versionedparcelable/versionedparcelable/1.1.1/versionedparcelable-1.1.1.pom to /home/runner/.gradle/.tmp/gradle_download1465806383826110287bin
Downloading https://dl.google.com/dl/android/maven2/androidx/interpolator/interpolator/1.0.0/interpolator-1.0.0.pom to /home/runner/.gradle/.tmp/gradle_download295939086337068692bin
Downloading https://dl.google.com/dl/android/maven2/androidx/vectordrawable/vectordrawable/1.1.0/vectordrawable-1.1.0.pom to /home/runner/.gradle/.tmp/gradle_download6640350011052796572bin
Downloading https://dl.google.com/dl/android/maven2/androidx/vectordrawable/vectordrawable-animated/1.1.0/vectordrawable-animated-1.1.0.pom to /home/runner/.gradle/.tmp/gradle_download5920631471499285598bin
Downloading https://dl.google.com/dl/android/maven2/androidx/customview/customview/1.0.0/customview-1.0.0.pom to /home/runner/.gradle/.tmp/gradle_download10292015840547297633bin
Downloading https://dl.google.com/dl/android/maven2/androidx/startup/startup-runtime/1.0.0/startup-runtime-1.0.0.pom to /home/runner/.gradle/.tmp/gradle_download13290227118234207128bin
Downloading https://dl.google.com/dl/android/maven2/androidx/startup/startup-runtime/1.0.0/startup-runtime-1.0.0.module to /home/runner/.gradle/.tmp/gradle_download7878545332569269150bin
Downloading https://dl.google.com/dl/android/maven2/androidx/lifecycle/lifecycle-process/2.7.0/lifecycle-process-2.7.0.pom to /home/runner/.gradle/.tmp/gradle_download12621313775344756778bin
Downloading https://dl.google.com/dl/android/maven2/androidx/lifecycle/lifecycle-process/2.7.0/lifecycle-process-2.7.0.module to /home/runner/.gradle/.tmp/gradle_download9208874019777819979bin
Downloading https://dl.google.com/dl/android/maven2/androidx/compose/animation/animation-core-android/1.6.0/animation-core-android-1.6.0.pom to /home/runner/.gradle/.tmp/gradle_download113688692824255086bin
Cache entries evicted. In-memory cache of /home/runner/work/echoSystem-native2/echoSystem-native2/.gradle/8.2.1/checksums/md5-checksums.bin: Size{400} MaxSize{400}, CacheStats{hitCount=10, missCount=533, loadSuccessCount=521, loadExceptionCount=0, totalLoadTime=102404297, evictionCount=121} 
Performance may suffer from in-memory cache misses. Increase max heap size of Gradle build process to reduce cache misses.
Downloading https://dl.google.com/dl/android/maven2/androidx/compose/animation/animation-core-android/1.6.0/animation-core-android-1.6.0.module to /home/runner/.gradle/.tmp/gradle_download17369178216296517843bin
Downloading https://dl.google.com/dl/android/maven2/androidx/compose/foundation/foundation-android/1.6.0/foundation-android-1.6.0.pom to /home/runner/.gradle/.tmp/gradle_download13570381140817698357bin
Downloading https://dl.google.com/dl/android/maven2/androidx/compose/foundation/foundation-android/1.6.0/foundation-android-1.6.0.module to /home/runner/.gradle/.tmp/gradle_download4793845056205681808bin
Downloading https://dl.google.com/dl/android/maven2/androidx/compose/material/material-icons-core-android/1.6.0/material-icons-core-android-1.6.0.pom to /home/runner/.gradle/.tmp/gradle_download12986498541710915533bin
Downloading https://dl.google.com/dl/android/maven2/androidx/compose/material/material-icons-core-android/1.6.0/material-icons-core-android-1.6.0.module to /home/runner/.gradle/.tmp/gradle_download8039810327576401827bin
Downloading https://dl.google.com/dl/android/maven2/androidx/compose/material/material-ripple-android/1.6.0/material-ripple-android-1.6.0.pom to /home/runner/.gradle/.tmp/gradle_download3625978744352397020bin
Downloading https://dl.google.com/dl/android/maven2/androidx/compose/material/material-ripple-android/1.6.0/material-ripple-android-1.6.0.module to /home/runner/.gradle/.tmp/gradle_download15397296657541178318bin
Cache entries evicted. In-memory cache of /home/runner/work/echoSystem-native2/echoSystem-native2/.gradle/8.2.1/checksums/sha1-checksums.bin: Size{400} MaxSize{400}, CacheStats{hitCount=124, missCount=978, loadSuccessCount=961, loadExceptionCount=0, totalLoadTime=231359910, evictionCount=561} 
Performance may suffer from in-memory cache misses. Increase max heap size of Gradle build process to reduce cache misses.
Downloading https://dl.google.com/dl/android/maven2/androidx/compose/ui/ui-text-android/1.6.0/ui-text-android-1.6.0.pom to /home/runner/.gradle/.tmp/gradle_download18302209321363090012bin
Downloading https://dl.google.com/dl/android/maven2/androidx/compose/ui/ui-text-android/1.6.0/ui-text-android-1.6.0.module to /home/runner/.gradle/.tmp/gradle_download12423534071516574344bin
Downloading https://dl.google.com/dl/android/maven2/androidx/compose/ui/ui-util-android/1.6.0/ui-util-android-1.6.0.pom to /home/runner/.gradle/.tmp/gradle_download11210871488488137495bin
Downloading https://dl.google.com/dl/android/maven2/androidx/compose/ui/ui-util-android/1.6.0/ui-util-android-1.6.0.module to /home/runner/.gradle/.tmp/gradle_download16522263368988928493bin
Downloading https://dl.google.com/dl/android/maven2/androidx/collection/collection/1.4.0/collection-1.4.0.pom to /home/runner/.gradle/.tmp/gradle_download18329002570665104296bin
Downloading https://dl.google.com/dl/android/maven2/androidx/collection/collection/1.4.0/collection-1.4.0.module to /home/runner/.gradle/.tmp/gradle_download10989481447160166933bin
Downloading https://dl.google.com/dl/android/maven2/androidx/autofill/autofill/1.0.0/autofill-1.0.0.pom to /home/runner/.gradle/.tmp/gradle_download12493916235316205528bin
Downloading https://dl.google.com/dl/android/maven2/androidx/customview/customview-poolingcontainer/1.0.0/customview-poolingcontainer-1.0.0.pom to /home/runner/.gradle/.tmp/gradle_download1471845554211317779bin
Downloading https://dl.google.com/dl/android/maven2/androidx/compose/ui/ui-unit/1.6.0/ui-unit-1.6.0.pom to /home/runner/.gradle/.tmp/gradle_download17387566294521101875bin
Downloading https://dl.google.com/dl/android/maven2/androidx/customview/customview-poolingcontainer/1.0.0/customview-poolingcontainer-1.0.0.module to /home/runner/.gradle/.tmp/gradle_download10058889154807888536bin
Downloading https://dl.google.com/dl/android/maven2/androidx/compose/ui/ui-unit/1.6.0/ui-unit-1.6.0.module to /home/runner/.gradle/.tmp/gradle_download4566798581248161288bin
Downloading https://dl.google.com/dl/android/maven2/androidx/compose/ui/ui-geometry/1.6.0/ui-geometry-1.6.0.pom to /home/runner/.gradle/.tmp/gradle_download3144991211861917325bin
Downloading https://dl.google.com/dl/android/maven2/androidx/compose/ui/ui-geometry/1.6.0/ui-geometry-1.6.0.module to /home/runner/.gradle/.tmp/gradle_download3871600902565554555bin
Downloading https://dl.google.com/dl/android/maven2/androidx/annotation/annotation/1.7.0/annotation-1.7.0.pom to /home/runner/.gradle/.tmp/gradle_download3672100689180904667bin
Downloading https://dl.google.com/dl/android/maven2/androidx/annotation/annotation/1.7.0/annotation-1.7.0.module to /home/runner/.gradle/.tmp/gradle_download9063576869356855831bin
Downloading https://dl.google.com/dl/android/maven2/androidx/compose/ui/ui-tooling-data/1.6.0/ui-tooling-data-1.6.0.pom to /home/runner/.gradle/.tmp/gradle_download13671199225480772148bin
Downloading https://dl.google.com/dl/android/maven2/androidx/compose/ui/ui-tooling-data/1.6.0/ui-tooling-data-1.6.0.module to /home/runner/.gradle/.tmp/gradle_download11509929859437594967bin
Downloading https://dl.google.com/dl/android/maven2/androidx/compose/material/material/1.6.0/material-1.6.0.pom to /home/runner/.gradle/.tmp/gradle_download201821745983705847bin
Downloading https://dl.google.com/dl/android/maven2/androidx/compose/material/material/1.6.0/material-1.6.0.module to /home/runner/.gradle/.tmp/gradle_download1234829124787116445bin
Resource missing. [HTTP GET: https://dl.google.com/dl/android/maven2/io/ktor/ktor-server-host-common-jvm/2.3.7/ktor-server-host-common-jvm-2.3.7.pom]
Downloading https://repo.maven.apache.org/maven2/io/ktor/ktor-server-host-common-jvm/2.3.7/ktor-server-host-common-jvm-2.3.7.pom to /home/runner/.gradle/.tmp/gradle_download14637741931000225278bin
Downloading https://repo.maven.apache.org/maven2/io/ktor/ktor-server-host-common-jvm/2.3.7/ktor-server-host-common-jvm-2.3.7.module to /home/runner/.gradle/.tmp/gradle_download5203840994057152791bin
Cache entries evicted. In-memory cache of /home/runner/work/echoSystem-native2/echoSystem-native2/.gradle/8.2.1/checksums/sha1-checksums.bin: Size{400} MaxSize{400}, CacheStats{hitCount=125, missCount=1023, loadSuccessCount=1001, loadExceptionCount=0, totalLoadTime=235985434, evictionCount=601} 
Performance may suffer from in-memory cache misses. Increase max heap size of Gradle build process to reduce cache misses.
Resource missing. [HTTP GET: https://dl.google.com/dl/android/maven2/io/netty/netty-codec/4.1.101.Final/netty-codec-4.1.101.Final.pom]
Resource missing. [HTTP GET: https://dl.google.com/dl/android/maven2/io/netty/netty-transport/4.1.101.Final/netty-transport-4.1.101.Final.pom]
Resource missing. [HTTP GET: https://dl.google.com/dl/android/maven2/io/netty/netty-common/4.1.101.Final/netty-common-4.1.101.Final.pom]
Resource missing. [HTTP GET: https://dl.google.com/dl/android/maven2/io/netty/netty-buffer/4.1.101.Final/netty-buffer-4.1.101.Final.pom]
Downloading https://repo.maven.apache.org/maven2/io/netty/netty-transport/4.1.101.Final/netty-transport-4.1.101.Final.pom to /home/runner/.gradle/.tmp/gradle_download4197138658239584001bin
Downloading https://repo.maven.apache.org/maven2/io/netty/netty-codec/4.1.101.Final/netty-codec-4.1.101.Final.pom to /home/runner/.gradle/.tmp/gradle_download12603849704493184306bin
Downloading https://repo.maven.apache.org/maven2/io/netty/netty-common/4.1.101.Final/netty-common-4.1.101.Final.pom to /home/runner/.gradle/.tmp/gradle_download401012076040603664bin
Downloading https://repo.maven.apache.org/maven2/io/netty/netty-buffer/4.1.101.Final/netty-buffer-4.1.101.Final.pom to /home/runner/.gradle/.tmp/gradle_download7610742600916794415bin
Resource missing. [HTTP GET: https://dl.google.com/dl/android/maven2/io/netty/netty-codec-http/4.1.101.Final/netty-codec-http-4.1.101.Final.pom]
Resource missing. [HTTP GET: https://dl.google.com/dl/android/maven2/io/netty/netty-handler/4.1.101.Final/netty-handler-4.1.101.Final.pom]
Downloading https://repo.maven.apache.org/maven2/io/netty/netty-codec-http/4.1.101.Final/netty-codec-http-4.1.101.Final.pom to /home/runner/.gradle/.tmp/gradle_download5029403292956354359bin
Downloading https://repo.maven.apache.org/maven2/io/netty/netty-handler/4.1.101.Final/netty-handler-4.1.101.Final.pom to /home/runner/.gradle/.tmp/gradle_download1704003451786916712bin
Resource missing. [HTTP GET: https://dl.google.com/dl/android/maven2/io/netty/netty-transport-native-unix-common/4.1.101.Final/netty-transport-native-unix-common-4.1.101.Final.pom]
Resource missing. [HTTP GET: https://dl.google.com/dl/android/maven2/io/netty/netty-transport-classes-kqueue/4.1.101.Final/netty-transport-classes-kqueue-4.1.101.Final.pom]
Downloading https://repo.maven.apache.org/maven2/io/netty/netty-transport-native-unix-common/4.1.101.Final/netty-transport-native-unix-common-4.1.101.Final.pom to /home/runner/.gradle/.tmp/gradle_download11052266621280627830bin
Downloading https://repo.maven.apache.org/maven2/io/netty/netty-transport-classes-kqueue/4.1.101.Final/netty-transport-classes-kqueue-4.1.101.Final.pom to /home/runner/.gradle/.tmp/gradle_download2121182324384501759bin
Resource missing. [HTTP GET: https://dl.google.com/dl/android/maven2/io/netty/netty-transport-classes-epoll/4.1.101.Final/netty-transport-classes-epoll-4.1.101.Final.pom]
Downloading https://repo.maven.apache.org/maven2/io/netty/netty-transport-classes-epoll/4.1.101.Final/netty-transport-classes-epoll-4.1.101.Final.pom to /home/runner/.gradle/.tmp/gradle_download1771124656008597859bin
Resource missing. [HTTP GET: https://dl.google.com/dl/android/maven2/io/ktor/ktor-utils-jvm/2.3.7/ktor-utils-jvm-2.3.7.pom]
Downloading https://repo.maven.apache.org/maven2/io/ktor/ktor-utils-jvm/2.3.7/ktor-utils-jvm-2.3.7.pom to /home/runner/.gradle/.tmp/gradle_download275612727327160054bin
Downloading https://repo.maven.apache.org/maven2/io/ktor/ktor-utils-jvm/2.3.7/ktor-utils-jvm-2.3.7.module to /home/runner/.gradle/.tmp/gradle_download8664041476434849299bin
Resource missing. [HTTP GET: https://dl.google.com/dl/android/maven2/io/ktor/ktor-http-jvm/2.3.7/ktor-http-jvm-2.3.7.pom]
Downloading https://repo.maven.apache.org/maven2/io/ktor/ktor-http-jvm/2.3.7/ktor-http-jvm-2.3.7.pom to /home/runner/.gradle/.tmp/gradle_download5481245782917523932bin
Cache entries evicted. In-memory cache of /home/runner/work/echoSystem-native2/echoSystem-native2/.gradle/8.2.1/checksums/md5-checksums.bin: Size{400} MaxSize{400}, CacheStats{hitCount=12, missCount=577, loadSuccessCount=561, loadExceptionCount=0, totalLoadTime=105214549, evictionCount=161} 
Performance may suffer from in-memory cache misses. Increase max heap size of Gradle build process to reduce cache misses.
Downloading https://repo.maven.apache.org/maven2/io/ktor/ktor-http-jvm/2.3.7/ktor-http-jvm-2.3.7.module to /home/runner/.gradle/.tmp/gradle_download11265669342129354989bin
Resource missing. [HTTP GET: https://dl.google.com/dl/android/maven2/io/ktor/ktor-serialization-jvm/2.3.7/ktor-serialization-jvm-2.3.7.pom]
Downloading https://repo.maven.apache.org/maven2/io/ktor/ktor-serialization-jvm/2.3.7/ktor-serialization-jvm-2.3.7.pom to /home/runner/.gradle/.tmp/gradle_download3067192307301573003bin
Downloading https://repo.maven.apache.org/maven2/io/ktor/ktor-serialization-jvm/2.3.7/ktor-serialization-jvm-2.3.7.module to /home/runner/.gradle/.tmp/gradle_download3534476267762300355bin
Resource missing. [HTTP GET: https://dl.google.com/dl/android/maven2/io/ktor/ktor-events-jvm/2.3.7/ktor-events-jvm-2.3.7.pom]
Downloading https://repo.maven.apache.org/maven2/io/ktor/ktor-events-jvm/2.3.7/ktor-events-jvm-2.3.7.pom to /home/runner/.gradle/.tmp/gradle_download3210971884792175001bin
Downloading https://repo.maven.apache.org/maven2/io/ktor/ktor-events-jvm/2.3.7/ktor-events-jvm-2.3.7.module to /home/runner/.gradle/.tmp/gradle_download4258389822031116563bin
Resource missing. [HTTP GET: https://dl.google.com/dl/android/maven2/io/ktor/ktor-websockets-jvm/2.3.7/ktor-websockets-jvm-2.3.7.pom]
Downloading https://repo.maven.apache.org/maven2/io/ktor/ktor-websockets-jvm/2.3.7/ktor-websockets-jvm-2.3.7.pom to /home/runner/.gradle/.tmp/gradle_download4227141806882254720bin
Downloading https://repo.maven.apache.org/maven2/io/ktor/ktor-websockets-jvm/2.3.7/ktor-websockets-jvm-2.3.7.module to /home/runner/.gradle/.tmp/gradle_download13184068631360040371bin
Resource missing. [HTTP GET: https://dl.google.com/dl/android/maven2/io/ktor/ktor-websocket-serialization-jvm/2.3.7/ktor-websocket-serialization-jvm-2.3.7.pom]
Downloading https://repo.maven.apache.org/maven2/io/ktor/ktor-websocket-serialization-jvm/2.3.7/ktor-websocket-serialization-jvm-2.3.7.pom to /home/runner/.gradle/.tmp/gradle_download12385707783112973593bin
Downloading https://repo.maven.apache.org/maven2/io/ktor/ktor-websocket-serialization-jvm/2.3.7/ktor-websocket-serialization-jvm-2.3.7.module to /home/runner/.gradle/.tmp/gradle_download17242693177925536703bin
Resource missing. [HTTP GET: https://dl.google.com/dl/android/maven2/io/ktor/ktor-serialization-kotlinx-jvm/2.3.7/ktor-serialization-kotlinx-jvm-2.3.7.pom]
Downloading https://repo.maven.apache.org/maven2/io/ktor/ktor-serialization-kotlinx-jvm/2.3.7/ktor-serialization-kotlinx-jvm-2.3.7.pom to /home/runner/.gradle/.tmp/gradle_download13691401444513531752bin
Downloading https://repo.maven.apache.org/maven2/io/ktor/ktor-serialization-kotlinx-jvm/2.3.7/ktor-serialization-kotlinx-jvm-2.3.7.module to /home/runner/.gradle/.tmp/gradle_download16568808061696741812bin
Resource missing. [HTTP GET: https://dl.google.com/dl/android/maven2/io/ktor/ktor-server-conditional-headers-jvm/2.3.7/ktor-server-conditional-headers-jvm-2.3.7.pom]
Downloading https://repo.maven.apache.org/maven2/io/ktor/ktor-server-conditional-headers-jvm/2.3.7/ktor-server-conditional-headers-jvm-2.3.7.pom to /home/runner/.gradle/.tmp/gradle_download4961394880774112478bin
Downloading https://repo.maven.apache.org/maven2/io/ktor/ktor-server-conditional-headers-jvm/2.3.7/ktor-server-conditional-headers-jvm-2.3.7.module to /home/runner/.gradle/.tmp/gradle_download12020340619912196515bin
Resource missing. [HTTP GET: https://dl.google.com/dl/android/maven2/io/ktor/ktor-network-tls-jvm/2.3.7/ktor-network-tls-jvm-2.3.7.pom]
Downloading https://repo.maven.apache.org/maven2/io/ktor/ktor-network-tls-jvm/2.3.7/ktor-network-tls-jvm-2.3.7.pom to /home/runner/.gradle/.tmp/gradle_download13855632233789344531bin
Downloading https://repo.maven.apache.org/maven2/io/ktor/ktor-network-tls-jvm/2.3.7/ktor-network-tls-jvm-2.3.7.module to /home/runner/.gradle/.tmp/gradle_download12910479660645350305bin
Resource missing. [HTTP GET: https://dl.google.com/dl/android/maven2/io/ktor/ktor-client-core-jvm/2.3.7/ktor-client-core-jvm-2.3.7.pom]
Downloading https://repo.maven.apache.org/maven2/io/ktor/ktor-client-core-jvm/2.3.7/ktor-client-core-jvm-2.3.7.pom to /home/runner/.gradle/.tmp/gradle_download11205428608555513456bin
Downloading https://repo.maven.apache.org/maven2/io/ktor/ktor-client-core-jvm/2.3.7/ktor-client-core-jvm-2.3.7.module to /home/runner/.gradle/.tmp/gradle_download17272022747236508150bin
Resource missing. [HTTP GET: https://dl.google.com/dl/android/maven2/org/jetbrains/kotlinx/kotlinx-serialization-core-jvm/1.6.2/kotlinx-serialization-core-jvm-1.6.2.pom]
Downloading https://repo.maven.apache.org/maven2/org/jetbrains/kotlinx/kotlinx-serialization-core-jvm/1.6.2/kotlinx-serialization-core-jvm-1.6.2.pom to /home/runner/.gradle/.tmp/gradle_download8240962736174101109bin
Downloading https://repo.maven.apache.org/maven2/org/jetbrains/kotlinx/kotlinx-serialization-core-jvm/1.6.2/kotlinx-serialization-core-jvm-1.6.2.module to /home/runner/.gradle/.tmp/gradle_download5194666459602260999bin
Resource missing. [HTTP GET: https://dl.google.com/dl/android/maven2/org/jetbrains/annotations/23.0.0/annotations-23.0.0.pom]
Downloading https://repo.maven.apache.org/maven2/org/jetbrains/annotations/23.0.0/annotations-23.0.0.pom to /home/runner/.gradle/.tmp/gradle_download888429743685544778bin
Downloading https://dl.google.com/dl/android/maven2/androidx/tracing/tracing/1.0.0/tracing-1.0.0.pom to /home/runner/.gradle/.tmp/gradle_download14583175017043015046bin
Downloading https://dl.google.com/dl/android/maven2/androidx/tracing/tracing/1.0.0/tracing-1.0.0.module to /home/runner/.gradle/.tmp/gradle_download6983337216785689622bin
Downloading https://dl.google.com/dl/android/maven2/androidx/concurrent/concurrent-futures/1.1.0/concurrent-futures-1.1.0.pom to /home/runner/.gradle/.tmp/gradle_download453168136762353982bin
Downloading https://dl.google.com/dl/android/maven2/androidx/concurrent/concurrent-futures/1.1.0/concurrent-futures-1.1.0.module to /home/runner/.gradle/.tmp/gradle_download5990798890182057459bin
Cache entries evicted. In-memory cache of /home/runner/work/echoSystem-native2/echoSystem-native2/.gradle/8.2.1/checksums/sha1-checksums.bin: Size{400} MaxSize{400}, CacheStats{hitCount=144, missCount=1063, loadSuccessCount=1041, loadExceptionCount=0, totalLoadTime=240291217, evictionCount=641} 
Performance may suffer from in-memory cache misses. Increase max heap size of Gradle build process to reduce cache misses.
Downloading https://dl.google.com/dl/android/maven2/androidx/startup/startup-runtime/1.1.1/startup-runtime-1.1.1.pom to /home/runner/.gradle/.tmp/gradle_download14400845273520847459bin
Downloading https://dl.google.com/dl/android/maven2/androidx/startup/startup-runtime/1.1.1/startup-runtime-1.1.1.module to /home/runner/.gradle/.tmp/gradle_download14070285636631631220bin
Resource missing. [HTTP GET: https://dl.google.com/dl/android/maven2/com/google/guava/listenablefuture/1.0/listenablefuture-1.0.pom]
Downloading https://repo.maven.apache.org/maven2/com/google/guava/listenablefuture/1.0/listenablefuture-1.0.pom to /home/runner/.gradle/.tmp/gradle_download13742213923149197324bin
Downloading https://dl.google.com/dl/android/maven2/androidx/navigation/navigation-common/2.7.6/navigation-common-2.7.6.pom to /home/runner/.gradle/.tmp/gradle_download4283465632800904361bin
Downloading https://dl.google.com/dl/android/maven2/androidx/navigation/navigation-common/2.7.6/navigation-common-2.7.6.module to /home/runner/.gradle/.tmp/gradle_download13217407119817331650bin
Downloading https://dl.google.com/dl/android/maven2/androidx/lifecycle/lifecycle-livedata/2.7.0/lifecycle-livedata-2.7.0.pom to /home/runner/.gradle/.tmp/gradle_download11828570116719302369bin
Downloading https://dl.google.com/dl/android/maven2/androidx/lifecycle/lifecycle-livedata/2.7.0/lifecycle-livedata-2.7.0.module to /home/runner/.gradle/.tmp/gradle_download13911094543256871542bin
Downloading https://dl.google.com/dl/android/maven2/androidx/emoji2/emoji2/1.3.0/emoji2-1.3.0.pom to /home/runner/.gradle/.tmp/gradle_download2944649207794508528bin
Downloading https://dl.google.com/dl/android/maven2/androidx/emoji2/emoji2/1.3.0/emoji2-1.3.0.module to /home/runner/.gradle/.tmp/gradle_download12885177200247433708bin
Downloading https://dl.google.com/dl/android/maven2/androidx/collection/collection-jvm/1.4.0/collection-jvm-1.4.0.pom to /home/runner/.gradle/.tmp/gradle_download8719113380646912580bin
Downloading https://dl.google.com/dl/android/maven2/androidx/collection/collection-jvm/1.4.0/collection-jvm-1.4.0.module to /home/runner/.gradle/.tmp/gradle_download6339662987776245827bin
Downloading https://dl.google.com/dl/android/maven2/androidx/compose/ui/ui-geometry-android/1.6.0/ui-geometry-android-1.6.0.pom to /home/runner/.gradle/.tmp/gradle_download3255188479388619497bin
Downloading https://dl.google.com/dl/android/maven2/androidx/compose/ui/ui-geometry-android/1.6.0/ui-geometry-android-1.6.0.module to /home/runner/.gradle/.tmp/gradle_download17787144736004314966bin
Downloading https://dl.google.com/dl/android/maven2/androidx/compose/ui/ui-unit-android/1.6.0/ui-unit-android-1.6.0.pom to /home/runner/.gradle/.tmp/gradle_download7774352655697314812bin
Downloading https://dl.google.com/dl/android/maven2/androidx/compose/ui/ui-unit-android/1.6.0/ui-unit-android-1.6.0.module to /home/runner/.gradle/.tmp/gradle_download8067109848000544811bin
Downloading https://dl.google.com/dl/android/maven2/androidx/annotation/annotation-jvm/1.7.0/annotation-jvm-1.7.0.pom to /home/runner/.gradle/.tmp/gradle_download11187561443940541945bin
Cache entries evicted. In-memory cache of /home/runner/work/echoSystem-native2/echoSystem-native2/.gradle/8.2.1/checksums/md5-checksums.bin: Size{400} MaxSize{400}, CacheStats{hitCount=13, missCount=618, loadSuccessCount=601, loadExceptionCount=0, totalLoadTime=107804118, evictionCount=201} 
Performance may suffer from in-memory cache misses. Increase max heap size of Gradle build process to reduce cache misses.
Downloading https://dl.google.com/dl/android/maven2/androidx/annotation/annotation-jvm/1.7.0/annotation-jvm-1.7.0.module to /home/runner/.gradle/.tmp/gradle_download16938204407088884425bin
Downloading https://dl.google.com/dl/android/maven2/androidx/compose/ui/ui-tooling-data-android/1.6.0/ui-tooling-data-android-1.6.0.pom to /home/runner/.gradle/.tmp/gradle_download9142979711393469582bin
Downloading https://dl.google.com/dl/android/maven2/androidx/compose/ui/ui-tooling-data-android/1.6.0/ui-tooling-data-android-1.6.0.module to /home/runner/.gradle/.tmp/gradle_download5670225975053100087bin
Downloading https://dl.google.com/dl/android/maven2/androidx/compose/material/material-android/1.6.0/material-android-1.6.0.pom to /home/runner/.gradle/.tmp/gradle_download11365895039165550178bin
Cache entries evicted. In-memory cache of /home/runner/work/echoSystem-native2/echoSystem-native2/.gradle/8.2.1/checksums/sha1-checksums.bin: Size{400} MaxSize{400}, CacheStats{hitCount=145, missCount=1105, loadSuccessCount=1081, loadExceptionCount=0, totalLoadTime=245680293, evictionCount=681} 
Performance may suffer from in-memory cache misses. Increase max heap size of Gradle build process to reduce cache misses.
Downloading https://dl.google.com/dl/android/maven2/androidx/compose/material/material-android/1.6.0/material-android-1.6.0.module to /home/runner/.gradle/.tmp/gradle_download1071298588406364927bin
Resource missing. [HTTP GET: https://dl.google.com/dl/android/maven2/io/ktor/ktor-http-cio/2.3.7/ktor-http-cio-2.3.7.pom]
Downloading https://repo.maven.apache.org/maven2/io/ktor/ktor-http-cio/2.3.7/ktor-http-cio-2.3.7.pom to /home/runner/.gradle/.tmp/gradle_download8500280340904892173bin
Downloading https://repo.maven.apache.org/maven2/io/ktor/ktor-http-cio/2.3.7/ktor-http-cio-2.3.7.module to /home/runner/.gradle/.tmp/gradle_download9643558828830158352bin
Resource missing. [HTTP GET: https://dl.google.com/dl/android/maven2/io/netty/netty-resolver/4.1.101.Final/netty-resolver-4.1.101.Final.pom]
Downloading https://repo.maven.apache.org/maven2/io/netty/netty-resolver/4.1.101.Final/netty-resolver-4.1.101.Final.pom to /home/runner/.gradle/.tmp/gradle_download2427547252358964696bin
Resource missing. [HTTP GET: https://dl.google.com/dl/android/maven2/io/ktor/ktor-io/2.3.7/ktor-io-2.3.7.pom]
Downloading https://repo.maven.apache.org/maven2/io/ktor/ktor-io/2.3.7/ktor-io-2.3.7.pom to /home/runner/.gradle/.tmp/gradle_download14371741119315222355bin
Downloading https://repo.maven.apache.org/maven2/io/ktor/ktor-io/2.3.7/ktor-io-2.3.7.module to /home/runner/.gradle/.tmp/gradle_download4028168130942046471bin
Resource missing. [HTTP GET: https://dl.google.com/dl/android/maven2/io/ktor/ktor-network/2.3.7/ktor-network-2.3.7.pom]
Downloading https://repo.maven.apache.org/maven2/io/ktor/ktor-network/2.3.7/ktor-network-2.3.7.pom to /home/runner/.gradle/.tmp/gradle_download16959803433231008466bin
Downloading https://repo.maven.apache.org/maven2/io/ktor/ktor-network/2.3.7/ktor-network-2.3.7.module to /home/runner/.gradle/.tmp/gradle_download7131766008988698550bin
Resource missing. [HTTP GET: https://dl.google.com/dl/android/maven2/org/jetbrains/kotlinx/kotlinx-coroutines-slf4j/1.7.3/kotlinx-coroutines-slf4j-1.7.3.pom]
Downloading https://repo.maven.apache.org/maven2/org/jetbrains/kotlinx/kotlinx-coroutines-slf4j/1.7.3/kotlinx-coroutines-slf4j-1.7.3.pom to /home/runner/.gradle/.tmp/gradle_download11905458498840529539bin
Downloading https://repo.maven.apache.org/maven2/org/jetbrains/kotlinx/kotlinx-coroutines-slf4j/1.7.3/kotlinx-coroutines-slf4j-1.7.3.module to /home/runner/.gradle/.tmp/gradle_download6026460781339690591bin
Downloading https://dl.google.com/dl/android/maven2/androidx/collection/collection-ktx/1.1.0/collection-ktx-1.1.0.pom to /home/runner/.gradle/.tmp/gradle_download1742067625957639952bin
Downloading https://dl.google.com/dl/android/maven2/androidx/lifecycle/lifecycle-livedata-core-ktx/2.7.0/lifecycle-livedata-core-ktx-2.7.0.pom to /home/runner/.gradle/.tmp/gradle_download14519535000096619777bin
Downloading https://dl.google.com/dl/android/maven2/androidx/lifecycle/lifecycle-livedata-core-ktx/2.7.0/lifecycle-livedata-core-ktx-2.7.0.module to /home/runner/.gradle/.tmp/gradle_download5496818913843982108bin
Downloading https://dl.google.com/dl/android/maven2/androidx/emoji2/emoji2-views-helper/1.3.0/emoji2-views-helper-1.3.0.pom to /home/runner/.gradle/.tmp/gradle_download3368043725488786445bin
Downloading https://dl.google.com/dl/android/maven2/androidx/emoji2/emoji2-views-helper/1.3.0/emoji2-views-helper-1.3.0.module to /home/runner/.gradle/.tmp/gradle_download6819016278160447000bin
Downloading https://dl.google.com/dl/android/maven2/androidx/collection/collection-ktx/1.4.0/collection-ktx-1.4.0.pom to /home/runner/.gradle/.tmp/gradle_download15918911636035859453bin
Downloading https://dl.google.com/dl/android/maven2/androidx/collection/collection-ktx/1.4.0/collection-ktx-1.4.0.module to /home/runner/.gradle/.tmp/gradle_download14447533572283489575bin
Resource missing. [HTTP GET: https://dl.google.com/dl/android/maven2/io/ktor/ktor-http-cio-jvm/2.3.7/ktor-http-cio-jvm-2.3.7.pom]
Downloading https://repo.maven.apache.org/maven2/io/ktor/ktor-http-cio-jvm/2.3.7/ktor-http-cio-jvm-2.3.7.pom to /home/runner/.gradle/.tmp/gradle_download6808953486959847126bin
Downloading https://repo.maven.apache.org/maven2/io/ktor/ktor-http-cio-jvm/2.3.7/ktor-http-cio-jvm-2.3.7.module to /home/runner/.gradle/.tmp/gradle_download12016930465063673458bin
Resource missing. [HTTP GET: https://dl.google.com/dl/android/maven2/io/ktor/ktor-io-jvm/2.3.7/ktor-io-jvm-2.3.7.pom]
Downloading https://repo.maven.apache.org/maven2/io/ktor/ktor-io-jvm/2.3.7/ktor-io-jvm-2.3.7.pom to /home/runner/.gradle/.tmp/gradle_download11440231953170397323bin
Downloading https://repo.maven.apache.org/maven2/io/ktor/ktor-io-jvm/2.3.7/ktor-io-jvm-2.3.7.module to /home/runner/.gradle/.tmp/gradle_download6571723655818803518bin
Resource missing. [HTTP GET: https://dl.google.com/dl/android/maven2/io/ktor/ktor-network-jvm/2.3.7/ktor-network-jvm-2.3.7.pom]
Downloading https://repo.maven.apache.org/maven2/io/ktor/ktor-network-jvm/2.3.7/ktor-network-jvm-2.3.7.pom to /home/runner/.gradle/.tmp/gradle_download961093331874408824bin
Downloading https://repo.maven.apache.org/maven2/io/ktor/ktor-network-jvm/2.3.7/ktor-network-jvm-2.3.7.module to /home/runner/.gradle/.tmp/gradle_download5128185817114868518bin

> Task :app:checkDebugAarMetadata FAILED
3 actionable tasks: 3 executed
